09-02 12:51:00.025  1484  1729 I chatty  : uid=1000(system) MountService expire 1 line
09-02 12:51:00.025  1484  1505 I chatty  : uid=1000(system) Binder:1484_1 expire 1 line
09-02 12:51:00.027   438   446 E vold    : Failed to readlink for /proc/14899/ns/mnt
09-02 12:51:00.028  1484  1730 I chatty  : uid=1000(system) VoldConnector expire 1 line
09-02 12:51:09.922   544   544 I chatty  : uid=1000(system) /system/bin/surfaceflinger expire 6 lines
09-02 12:51:14.979   544   595 I chatty  : uid=1000(system) EventThread expire 4 lines
09-02 12:51:19.122  1484  1719 I chatty  : uid=1000(system) UEventObserver expire 1 line
09-02 12:51:19.124  1484  2420 I chatty  : uid=1000(system) Binder:1484_9 expire 2 lines
09-02 12:51:19.131  1484  1546 I chatty  : uid=1000(system) batterystats-sy expire 3 lines
09-02 12:51:24.909   544   544 I chatty  : uid=1000(system) /system/bin/surfaceflinger expire 8 lines
09-02 12:51:34.962   544   595 I chatty  : uid=1000(system) EventThread expire 4 lines
09-02 12:51:40.724  1484  1723 I chatty  : uid=1000(system) Binder:1484_3 expire 1 line
09-02 12:51:40.743  1484  1828 I chatty  : uid=1000(system) Binder:1484_4 expire 1 line
09-02 12:51:44.927   544   544 I chatty  : uid=1000(system) /system/bin/surfaceflinger expire 6 lines
09-02 12:51:54.962   544   595 I chatty  : uid=1000(system) EventThread expire 2 lines
09-02 12:51:59.930   544   544 I chatty  : uid=1000(system) /system/bin/surfaceflinger expire 6 lines
09-02 12:52:04.971   544   595 I chatty  : uid=1000(system) EventThread expire 2 lines
09-02 12:52:06.578  1484  2460 I chatty  : uid=1000(system) Binder:1484_E expire 3 lines
09-02 12:52:06.645  1484  1540 I chatty  : uid=1000(system) ActivityManager expire 4 lines
09-02 12:52:06.652  1484  1484 I chatty  : uid=1000 system_server expire 12 lines
09-02 12:52:06.688  1484  1579 I chatty  : uid=1000(system) android.display expire 7 lines
09-02 12:52:07.801  1484  2425 I chatty  : uid=1000(system) Binder:1484_B expire 3 lines
09-02 12:52:07.823  1484  2496 I chatty  : uid=1000(system) Binder:1484_13 expire 3 lines
09-02 12:52:07.911  1484  2521 I chatty  : uid=1000(system) Binder:1484_16 expire 2 lines
09-02 12:52:07.912  1484  2516 I chatty  : uid=1000(system) Binder:1484_15 expire 1 line
09-02 12:52:07.912  1484  2478 I chatty  : uid=1000(system) Binder:1484_10 expire 2 lines
09-02 12:52:07.913  1484  1744 I chatty  : uid=1000(system) ConnectivitySer expire 3 lines
09-02 12:52:07.913  1484  1506 I chatty  : uid=1000(system) Binder:1484_2 expire 2 lines
09-02 12:52:15.857  1484  1603 I chatty  : uid=1000(system) PackageManager expire 8 lines
09-02 12:52:18.851 22264 22264 W ContextImpl: Calling a method in the system process without a qualified user: android.app.ContextImpl.startService:1357 android.content.ContextWrapper.startService:613 android.content.ContextWrapper.startService:613 com.android.keychain.KeyChainBroadcastReceiver.onReceive:12 android.app.ActivityThread.handleReceiver:3032 
09-02 12:52:18.885  1484  2515 I chatty  : uid=1000(system) Binder:1484_14 expire 1 line
09-02 12:52:19.121  1484  2420 I chatty  : uid=1000(system) Binder:1484_9 expire 1 line
09-02 12:52:19.185  1484  1828 I chatty  : uid=1000(system) Binder:1484_4 expire 2 lines
09-02 12:52:19.272  1484  1719 I chatty  : uid=1000(system) UEventObserver expire 2 lines
09-02 12:52:19.387  1484  1997 I chatty  : uid=1000(system) Binder:1484_7 expire 2 lines
09-02 12:52:19.957  1484  2417 I chatty  : uid=1000(system) Binder:1484_8 expire 2 lines
09-02 12:52:20.823   544   544 I chatty  : uid=1000(system) /system/bin/surfaceflinger expire 4 lines
09-02 12:52:23.151  1484  2446 I chatty  : uid=1000(system) Binder:1484_D expire 4 lines
09-02 12:52:23.428  1484  1991 I chatty  : uid=1000(system) Binder:1484_5 expire 4 lines
09-02 12:52:23.433   544   595 I chatty  : uid=1000(system) EventThread expire 4 lines
09-02 12:52:23.773  1484  2475 I chatty  : uid=1000(system) Binder:1484_F expire 4 lines
09-02 12:52:23.775  1484  1996 I chatty  : uid=1000(system) Binder:1484_6 expire 2 lines
09-02 12:52:23.777  1484  1505 I chatty  : uid=1000(system) Binder:1484_1 expire 2 lines
09-02 12:52:23.780  1484  2496 I chatty  : uid=1000(system) Binder:1484_13 expire 2 lines
09-02 12:52:23.781  1484  1997 I chatty  : uid=1000(system) Binder:1484_7 expire 1 line
09-02 12:52:23.783  1484  2421 I chatty  : uid=1000(system) Binder:1484_A expire 3 lines
09-02 12:52:23.785  1484  2478 I chatty  : uid=1000(system) Binder:1484_10 expire 1 line
09-02 12:52:23.787  1484  1723 I chatty  : uid=1000(system) Binder:1484_3 expire 4 lines
09-02 12:52:23.789  1484  2492 I chatty  : uid=1000(system) Binder:1484_11 expire 5 lines
09-02 12:52:23.790  1484  2425 I chatty  : uid=1000(system) Binder:1484_B expire 6 lines
09-02 12:52:23.792  1484  2445 I chatty  : uid=1000(system) Binder:1484_C expire 2 lines
09-02 12:52:23.987  1484  1579 I chatty  : uid=1000(system) android.display expire 9 lines
09-02 12:52:24.329  1484  1484 I chatty  : uid=1000 system_server expire 24 lines
09-02 12:52:24.496  1484  1927 I chatty  : uid=1000(system) FLP Service Cal expire 1 line
09-02 12:52:25.009  1484  2420 I chatty  : uid=1000(system) Binder:1484_9 expire 1 line
09-02 12:52:25.015  1484  2516 I chatty  : uid=1000(system) Binder:1484_15 expire 1 line
09-02 12:52:25.016  1484  1828 I chatty  : uid=1000(system) Binder:1484_4 expire 1 line
09-02 12:52:25.018  1484  2460 I chatty  : uid=1000(system) Binder:1484_E expire 5 lines
09-02 12:52:25.021  1484  1506 I chatty  : uid=1000(system) Binder:1484_2 expire 5 lines
09-02 12:52:25.027  1484  2515 I chatty  : uid=1000(system) Binder:1484_14 expire 3 lines
09-02 12:52:43.136   544   544 I chatty  : uid=1000(system) /system/bin/surfaceflinger expire 6 lines
09-02 12:52:43.141  1484  1540 I chatty  : uid=1000(system) ActivityManager expire 3 lines
09-02 12:52:44.229  1484  2521 I chatty  : uid=1000(system) Binder:1484_16 expire 4 lines
09-02 12:52:44.230  1484  1744 I chatty  : uid=1000(system) ConnectivitySer expire 3 lines
09-02 12:52:44.232  1484  2446 I chatty  : uid=1000(system) Binder:1484_D expire 1 line
09-02 12:53:04.980  1484  1603 I chatty  : uid=1000(system) PackageManager expire 7 lines
09-02 12:53:05.655 22264 22264 W ContextImpl: Calling a method in the system process without a qualified user: android.app.ContextImpl.startService:1357 android.content.ContextWrapper.startService:613 android.content.ContextWrapper.startService:613 com.android.keychain.KeyChainBroadcastReceiver.onReceive:12 android.app.ActivityThread.handleReceiver:3032 
09-02 12:53:15.032  1484  1997 I chatty  : uid=1000(system) Binder:1484_7 expire 3 lines
09-02 12:53:15.047   544   595 I chatty  : uid=1000(system) EventThread expire 6 lines
09-02 12:53:15.377  1484  2417 I chatty  : uid=1000(system) Binder:1484_8 expire 2 lines
09-02 12:53:15.381  1484  2494 I chatty  : uid=1000(system) Binder:1484_12 expire 3 lines
09-02 12:53:15.385  1484  2445 I chatty  : uid=1000(system) Binder:1484_C expire 1 line
09-02 12:53:15.392  1484  2478 I chatty  : uid=1000(system) Binder:1484_10 expire 3 lines
09-02 12:53:15.393  1484  2496 I chatty  : uid=1000(system) Binder:1484_13 expire 1 line
09-02 12:53:15.980  1484  1828 I chatty  : uid=1000(system) Binder:1484_4 expire 1 line
09-02 12:53:16.128  1484  1927 I chatty  : uid=1000(system) FLP Service Cal expire 1 line
09-02 12:53:16.658  1484  1505 I chatty  : uid=1000(system) Binder:1484_1 expire 2 lines
09-02 12:53:16.663  1484  2420 I chatty  : uid=1000(system) Binder:1484_9 expire 1 line
09-02 12:53:19.440  1484  1719 I chatty  : uid=1000(system) UEventObserver expire 1 line
09-02 12:53:19.442  1484  2492 I chatty  : uid=1000(system) Binder:1484_11 expire 1 line
09-02 12:53:21.297  1484  2421 I chatty  : uid=1000(system) Binder:1484_A expire 1 line
09-02 12:53:41.909  1484  1991 I chatty  : uid=1000(system) Binder:1484_5 expire 2 lines
09-02 12:53:41.984   544   544 I chatty  : uid=1000(system) /system/bin/surfaceflinger expire 2 lines
09-02 12:53:41.998  1484  1540 I chatty  : uid=1000(system) ActivityManager expire 1 line
09-02 12:53:42.008  1484  1484 I chatty  : uid=1000 system_server expire 1 line
09-02 12:53:42.042  1484  1579 I chatty  : uid=1000(system) android.display expire 2 lines
09-02 12:53:42.967   544   595 I chatty  : uid=1000(system) EventThread expire 2 lines
09-02 12:53:43.881  1484  2475 I chatty  : uid=1000(system) Binder:1484_F expire 1 line
09-02 12:53:43.911  1484  1828 I chatty  : uid=1000(system) Binder:1484_4 expire 5 lines
09-02 12:53:43.921   544   544 I chatty  : uid=1000(system) /system/bin/surfaceflinger expire 6 lines
09-02 12:53:43.964  1484  1579 I chatty  : uid=1000(system) android.display expire 8 lines
09-02 12:53:44.041  1484  2425 I chatty  : uid=1000(system) Binder:1484_B expire 4 lines
09-02 12:53:44.041  1484  1505 I chatty  : uid=1000(system) Binder:1484_1 expire 8 lines
09-02 12:53:44.041  1484  1996 I chatty  : uid=1000(system) Binder:1484_6 expire 7 lines
09-02 12:53:44.041  1484  2446 I chatty  : uid=1000(system) Binder:1484_D expire 1 line
09-02 12:53:44.043  1484  2417 I chatty  : uid=1000(system) Binder:1484_8 expire 3 lines
09-02 12:53:44.044  1484  1744 I chatty  : uid=1000(system) ConnectivitySer expire 3 lines
09-02 12:54:19.485  1484  2496 I chatty  : uid=1000(system) Binder:1484_13 expire 5 lines
09-02 12:54:19.489  1484  1546 I chatty  : uid=1000(system) batterystats-sy expire 6 lines
09-02 12:54:19.552  1484  1540 I chatty  : uid=1000(system) ActivityManager expire 4 lines
09-02 12:54:19.592  1484  1719 I chatty  : uid=1000(system) UEventObserver expire 5 lines
09-02 12:54:19.597  1484  2492 I chatty  : uid=1000(system) Binder:1484_11 expire 2 lines
09-02 12:55:11.360  1484  1603 I chatty  : uid=1000(system) PackageManager expire 7 lines
09-02 12:55:12.006 22264 22264 W ContextImpl: Calling a method in the system process without a qualified user: android.app.ContextImpl.startService:1357 android.content.ContextWrapper.startService:613 android.content.ContextWrapper.startService:613 com.android.keychain.KeyChainBroadcastReceiver.onReceive:12 android.app.ActivityThread.handleReceiver:3032 
09-02 12:55:13.275  1484  1484 I chatty  : uid=1000 system_server expire 17 lines
09-02 12:55:15.551  1484  1723 I chatty  : uid=1000(system) Binder:1484_3 expire 2 lines
09-02 12:55:16.791  1484  2460 I chatty  : uid=1000(system) Binder:1484_E expire 5 lines
09-02 12:55:17.040  1484  2516 I chatty  : uid=1000(system) Binder:1484_15 expire 2 lines
09-02 12:55:17.411  1484  2445 I chatty  : uid=1000(system) Binder:1484_C expire 3 lines
09-02 12:55:17.413  1484  1997 I chatty  : uid=1000(system) Binder:1484_7 expire 3 lines
09-02 12:55:17.415  1484  2421 I chatty  : uid=1000(system) Binder:1484_A expire 1 line
09-02 12:55:17.426  1484  2420 I chatty  : uid=1000(system) Binder:1484_9 expire 2 lines
09-02 12:55:18.073   544   595 I chatty  : uid=1000(system) EventThread expire 24 lines
09-02 12:55:18.139  1484  1927 I chatty  : uid=1000(system) FLP Service Cal expire 1 line
09-02 12:55:18.671  1484  1991 I chatty  : uid=1000(system) Binder:1484_5 expire 1 line
09-02 12:55:18.675  1484  2521 I chatty  : uid=1000(system) Binder:1484_16 expire 4 lines
09-02 12:55:18.678  1484  2475 I chatty  : uid=1000(system) Binder:1484_F expire 2 lines
09-02 12:56:38.301  1484  2515 I chatty  : uid=1000(system) Binder:1484_14 expire 2 lines
09-02 12:57:20.076  1484  2478 I chatty  : uid=1000(system) Binder:1484_10 expire 2 lines
09-02 12:57:27.280  1484  1506 I chatty  : uid=1000(system) Binder:1484_2 expire 1 line
09-02 12:57:43.798  1808  1808 V DeadZone: consuming errant click: (851.0,30.0)
09-02 12:57:44.929   544   544 I chatty  : uid=1000(system) /system/bin/surfaceflinger expire 2 lines
09-02 12:57:44.931  1484  1484 I chatty  : uid=1000 system_server expire 1 line
09-02 12:57:46.257  1484  2446 I chatty  : uid=1000(system) Binder:1484_D expire 1 line
09-02 12:57:46.286  1484  2445 I chatty  : uid=1000(system) Binder:1484_C expire 1 line
09-02 12:57:46.339  1484  1579 I chatty  : uid=1000(system) android.display expire 2 lines
09-02 12:57:46.472  1484  2420 I chatty  : uid=1000(system) Binder:1484_9 expire 1 line
09-02 12:57:46.472  1484  2494 I chatty  : uid=1000(system) Binder:1484_12 expire 1 line
09-02 12:57:46.472  1484  2460 I chatty  : uid=1000(system) Binder:1484_E expire 1 line
09-02 12:57:46.472  1484  1997 I chatty  : uid=1000(system) Binder:1484_7 expire 5 lines
09-02 12:57:46.474  1484  1744 I chatty  : uid=1000(system) ConnectivitySer expire 6 lines
09-02 12:57:46.630   544   597 I chatty  : uid=1000(system) EventThread expire 1 line
09-02 12:57:46.831   544   595 I chatty  : uid=1000(system) EventThread expire 1 line
09-02 12:57:46.952   544   544 I chatty  : uid=1000(system) /system/bin/surfaceflinger expire 6 lines
09-02 12:58:20.080  1484  2475 I chatty  : uid=1000(system) Binder:1484_F expire 5 lines
09-02 12:58:20.238  1484  1719 I chatty  : uid=1000(system) UEventObserver expire 7 lines
09-02 12:58:20.239  1484  2494 I chatty  : uid=1000(system) Binder:1484_12 expire 4 lines
09-02 12:58:38.929  1484  2421 I chatty  : uid=1000(system) Binder:1484_A expire 5 lines
09-02 12:58:39.458  1484  1579 I chatty  : uid=1000(system) android.display expire 10 lines
09-02 12:58:41.034   544   595 I chatty  : uid=1000(system) EventThread expire 3 lines
09-02 12:58:41.506  1484  2420 I chatty  : uid=1000(system) Binder:1484_9 expire 4 lines
09-02 12:58:42.821  1484  1505 I chatty  : uid=1000(system) Binder:1484_1 expire 5 lines
09-02 12:58:48.241   544   544 I chatty  : uid=1000(system) /system/bin/surfaceflinger expire 2 lines
09-02 12:58:55.073  1484  2496 I chatty  : uid=1000(system) Binder:1484_13 expire 6 lines
09-02 12:58:55.188   544   544 I SFPerfTracer:      triggers: (rate: 8:1449) (compose: 0:1) (post: 0:3) (render: 0:3) (5:91172 frames) (6:95487)
09-02 12:58:55.188   544   544 D SFPerfTracer:        layers: (3:6) (StatusBar (0xb0fc4400): 3:8125) (com.android.systemui.ImageWallpaper (0xb0fea000): 3:4862)* (DimLayerController/Stack=0 (0xb0fc6c00): 0:128)* (NavigationBar (0xb0f93c00): 3:1464) (com.android.vending/com.android.vending.AssetBrowserActivity (0xb0feb400): 6:313) (InputMethod (0xb0fc3000): 0:60)- 
09-02 12:58:55.225  1484  1828 I chatty  : uid=1000(system) Binder:1484_4 expire 2 lines
09-02 12:58:55.328  1484  2515 I chatty  : uid=1000(system) Binder:1484_14 expire 5 lines
09-02 12:58:55.362  1484  2492 I chatty  : uid=1000(system) Binder:1484_11 expire 3 lines
09-02 12:58:56.167  1484  2446 I chatty  : uid=1000(system) Binder:1484_D expire 1 line
09-02 12:58:56.840   544   595 I SFPerfTracer:      triggers: (rate: 0:0) (1916 sw vsyncs) (0 skipped) (29:89530 vsyncs) (31:96745)
09-02 12:58:57.279  1484  2445 I chatty  : uid=1000(system) Binder:1484_C expire 1 line
09-02 12:58:57.481  1484  1484 I chatty  : uid=1000 system_server expire 6 lines
09-02 12:58:58.065  1484  2478 I chatty  : uid=1000(system) Binder:1484_10 expire 3 lines
09-02 12:58:58.272  1484  1723 I chatty  : uid=1000(system) Binder:1484_3 expire 2 lines
09-02 12:58:59.258  1484  1603 I chatty  : uid=1000(system) PackageManager expire 3 lines
09-02 12:58:59.647   544   595 I SFPerfTracer:      triggers: (rate: 0:0) (1916 sw vsyncs) (0 skipped) (75:89669 vsyncs) (77:96898)
09-02 12:58:59.769   544   544 I SFPerfTracer:      triggers: (rate: 8:1458) (compose: 0:1) (post: 0:3) (render: 0:3) (145:91396 frames) (146:95723)
09-02 12:58:59.769   544   544 D SFPerfTracer:        layers: (3:7) (StatusBar (0xb0fc4400): 14:8191) (com.android.systemui.ImageWallpaper (0xb0fea000): 0:4914)* (DimLayerController/Stack=0 (0xb0fc6c00): 0:128)* (NavigationBar (0xb0f93c00): 0:1516) (com.android.vending/com.android.vending.AssetBrowserActivity (0xb0feb400): 142:544) (com.android.vending/com.google.android.finsky.billing.lightpurchase.LightPurchaseFlowActivity (0xb0fc3000): 0:49)- (com.android.vending/com.google.android.finsky.billing.acquire.PhoenixAcquireActivity (0xb0fc5800): 0:9)- 
09-02 12:59:05.829   544   595 I SFPerfTracer:      triggers: (rate: 0:0) (1916 sw vsyncs) (0 skipped) (52:89787 vsyncs) (54:97025)
09-02 12:59:06.134   544   544 I SFPerfTracer:      triggers: (rate: 8:1459) (compose: 0:1) (post: 0:3) (render: 0:3) (1:91479 frames) (2:95824)
09-02 12:59:06.134   544   544 D SFPerfTracer:        layers: (3:8) (StatusBar (0xb0fc4400): 2:8262) (com.android.systemui.ImageWallpaper (0xb0fea000): 2:4979)* (DimLayerController/Stack=0 (0xb0fc6c00): 0:128)* (NavigationBar (0xb0f93c00): 2:1581) (com.android.vending/com.android.vending.AssetBrowserActivity (0xb0feb400): 0:633)- (Starting de.kai_morich.serial_usb_terminal (0xb0fc3000): 0:61)- (animation background stackId=1 (0xb0fc5800): 0:2)* (de.kai_morich.serial_usb_terminal/de.kai_morich.serial_usb_terminal.MainActivity (0xb0fec800): 2:29) 
09-02 12:59:20.214  1484  2425 I chatty  : uid=1000(system) Binder:1484_B expire 3 lines
09-02 12:59:20.214  1484  2460 I chatty  : uid=1000(system) Binder:1484_E expire 5 lines
09-02 12:59:20.237  1484  1996 I chatty  : uid=1000(system) Binder:1484_6 expire 1 line
09-02 12:59:20.248  1484  2521 I chatty  : uid=1000(system) Binder:1484_16 expire 3 lines
09-02 12:59:20.270  1484  2417 I chatty  : uid=1000(system) Binder:1484_8 expire 3 lines
09-02 12:59:23.586  1484  1506 I chatty  : uid=1000(system) Binder:1484_2 expire 3 lines
09-02 12:59:27.037   544   544 I SFPerfTracer:      triggers: (rate: 8:1461) (compose: 0:1) (post: 0:3) (render: 0:3) (30:91574 frames) (31:95938)
09-02 12:59:27.037   544   544 D SFPerfTracer:        layers: (5:7) (StatusBar (0xb0fc4400): 27:8313) (com.android.systemui.ImageWallpaper (0xb0fea000): 27:5028)* (DimLayerController/Stack=0 (0xb0fc6c00): 0:138) (NavigationBar (0xb0f93c00): 27:1630) (animation background stackId=1 (0xb0fc5800): 0:2)* (de.kai_morich.serial_usb_terminal/de.kai_morich.serial_usb_terminal.MainActivity (0xb0fec800): 27:109) (com.android.systemui/com.android.systemui.usb.UsbPermissionActivity (0xb0fc3000): 31:70) 
09-02 12:59:27.166   544   595 I SFPerfTracer:      triggers: (rate: 0:0) (1916 sw vsyncs) (0 skipped) (28:89885 vsyncs) (30:97143)
09-02 12:59:28.299  1484  1991 I chatty  : uid=1000(system) Binder:1484_5 expire 1 line
09-02 13:00:20.517  1484  1546 I chatty  : uid=1000(system) batterystats-sy expire 3 lines
09-02 13:00:24.062   544   544 I SFPerfTracer:      triggers: (rate: 8:1462) (compose: 0:1) (post: 0:3) (render: 0:3) (16:91632 frames) (17:96049)
09-02 13:00:24.062   544   544 D SFPerfTracer:        layers: (4:8) (StatusBar (0xb0fc4400): 11:8370) (com.android.systemui.ImageWallpaper (0xb0fea000): 11:5080)* (DimLayerController/Stack=0 (0xb0fc6c00): 0:152)* (NavigationBar (0xb0f93c00): 17:1688) (animation background stackId=1 (0xb0fc5800): 0:2)* (de.kai_morich.serial_usb_terminal/de.kai_morich.serial_usb_terminal.MainActivity (0xb0fec800): 11:183) (com.android.systemui/com.android.systemui.usb.UsbPermissionActivity (0xb0fc3000): 0:88)- (InputMethod (0xb0fc3000): 11:31) 
09-02 13:00:24.530   544   595 I SFPerfTracer:      triggers: (rate: 0:0) (1916 sw vsyncs) (0 skipped) (32:89955 vsyncs) (34:97247)
09-02 13:00:28.708   544   544 I SFPerfTracer:      triggers: (rate: 8:1462) (compose: 0:1) (post: 0:3) (render: 0:3) (20:91716 frames) (21:96153)
09-02 13:00:28.709   544   544 D SFPerfTracer:        layers: (4:9) (StatusBar (0xb0fc4400): 2:8390) (com.android.systemui.ImageWallpaper (0xb0fea000): 2:5100)* (DimLayerController/Stack=0 (0xb0fc6c00): 0:152)* (NavigationBar (0xb0f93c00): 2:1722) (animation background stackId=1 (0xb0fc5800): 0:2)* (de.kai_morich.serial_usb_terminal/de.kai_morich.serial_usb_terminal.MainActivity (0xb0fec800): 2:228) (InputMethod (0xb0fc3000): 0:32)- (PopupWindow:acb8ea9 (0xb0fc3000): 0:44)- (PopupWindow:ce48ea (0xb0feb400): 21:41) 
09-02 13:00:30.743   544   595 I SFPerfTracer:      triggers: (rate: 0:0) (1916 sw vsyncs) (0 skipped) (28:90054 vsyncs) (30:97367)
09-02 13:00:32.641  1484  2516 I chatty  : uid=1000(system) Binder:1484_15 expire 2 lines
09-02 13:00:34.691   544   544 I SFPerfTracer:      triggers: (rate: 8:1462) (compose: 0:1) (post: 0:3) (render: 0:3) (22:91808 frames) (23:96272)
09-02 13:00:34.691   544   544 D SFPerfTracer:        layers: (3:8) (StatusBar (0xb0fc4400): 0:8411) (com.android.systemui.ImageWallpaper (0xb0fea000): 0:5121)* (DimLayerController/Stack=0 (0xb0fc6c00): 0:152)* (NavigationBar (0xb0f93c00): 0:1743) (animation background stackId=1 (0xb0fc5800): 0:2)* (de.kai_morich.serial_usb_terminal/de.kai_morich.serial_usb_terminal.MainActivity (0xb0fec800): 23:302) (PopupWindow:d18c854 (0xb0fc3000): 0:42)- (PopupWindow:e1d8a1c (0xb0feb400): 0:44)- 
09-02 13:00:35.881  1484  1540 I chatty  : uid=1000(system) ActivityManager expire 3 lines
09-02 13:00:35.902  1484  1543 I chatty  : uid=1000(system) ActivityManager expire 1 line
09-02 13:00:36.256   544   595 I SFPerfTracer:      triggers: (rate: 0:0) (1916 sw vsyncs) (0 skipped) (14:90137 vsyncs) (16:97468)
09-02 13:00:41.928   544   544 I SFPerfTracer:      triggers: (rate: 8:1467) (compose: 0:1) (post: 0:3) (render: 0:3) (47:91936 frames) (48:96415)
09-02 13:00:41.928   544   544 D SFPerfTracer:        layers: (3:6) (StatusBar (0xb0fc4400): 0:8411) (com.android.systemui.ImageWallpaper (0xb0fea000): 0:5121)* (DimLayerController/Stack=0 (0xb0fc6c00): 0:152)* (NavigationBar (0xb0f93c00): 0:1743) (animation background stackId=1 (0xb0fc5800): 0:2)* (de.kai_morich.serial_usb_terminal/de.kai_morich.serial_usb_terminal.MainActivity (0xb0fec800): 48:437) 
09-02 13:00:42.289   544   595 I SFPerfTracer:      triggers: (rate: 0:0) (1916 sw vsyncs) (0 skipped) (46:90247 vsyncs) (48:97591)
09-02 13:00:50.209   544   595 I SFPerfTracer:      triggers: (rate: 0:0) (1916 sw vsyncs) (0 skipped) (15:90339 vsyncs) (17:97697)
09-02 13:00:50.749   544   544 I SFPerfTracer:      triggers: (rate: 8:1471) (compose: 0:1) (post: 0:3) (render: 0:3) (19:92031 frames) (20:96521)
09-02 13:00:50.749   544   544 D SFPerfTracer:        layers: (3:6) (StatusBar (0xb0fc4400): 0:8411) (com.android.systemui.ImageWallpaper (0xb0fea000): 0:5121)* (DimLayerController/Stack=0 (0xb0fc6c00): 0:152)* (NavigationBar (0xb0f93c00): 0:1743) (animation background stackId=1 (0xb0fc5800): 0:2)* (de.kai_morich.serial_usb_terminal/de.kai_morich.serial_usb_terminal.MainActivity (0xb0fec800): 20:537) 
09-02 13:00:54.958   544   544 I SFPerfTracer:      triggers: (rate: 8:1471) (compose: 0:1) (post: 0:3) (render: 0:3) (41:92140 frames) (42:96639)
09-02 13:00:54.959   544   544 D SFPerfTracer:        layers: (3:6) (StatusBar (0xb0fc4400): 0:8411) (com.android.systemui.ImageWallpaper (0xb0fea000): 0:5121)* (DimLayerController/Stack=0 (0xb0fc6c00): 0:152)* (NavigationBar (0xb0f93c00): 0:1743) (animation background stackId=1 (0xb0fc5800): 0:2)* (de.kai_morich.serial_usb_terminal/de.kai_morich.serial_usb_terminal.MainActivity (0xb0fec800): 42:651) 
09-02 13:00:55.258   544   595 I SFPerfTracer:      triggers: (rate: 0:0) (1916 sw vsyncs) (0 skipped) (57:90472 vsyncs) (59:97845)
09-02 13:00:57.299   544   544 I SFPerfTracer:      triggers: (rate: 8:1471) (compose: 0:1) (post: 0:3) (render: 0:3) (116:92256 frames) (117:96757)
09-02 13:00:57.299   544   544 D SFPerfTracer:        layers: (3:6) (StatusBar (0xb0fc4400): 0:8411) (com.android.systemui.ImageWallpaper (0xb0fea000): 0:5121)* (DimLayerController/Stack=0 (0xb0fc6c00): 0:152)* (NavigationBar (0xb0f93c00): 0:1743) (animation background stackId=1 (0xb0fc5800): 0:2)* (de.kai_morich.serial_usb_terminal/de.kai_morich.serial_usb_terminal.MainActivity (0xb0fec800): 117:768) 
09-02 13:00:57.477   544   595 I SFPerfTracer:      triggers: (rate: 0:0) (1916 sw vsyncs) (0 skipped) (115:90587 vsyncs) (117:97962)
09-02 13:00:59.951  1484  1579 I chatty  : uid=1000(system) android.display expire 1 line
09-02 13:01:02.763   544   544 I SFPerfTracer:      triggers: (rate: 8:1471) (compose: 0:1) (post: 0:3) (render: 0:3) (33:92372 frames) (34:96888)
09-02 13:01:02.763   544   544 D SFPerfTracer:        layers: (3:7) (StatusBar (0xb0fc4400): 0:8447) (com.android.systemui.ImageWallpaper (0xb0fea000): 0:5153)* (DimLayerController/Stack=0 (0xb0fc6c00): 0:174)* (NavigationBar (0xb0f93c00): 0:1775) (animation background stackId=1 (0xb0fc5800): 0:2)* (de.kai_morich.serial_usb_terminal/de.kai_morich.serial_usb_terminal.MainActivity (0xb0fec800): 34:873) (de.kai_morich.serial_usb_terminal/de.kai_morich.serial_usb_terminal.MainActivity (0xb0fc3000): 0:57)- 
09-02 13:01:03.125   544   595 I SFPerfTracer:      triggers: (rate: 0:0) (1916 sw vsyncs) (0 skipped) (34:90705 vsyncs) (36:98095)
09-02 13:01:13.565   544   544 I SFPerfTracer:      triggers: (rate: 8:1473) (compose: 0:1) (post: 0:3) (render: 0:3) (0:92439 frames) (1:96988)
09-02 13:01:13.565   544   544 D SFPerfTracer:        layers: (4:7) (StatusBar (0xb0fc4400): 0:8465) (com.android.systemui.ImageWallpaper (0xb0fea000): 0:5171)* (DimLayerController/Stack=0 (0xb0fc6c00): 0:174)* (NavigationBar (0xb0f93c00): 0:1793) (animation background stackId=1 (0xb0fc5800): 0:2)* (de.kai_morich.serial_usb_terminal/de.kai_morich.serial_usb_terminal.MainActivity (0xb0fec800): 0:956) (InputMethod (0xb0fc3000): 0:19) 
09-02 13:01:17.531   544   595 I SFPerfTracer:      triggers: (rate: 0:0) (1916 sw vsyncs) (0 skipped) (0:90767 vsyncs) (2:98196)
09-02 13:01:27.792   544   544 I SFPerfTracer:      triggers: (rate: 8:1482) (compose: 0:1) (post: 0:3) (render: 0:3) (1:92463 frames) (2:97088)
09-02 13:01:27.792   544   544 D SFPerfTracer:        layers: (4:7) (StatusBar (0xb0fc4400): 0:8467) (com.android.systemui.ImageWallpaper (0xb0fea000): 0:5171)* (DimLayerController/Stack=0 (0xb0fc6c00): 0:174)* (NavigationBar (0xb0f93c00): 0:1793) (animation background stackId=1 (0xb0fc5800): 0:2)* (de.kai_morich.serial_usb_terminal/de.kai_morich.serial_usb_terminal.MainActivity (0xb0fec800): 1:990) (InputMethod (0xb0fc3000): 1:55) 
09-02 13:01:39.885   544   595 I SFPerfTracer:      triggers: (rate: 0:0) (1916 sw vsyncs) (0 skipped) (0:90768 vsyncs) (2:98298)
09-02 13:01:42.092   544   544 I SFPerfTracer:      triggers: (rate: 8:1490) (compose: 0:1) (post: 0:3) (render: 0:3) (0:92488 frames) (1:97188)
09-02 13:01:42.092   544   544 D SFPerfTracer:        layers: (4:7) (StatusBar (0xb0fc4400): 0:8468) (com.android.systemui.ImageWallpaper (0xb0fea000): 0:5171)* (DimLayerController/Stack=0 (0xb0fc6c00): 0:174)* (NavigationBar (0xb0f93c00): 0:1793) (animation background stackId=1 (0xb0fc5800): 0:2)* (de.kai_morich.serial_usb_terminal/de.kai_morich.serial_usb_terminal.MainActivity (0xb0fec800): 0:1023) (InputMethod (0xb0fc3000): 0:98) 
09-02 13:01:48.787  1484  1536 I chatty  : uid=1000(system) android.bg expire 2 lines
09-02 13:01:48.920 26710 26710 D ActivityThread: Loading provider com.google.android.gm.sapi: com.google.android.gm.sapi.SapiUiProvider
09-02 13:01:55.696   544   544 I SFPerfTracer:      triggers: (rate: 8:1510) (compose: 0:1) (post: 0:3) (render: 0:3) (1:92519 frames) (2:97288)
09-02 13:01:55.696   544   544 D SFPerfTracer:        layers: (4:7) (StatusBar (0xb0fc4400): 0:8468) (com.android.systemui.ImageWallpaper (0xb0fea000): 0:5171)* (DimLayerController/Stack=0 (0xb0fc6c00): 0:174)* (NavigationBar (0xb0f93c00): 0:1793) (animation background stackId=1 (0xb0fc5800): 0:2)* (de.kai_morich.serial_usb_terminal/de.kai_morich.serial_usb_terminal.MainActivity (0xb0fec800): 0:1058) (InputMethod (0xb0fc3000): 1:138) 
09-02 13:02:01.321   544   595 I SFPerfTracer:      triggers: (rate: 0:0) (1916 sw vsyncs) (0 skipped) (0:90772 vsyncs) (1:98399)
09-02 13:02:08.073   544   544 I SFPerfTracer:      triggers: (rate: 8:1527) (compose: 0:1) (post: 0:3) (render: 0:3) (0:92551 frames) (1:97388)
09-02 13:02:08.073   544   544 D SFPerfTracer:        layers: (4:7) (StatusBar (0xb0fc4400): 0:8473) (com.android.systemui.ImageWallpaper (0xb0fea000): 0:5171)* (DimLayerController/Stack=0 (0xb0fc6c00): 0:174)* (NavigationBar (0xb0f93c00): 0:1793) (animation background stackId=1 (0xb0fc5800): 0:2)* (de.kai_morich.serial_usb_terminal/de.kai_morich.serial_usb_terminal.MainActivity (0xb0fec800): 0:1091) (InputMethod (0xb0fc3000): 0:183) 
09-02 13:02:17.267   544   544 I SFPerfTracer:      triggers: (rate: 8:1539) (compose: 0:1) (post: 0:3) (render: 0:3) (50:92620 frames) (51:97503)
09-02 13:02:17.268   544   544 D SFPerfTracer:        layers: (4:7) (StatusBar (0xb0fc4400): 0:8473) (com.android.systemui.ImageWallpaper (0xb0fea000): 0:5171)* (DimLayerController/Stack=0 (0xb0fc6c00): 0:174)* (NavigationBar (0xb0f93c00): 0:1793) (animation background stackId=1 (0xb0fc5800): 0:2)* (de.kai_morich.serial_usb_terminal/de.kai_morich.serial_usb_terminal.MainActivity (0xb0fec800): 51:1164) (InputMethod (0xb0fc3000): 0:212) 
09-02 13:02:17.648   544   595 I SFPerfTracer:      triggers: (rate: 0:0) (1916 sw vsyncs) (0 skipped) (47:90822 vsyncs) (49:98541)
09-02 13:02:35.331   544   544 I SFPerfTracer:      triggers: (rate: 8:1542) (compose: 0:1) (post: 0:3) (render: 0:3) (51:92672 frames) (52:97627)
09-02 13:02:35.332   544   544 D SFPerfTracer:        layers: (4:7) (StatusBar (0xb0fc4400): 0:8475) (com.android.systemui.ImageWallpaper (0xb0fea000): 0:5171)* (DimLayerController/Stack=0 (0xb0fc6c00): 0:174)* (NavigationBar (0xb0f93c00): 0:1793) (animation background stackId=1 (0xb0fc5800): 0:2)* (de.kai_morich.serial_usb_terminal/de.kai_morich.serial_usb_terminal.MainActivity (0xb0fec800): 51:1249) (InputMethod (0xb0fc3000): 0:212) 
09-02 13:02:44.103   544   544 I SFPerfTracer:      triggers: (rate: 8:1545) (compose: 0:1) (post: 0:3) (render: 0:3) (343:93015 frames) (344:97982)
09-02 13:02:44.103   544   544 D SFPerfTracer:        layers: (4:7) (StatusBar (0xb0fc4400): 0:8475) (com.android.systemui.ImageWallpaper (0xb0fea000): 0:5171)* (DimLayerController/Stack=0 (0xb0fc6c00): 0:174)* (NavigationBar (0xb0f93c00): 0:1793) (animation background stackId=1 (0xb0fc5800): 0:2)* (de.kai_morich.serial_usb_terminal/de.kai_morich.serial_usb_terminal.MainActivity (0xb0fec800): 344:1598) (InputMethod (0xb0fc3000): 0:212) 
09-02 13:02:44.262   544   595 I SFPerfTracer:      triggers: (rate: 0:0) (1916 sw vsyncs) (0 skipped) (349:91220 vsyncs) (351:98987)
09-02 13:02:53.823   544   544 I SFPerfTracer:      triggers: (rate: 8:1545) (compose: 0:1) (post: 0:3) (render: 0:3) (0:93079 frames) (1:98082)
09-02 13:02:53.823   544   544 D SFPerfTracer:        layers: (4:7) (StatusBar (0xb0fc4400): 0:8475) (com.android.systemui.ImageWallpaper (0xb0fea000): 0:5171)* (DimLayerController/Stack=0 (0xb0fc6c00): 0:174)* (NavigationBar (0xb0f93c00): 0:1793) (animation background stackId=1 (0xb0fc5800): 0:2)* (de.kai_morich.serial_usb_terminal/de.kai_morich.serial_usb_terminal.MainActivity (0xb0fec800): 0:1680) (InputMethod (0xb0fc3000): 0:212) 
09-02 13:02:56.917   544   544 I SFPerfTracer:      triggers: (rate: 8:1546) (compose: 0:1) (post: 0:3) (render: 0:3) (94:93173 frames) (95:98183)
09-02 13:02:56.917   544   544 D SFPerfTracer:        layers: (4:7) (StatusBar (0xb0fc4400): 0:8475) (com.android.systemui.ImageWallpaper (0xb0fea000): 0:5171)* (DimLayerController/Stack=0 (0xb0fc6c00): 0:174)* (NavigationBar (0xb0f93c00): 0:1793) (animation background stackId=1 (0xb0fc5800): 0:2)* (de.kai_morich.serial_usb_terminal/de.kai_morich.serial_usb_terminal.MainActivity (0xb0fec800): 95:1778) (InputMethod (0xb0fc3000): 0:212) 
09-02 13:02:56.960   544   595 I SFPerfTracer:      triggers: (rate: 0:0) (1916 sw vsyncs) (0 skipped) (96:91385 vsyncs) (98:99179)
09-02 13:03:02.649   544   544 I SFPerfTracer:      triggers: (rate: 8:1551) (compose: 0:1) (post: 0:3) (render: 0:3) (245:93418 frames) (246:98436)
09-02 13:03:02.649   544   544 D SFPerfTracer:        layers: (4:7) (StatusBar (0xb0fc4400): 4:8480) (com.android.systemui.ImageWallpaper (0xb0fea000): 0:5171)* (DimLayerController/Stack=0 (0xb0fc6c00): 0:174)* (NavigationBar (0xb0f93c00): 0:1793) (animation background stackId=1 (0xb0fc5800): 0:2)* (de.kai_morich.serial_usb_terminal/de.kai_morich.serial_usb_terminal.MainActivity (0xb0fec800): 246:2026) (InputMethod (0xb0fc3000): 0:212) 
09-02 13:03:02.827   544   595 I SFPerfTracer:      triggers: (rate: 0:0) (1916 sw vsyncs) (0 skipped) (255:91640 vsyncs) (257:99440)
09-02 13:03:13.887   544   597 I SFPerfTracer:      triggers: (rate: 0:0) (0 sw vsyncs) (0 skipped) (68:92122 vsyncs) (70:99592)
09-02 13:03:15.808   544   597 I SFPerfTracer:      triggers: (rate: 0:0) (0 sw vsyncs) (0 skipped) (33:92219 vsyncs) (35:99701)
09-02 13:03:17.182   544   544 I SFPerfTracer:      triggers: (rate: 8:1562) (compose: 0:1) (post: 0:3) (render: 0:3) (700:94118 frames) (701:99148)
09-02 13:03:17.182   544   544 D SFPerfTracer:        layers: (4:7) (StatusBar (0xb0fc4400): 0:8480) (com.android.systemui.ImageWallpaper (0xb0fea000): 0:5171)* (DimLayerController/Stack=0 (0xb0fc6c00): 0:174)* (NavigationBar (0xb0f93c00): 0:1793) (animation background stackId=1 (0xb0fc5800): 0:2)* (de.kai_morich.serial_usb_terminal/de.kai_morich.serial_usb_terminal.MainActivity (0xb0fec800): 701:2732) (InputMethod (0xb0fc3000): 0:212) 
09-02 13:03:19.384   544   597 I SFPerfTracer:      triggers: (rate: 0:0) (0 sw vsyncs) (0 skipped) (139:92424 vsyncs) (141:99912)
09-02 13:03:21.011   544   544 I SFPerfTracer:      triggers: (rate: 8:1566) (compose: 0:1) (post: 0:3) (render: 0:3) (218:94336 frames) (219:99367)
09-02 13:03:21.012   544   544 D SFPerfTracer:        layers: (4:8) (StatusBar (0xb0fc4400): 0:8480) (com.android.systemui.ImageWallpaper (0xb0fea000): 0:5171)* (DimLayerController/Stack=0 (0xb0fc6c00): 0:174)* (NavigationBar (0xb0f93c00): 0:1793) (animation background stackId=1 (0xb0fc5800): 0:2)* (de.kai_morich.serial_usb_terminal/de.kai_morich.serial_usb_terminal.MainActivity (0xb0fec800): 219:2951) (InputMethod (0xb0fc3000): 0:212) (Sprite (0xb0feb400): 1:1)* 
09-02 13:03:21.037  1484  2516 I chatty  : uid=1000(system) Binder:1484_15 expire 1 line
09-02 13:03:21.055   544   595 I SFPerfTracer:      triggers: (rate: 0:0) (1916 sw vsyncs) (0 skipped) (948:92588 vsyncs) (950:100396)
09-02 13:03:31.805   544   544 I SFPerfTracer:      triggers: (rate: 8:1569) (compose: 0:1) (post: 0:3) (render: 0:3) (168:94564 frames) (169:99626)
09-02 13:03:31.805   544   544 D SFPerfTracer:        layers: (4:8) (StatusBar (0xb0fc4400): 0:8481) (com.android.systemui.ImageWallpaper (0xb0fea000): 0:5171)* (DimLayerController/Stack=0 (0xb0fc6c00): 0:174)* (NavigationBar (0xb0f93c00): 0:1793) (animation background stackId=1 (0xb0fc5800): 0:2)* (de.kai_morich.serial_usb_terminal/de.kai_morich.serial_usb_terminal.MainActivity (0xb0fec800): 169:3194) (InputMethod (0xb0fc3000): 0:212) (Sprite (0xb0feb400): 0:1)* 
09-02 13:03:31.950   544   595 I SFPerfTracer:      triggers: (rate: 0:0) (1916 sw vsyncs) (0 skipped) (171:92824 vsyncs) (173:100653)
09-02 13:03:35.679   544   544 I SFPerfTracer:      triggers: (rate: 8:1574) (compose: 0:1) (post: 0:3) (render: 0:3) (184:94748 frames) (185:99814)
09-02 13:03:35.679   544   544 D SFPerfTracer:        layers: (4:8) (StatusBar (0xb0fc4400): 0:8481) (com.android.systemui.ImageWallpaper (0xb0fea000): 0:5171)* (DimLayerController/Stack=0 (0xb0fc6c00): 0:174)* (NavigationBar (0xb0f93c00): 0:1793) (animation background stackId=1 (0xb0fc5800): 0:2)* (de.kai_morich.serial_usb_terminal/de.kai_morich.serial_usb_terminal.MainActivity (0xb0fec800): 185:3380) (InputMethod (0xb0fc3000): 0:212) (Sprite (0xb0feb400): 0:1)* 
09-02 13:03:35.959   544   595 I SFPerfTracer:      triggers: (rate: 0:0) (1916 sw vsyncs) (0 skipped) (192:93016 vsyncs) (194:100849)
09-02 13:03:37.126  1484  2445 I chatty  : uid=1000(system) Binder:1484_C expire 1 line
09-02 13:03:37.247  1484  2496 I chatty  : uid=1000(system) Binder:1484_13 expire 2 lines
09-02 13:03:37.303  1484  1484 I chatty  : uid=1000 system_server expire 1 line
09-02 13:03:37.431  1484  1579 I chatty  : uid=1000(system) android.display expire 11 lines
09-02 13:03:38.613  1484  2521 I chatty  : uid=1000(system) Binder:1484_16 expire 6 lines
09-02 13:03:42.460  1484  2417 I chatty  : uid=1000(system) Binder:1484_8 expire 3 lines
09-02 13:03:42.515  1484  2494 I chatty  : uid=1000(system) Binder:1484_12 expire 3 lines
09-02 13:03:42.782   544   544 I SFPerfTracer:      triggers: (rate: 8:1574) (compose: 0:1) (post: 0:3) (render: 0:3) (8:94825 frames) (9:99916)
09-02 13:03:42.782   544   544 D SFPerfTracer:        layers: (6:12) (StatusBar (0xb0fc4400): 9:8533) (com.android.systemui.ImageWallpaper (0xb0fea000): 9:5223) (DimLayerController/Stack=0 (0xb0fc6c00): 0:174)* (NavigationBar (0xb0f93c00): 9:1850) (animation background stackId=1 (0xb0fc5800): 0:2)* (de.kai_morich.serial_usb_terminal/de.kai_morich.serial_usb_terminal.MainActivity (0xb0fec800): 0:3415)- (InputMethod (0xb0fc3000): 0:231)- (Sprite (0xb0feb400): 0:1)* (com.android.systemui/com.android.systemui.recents.RecentsActivity (0xb0fedc00): 9:82) (thumbnail anim (0xafda8000): 0:23)- (de.kai_morich.serial_usb_terminal/de.kai_morich.serial_usb_terminal.MainActivity (0xb0fc3000): 9:12) (thumbnail anim (0xb0fec800): 9:10) 
09-02 13:03:42.987  1484  2496 I chatty  : uid=1000(system) Binder:1484_13 expire 7 lines
09-02 13:03:43.630   544   595 I SFPerfTracer:      triggers: (rate: 0:0) (1916 sw vsyncs) (0 skipped) (52:93141 vsyncs) (54:100983)
09-02 13:03:53.777   544   544 I SFPerfTracer:      triggers: (rate: 8:1574) (compose: 0:1) (post: 0:3) (render: 0:3) (0:94880 frames) (1:100016)
09-02 13:03:53.778   544   544 D SFPerfTracer:        layers: (3:9) (StatusBar (0xb0fc4400): 0:8548) (com.android.systemui.ImageWallpaper (0xb0fea000): 0:5238)* (DimLayerController/Stack=0 (0xb0fc6c00): 0:174)* (NavigationBar (0xb0f93c00): 0:1865) (animation background stackId=1 (0xb0fc5800): 0:2)* (Sprite (0xb0feb400): 0:1)* (com.android.systemui/com.android.systemui.recents.RecentsActivity (0xb0fedc00): 0:95)- (de.kai_morich.serial_usb_terminal/de.kai_morich.serial_usb_terminal.MainActivity (0xb0fc3000): 1:92) (thumbnail anim (0xb0fec800): 0:22)- 
09-02 13:03:58.633   544   595 I SFPerfTracer:      triggers: (rate: 0:0) (1916 sw vsyncs) (0 skipped) (56:93252 vsyncs) (58:101130)
09-02 13:03:59.338   544   544 I SFPerfTracer:      triggers: (rate: 8:1576) (compose: 0:1) (post: 0:3) (render: 0:3) (28:94984 frames) (29:100137)
09-02 13:03:59.339   544   544 D SFPerfTracer:        layers: (5:8) (StatusBar (0xb0fc4400): 0:8564) (com.android.systemui.ImageWallpaper (0xb0fea000): 0:5254)* (DimLayerController/Stack=0 (0xb0fc6c00): 0:183) (NavigationBar (0xb0f93c00): 0:1881) (animation background stackId=1 (0xb0fc5800): 0:2)* (Sprite (0xb0feb400): 0:1)* (de.kai_morich.serial_usb_terminal/de.kai_morich.serial_usb_terminal.MainActivity (0xb0fc3000): 0:112) (de.kai_morich.serial_usb_terminal/de.kai_morich.serial_usb_terminal.MainActivity (0xb0fec800): 29:110) 
09-02 13:04:13.158   544   544 I SFPerfTracer:      triggers: (rate: 8:1576) (compose: 0:1) (post: 0:3) (render: 0:3) (116:95103 frames) (117:100260)
09-02 13:04:13.158   544   544 D SFPerfTracer:        layers: (5:8) (StatusBar (0xb0fc4400): 0:8568) (com.android.systemui.ImageWallpaper (0xb0fea000): 0:5254)* (DimLayerController/Stack=0 (0xb0fc6c00): 0:183) (NavigationBar (0xb0f93c00): 0:1881) (animation background stackId=1 (0xb0fc5800): 0:2)* (Sprite (0xb0feb400): 0:1)* (de.kai_morich.serial_usb_terminal/de.kai_morich.serial_usb_terminal.MainActivity (0xb0fc3000): 0:112) (de.kai_morich.serial_usb_terminal/de.kai_morich.serial_usb_terminal.MainActivity (0xb0fec800): 117:227) 
09-02 13:04:13.437   544   595 I SFPerfTracer:      triggers: (rate: 0:0) (1916 sw vsyncs) (0 skipped) (120:93407 vsyncs) (122:101293)
09-02 13:04:15.849  1484  2421 I chatty  : uid=1000(system) Binder:1484_A expire 4 lines
09-02 13:04:17.866   544   595 I SFPerfTracer:      triggers: (rate: 0:0) (1916 sw vsyncs) (0 skipped) (30:93495 vsyncs) (32:101395)
09-02 13:04:18.183   544   544 I SFPerfTracer:      triggers: (rate: 8:1578) (compose: 0:1) (post: 0:3) (render: 0:3) (0:95189 frames) (1:100360)
09-02 13:04:18.183   544   544 D SFPerfTracer:        layers: (3:8) (StatusBar (0xb0fc4400): 0:8583) (com.android.systemui.ImageWallpaper (0xb0fea000): 0:5269)* (DimLayerController/Stack=0 (0xb0fc6c00): 0:195)* (NavigationBar (0xb0f93c00): 0:1896) (animation background stackId=1 (0xb0fc5800): 0:2)* (Sprite (0xb0feb400): 0:1)* (de.kai_morich.serial_usb_terminal/de.kai_morich.serial_usb_terminal.MainActivity (0xb0fc3000): 0:161) (de.kai_morich.serial_usb_terminal/de.kai_morich.serial_usb_terminal.MainActivity (0xb0fec800): 0:283)- 
09-02 13:04:20.051  1484  2492 I chatty  : uid=1000(system) Binder:1484_11 expire 2 lines
09-02 13:04:20.053  1484  1730 I chatty  : uid=1000(system) VoldConnector expire 1 line
09-02 13:04:21.084  1484  2420 I chatty  : uid=1000(system) Binder:1484_9 expire 3 lines
09-02 13:04:21.193  1484  1719 I chatty  : uid=1000(system) UEventObserver expire 4 lines
09-02 13:04:21.194  1484  1996 I chatty  : uid=1000(system) Binder:1484_6 expire 7 lines
09-02 13:04:22.365   544   544 I SFPerfTracer:      triggers: (rate: 8:1578) (compose: 0:1) (post: 0:3) (render: 0:3) (16:95281 frames) (17:100461)
09-02 13:04:22.365   544   544 D SFPerfTracer:        layers: (3:7) (StatusBar (0xb0fc4400): 0:8585) (com.android.systemui.ImageWallpaper (0xb0fea000): 0:5269)* (DimLayerController/Stack=0 (0xb0fc6c00): 0:195)* (NavigationBar (0xb0f93c00): 0:1896) (animation background stackId=1 (0xb0fc5800): 0:2)* (Sprite (0xb0feb400): 0:1)* (de.kai_morich.serial_usb_terminal/de.kai_morich.serial_usb_terminal.MainActivity (0xb0fc3000): 17:256) 
09-02 13:04:23.177   544   595 I SFPerfTracer:      triggers: (rate: 0:0) (1916 sw vsyncs) (0 skipped) (15:93585 vsyncs) (17:101498)
09-02 13:04:29.853   544   544 I SFPerfTracer:      triggers: (rate: 8:1578) (compose: 0:1) (post: 0:3) (render: 0:3) (41:95393 frames) (42:100585)
09-02 13:04:29.853   544   544 D SFPerfTracer:        layers: (4:8) (StatusBar (0xb0fc4400): 32:8622) (com.android.systemui.ImageWallpaper (0xb0fea000): 32:5306)* (DimLayerController/Stack=0 (0xb0fc6c00): 0:195)* (NavigationBar (0xb0f93c00): 32:1933) (animation background stackId=1 (0xb0fc5800): 0:2)* (Sprite (0xb0feb400): 0:1)* (de.kai_morich.serial_usb_terminal/de.kai_morich.serial_usb_terminal.MainActivity (0xb0fc3000): 42:376) (Toast (0xb0fec800): 32:38) 
09-02 13:04:30.960   544   595 I SFPerfTracer:      triggers: (rate: 0:0) (1916 sw vsyncs) (0 skipped) (43:93696 vsyncs) (45:101624)
09-02 13:04:35.015   544   544 I SFPerfTracer:      triggers: (rate: 8:1578) (compose: 0:1) (post: 0:3) (render: 0:3) (16:95484 frames) (17:100692)
09-02 13:04:35.015   544   544 D SFPerfTracer:        layers: (3:8) (StatusBar (0xb0fc4400): 0:8658) (com.android.systemui.ImageWallpaper (0xb0fea000): 0:5342)* (DimLayerController/Stack=0 (0xb0fc6c00): 0:195)* (NavigationBar (0xb0f93c00): 0:1969) (animation background stackId=1 (0xb0fc5800): 0:2)* (Sprite (0xb0feb400): 0:1)* (de.kai_morich.serial_usb_terminal/de.kai_morich.serial_usb_terminal.MainActivity (0xb0fc3000): 17:478) (Toast (0xb0fec800): 0:70)- 
09-02 13:04:35.060   544   595 I SFPerfTracer:      triggers: (rate: 0:0) (1916 sw vsyncs) (0 skipped) (15:93784 vsyncs) (17:101729)
09-02 13:04:45.190   544   544 I SFPerfTracer:      triggers: (rate: 8:1578) (compose: 0:1) (post: 0:3) (render: 0:3) (33:95552 frames) (34:100795)
09-02 13:04:45.190   544   544 D SFPerfTracer:        layers: (3:7) (StatusBar (0xb0fc4400): 0:8658) (com.android.systemui.ImageWallpaper (0xb0fea000): 0:5342)* (DimLayerController/Stack=0 (0xb0fc6c00): 0:195)* (NavigationBar (0xb0f93c00): 0:1969) (animation background stackId=1 (0xb0fc5800): 0:2)* (Sprite (0xb0feb400): 0:1)* (de.kai_morich.serial_usb_terminal/de.kai_morich.serial_usb_terminal.MainActivity (0xb0fc3000): 34:564) 
09-02 13:04:48.408   544   595 I SFPerfTracer:      triggers: (rate: 0:0) (1916 sw vsyncs) (0 skipped) (32:93883 vsyncs) (34:101854)
09-02 13:04:48.542  1484  2446 I chatty  : uid=1000(system) Binder:1484_D expire 4 lines
09-02 13:04:48.608  1484  1723 I chatty  : uid=1000(system) Binder:1484_3 expire 2 lines
09-02 13:04:48.620  1484  1484 I chatty  : uid=1000 system_server expire 9 lines
09-02 13:04:50.856  1484  2460 I chatty  : uid=1000(system) Binder:1484_E expire 2 lines
09-02 13:04:50.900   544   544 I SFPerfTracer:      triggers: (rate: 8:1578) (compose: 0:1) (post: 0:3) (render: 0:3) (51:95689 frames) (52:100943)
09-02 13:04:50.900   544   544 D SFPerfTracer:        layers: (4:9) (StatusBar (0xb0fc4400): 1:8686) (com.android.systemui.ImageWallpaper (0xb0fea000): 1:5370) (DimLayerController/Stack=0 (0xb0fc6c00): 0:195)* (NavigationBar (0xb0f93c00): 1:2042) (animation background stackId=1 (0xb0fc5800): 0:2)* (Sprite (0xb0feb400): 0:1)* (de.kai_morich.serial_usb_terminal/de.kai_morich.serial_usb_terminal.MainActivity (0xb0fc3000): 0:617)- (com.android.systemui/com.android.systemui.recents.RecentsActivity (0xb0fec800): 52:101) (thumbnail anim (0xb0fedc00): 0:22)- 
09-02 13:04:51.398   544   595 I SFPerfTracer:      triggers: (rate: 0:0) (1916 sw vsyncs) (0 skipped) (63:94005 vsyncs) (65:101980)
09-02 13:04:52.182  1484  2425 I chatty  : uid=1000(system) Binder:1484_B expire 1 line
09-02 13:04:52.196  1484  1744 I chatty  : uid=1000(system) ConnectivitySer expire 3 lines
09-02 13:04:52.198  1484  2445 I chatty  : uid=1000(system) Binder:1484_C expire 2 lines
09-02 13:04:54.244   544   544 I SFPerfTracer:      triggers: (rate: 8:1578) (compose: 0:1) (post: 0:3) (render: 0:3) (69:95829 frames) (70:101096)
09-02 13:04:54.244   544   544 D SFPerfTracer:        layers: (4:8) (StatusBar (0xb0fc4400): 0:8707) (com.android.systemui.ImageWallpaper (0xb0fea000): 31:5422) (DimLayerController/Stack=0 (0xb0fc6c00): 0:195)* (NavigationBar (0xb0f93c00): 0:2063) (animation background stackId=1 (0xb0fc5800): 0:2)- (Sprite (0xb0feb400): 0:1)* (com.android.systemui/com.android.systemui.recents.RecentsActivity (0xb0fec800): 0:170)- (com.android.launcher3/com.android.launcher3.GoogleNowPanel (0xb0fc3000): 69:84) 
09-02 13:04:59.971   544   595 I SFPerfTracer:      triggers: (rate: 0:0) (1916 sw vsyncs) (0 skipped) (68:94138 vsyncs) (70:102118)
09-02 13:05:00.095  1484  1726 I chatty  : uid=1000(system) InputDispatcher expire 1 line
09-02 13:05:21.220  1484  1546 I chatty  : uid=1000(system) batterystats-sy expire 3 lines
09-02 13:05:21.285  1484  1540 I chatty  : uid=1000(system) ActivityManager expire 3 lines
09-02 13:05:25.108   544   544 I SFPerfTracer:      triggers: (rate: 8:1579) (compose: 0:1) (post: 0:3) (render: 0:3) (29:95929 frames) (30:101205)
09-02 13:05:25.108   544   544 D SFPerfTracer:        layers: (4:6) (StatusBar (0xb0fc4400): 0:8715) (com.android.systemui.ImageWallpaper (0xb0fea000): 0:5454) (DimLayerController/Stack=0 (0xb0fc6c00): 0:195)* (NavigationBar (0xb0f93c00): 0:2099) (Sprite (0xb0feb400): 0:1)* (com.android.launcher3/com.android.launcher3.GoogleNowPanel (0xb0fc3000): 30:180) 
09-02 13:05:25.870   544   595 I SFPerfTracer:      triggers: (rate: 0:0) (1916 sw vsyncs) (0 skipped) (29:94236 vsyncs) (31:102227)
09-02 13:05:28.583   544   544 I SFPerfTracer:      triggers: (rate: 8:1580) (compose: 0:1) (post: 0:3) (render: 0:3) (23:96038 frames) (24:101320)
09-02 13:05:28.583   544   544 D SFPerfTracer:        layers: (4:6) (StatusBar (0xb0fc4400): 0:8715) (com.android.systemui.ImageWallpaper (0xb0fea000): 0:5454) (DimLayerController/Stack=0 (0xb0fc6c00): 0:195)* (NavigationBar (0xb0f93c00): 0:2099) (Sprite (0xb0feb400): 0:1)* (com.android.launcher3/com.android.launcher3.GoogleNowPanel (0xb0fc3000): 24:292) 
09-02 13:05:28.910   544   595 I SFPerfTracer:      triggers: (rate: 0:0) (1916 sw vsyncs) (0 skipped) (25:94352 vsyncs) (27:102352)
09-02 13:05:29.009  1484  1997 I chatty  : uid=1000(system) Binder:1484_7 expire 3 lines
09-02 13:05:29.463  1484  2515 I chatty  : uid=1000(system) Binder:1484_14 expire 2 lines
09-02 13:05:32.436   544   595 I SFPerfTracer:      triggers: (rate: 0:0) (1916 sw vsyncs) (0 skipped) (144:94496 vsyncs) (146:102499)
09-02 13:05:35.400   544   544 I SFPerfTracer:      triggers: (rate: 8:1582) (compose: 0:1) (post: 0:3) (render: 0:3) (51:96168 frames) (52:101469)
09-02 13:05:35.401   544   544 D SFPerfTracer:        layers: (3:8) (StatusBar (0xb0fc4400): 0:8744) (com.android.systemui.ImageWallpaper (0xb0fea000): 0:5483)* (DimLayerController/Stack=0 (0xb0fc6c00): 0:195)* (NavigationBar (0xb0f93c00): 0:2128) (Sprite (0xb0feb400): 0:1)* (com.android.launcher3/com.android.launcher3.GoogleNowPanel (0xb0fc3000): 0:319)- (Starting de.kai_morich.serial_usb_terminal (0xb0fc5800): 0:23)- (de.kai_morich.serial_usb_terminal/de.kai_morich.serial_usb_terminal.MainActivity (0xb0fec800): 52:136) 
09-02 13:05:48.810   544   595 I SFPerfTracer:      triggers: (rate: 0:0) (1916 sw vsyncs) (0 skipped) (0:94586 vsyncs) (1:102600)
09-02 13:05:51.374   544   544 I SFPerfTracer:      triggers: (rate: 8:1582) (compose: 0:1) (post: 0:3) (render: 0:3) (47:96262 frames) (48:101570)
09-02 13:05:51.374   544   544 D SFPerfTracer:        layers: (3:6) (StatusBar (0xb0fc4400): 0:8744) (com.android.systemui.ImageWallpaper (0xb0fea000): 0:5483)* (DimLayerController/Stack=0 (0xb0fc6c00): 0:195)* (NavigationBar (0xb0f93c00): 0:2128) (Sprite (0xb0feb400): 0:1)* (de.kai_morich.serial_usb_terminal/de.kai_morich.serial_usb_terminal.MainActivity (0xb0fec800): 47:233) 
09-02 13:05:53.522   544   595 I SFPerfTracer:      triggers: (rate: 0:0) (1916 sw vsyncs) (0 skipped) (33:94695 vsyncs) (35:102720)
09-02 13:05:56.687   544   544 I SFPerfTracer:      triggers: (rate: 8:1584) (compose: 0:1) (post: 0:3) (render: 0:3) (51:96382 frames) (52:101697)
09-02 13:05:56.687   544   544 D SFPerfTracer:        layers: (3:6) (StatusBar (0xb0fc4400): 0:8744) (com.android.systemui.ImageWallpaper (0xb0fea000): 0:5483)* (DimLayerController/Stack=0 (0xb0fc6c00): 0:195)* (NavigationBar (0xb0f93c00): 0:2128) (Sprite (0xb0feb400): 0:1)* (de.kai_morich.serial_usb_terminal/de.kai_morich.serial_usb_terminal.MainActivity (0xb0fec800): 51:356) 
