09-02 13:43:06.991  1484  1997 I WindowManager: Destroying surface Surface(name=com.android.launcher3/com.android.launcher3.GoogleNowPanel) called by com.android.server.wm.WindowStateAnimator.destroySurface:2069 com.android.server.wm.WindowStateAnimator.destroySurfaceLocked:897 com.android.server.wm.WindowState.destroyOrSaveSurface:2121 com.android.server.wm.AppWindowToken.destroySurfaces:368 com.android.server.wm.AppWindowToken.notifyAppStopped:394 com.android.server.wm.WindowManagerService.notifyAppStopped:4539 com.android.server.am.ActivityStack.activityStoppedLocked:1267 com.android.server.am.ActivityManagerService.activityStopped:7177 
09-02 13:43:07.140  1484  1579 I WindowManager: Destroying surface Surface(name=Starting org.camemergency.gps) called by com.android.server.wm.WindowStateAnimator.destroySurface:2069 com.android.server.wm.WindowStateAnimator.destroySurfaceLocked:897 com.android.server.wm.WindowState.destroyOrSaveSurface:2121 com.android.server.wm.AppWindowToken.destroySurfaces:368 com.android.server.wm.WindowStateAnimator.finishExit:575 com.android.server.wm.WindowStateAnimator.stepAnimationLocked:501 com.android.server.wm.WindowAnimator.updateWindowsLocked:303 com.android.server.wm.WindowAnimator.animateLocked:704 
09-02 13:43:07.856 14101 14196 I chatty  : uid=10154(org.camemergency.gps) expire 14 lines
09-02 13:43:08.002  1484  1506 D WifiService: acquireWifiLockLocked: WifiLock{NlpWifiLock type=2 uid=10026}
09-02 13:43:08.006  1484  1536 I chatty  : uid=1000(system) android.bg expire 10 lines
09-02 13:43:08.033  1484  2516 I chatty  : uid=1000(system) Binder:1484_15 expire 7 lines
09-02 13:43:08.217 14101 14203 I chatty  : uid=10154(org.camemergency.gps) expire 10 lines
09-02 13:43:08.220  1484  1506 I ActivityManager: START u0 {act=locationsettings flg=0x10000000 cmp=org.camemergency.gps/com.transistorsoft.locationmanager.activity.TSLocationManagerActivity} from uid 10154 on display 0
09-02 13:43:08.230   544   544 I SFPerfTracer:      triggers: (rate: 8:1806) (compose: 0:1) (post: 0:4) (render: 0:3) (53:130193 frames) (54:136455)
09-02 13:43:08.231   544   544 D SFPerfTracer:        layers: (4:9) (StatusBar (0xb0fc4400): 1:12105) (com.android.systemui.ImageWallpaper (0xb0fea000): 0:8445)* (DimLayerController/Stack=0 (0xb0fc6c00): 0:239)* (NavigationBar (0xb0f93c00): 0:5244) (Sprite (0xb0feb400): 0:1)* (com.android.launcher3/com.android.launcher3.GoogleNowPanel (0xb0fc5800): 0:87)- (Toast (0xb0fc3000): 0:82) (Starting org.camemergency.gps (0xb0fec800): 0:42)- (org.camemergency.gps/org.camemergency.gps.MainActivity (0xb0fedc00): 54:72) 
09-02 13:43:08.243 14101 14197 I chatty  : uid=10154(org.camemergency.gps) expire 2 lines
09-02 13:43:08.246 14101 14204 I chatty  : uid=10154(org.camemergency.gps) expire 1 line
09-02 13:43:08.266 14101 14172 I chatty  : uid=10154(org.camemergency.gps) expire 1 line
09-02 13:43:08.271  1484  1540 V ActivityManager: Attempted to start a foreground service (ComponentInfo{org.camemergency.gps/de.appplant.cordova.plugin.background.ForegroundService}) with a broken notification (no icon: Notification(pri=-2 contentView=null vibrate=null sound=null defaults=0x0 flags=0x42 color=0x00000000 vis=PRIVATE))
09-02 13:43:08.274  1484  1484 V NotificationService: pkg=org.camemergency.gps canInterrupt=false intercept=true
09-02 13:43:08.454  1484  2425 I WindowManager: Failed to capture screenshot of Token{f104f3 ActivityRecord{8b4ab62 u0 org.camemergency.gps/com.transistorsoft.locationmanager.activity.TSLocationManagerActivity t287 f}} appWin=Window{8e9f286 u0 org.camemergency.gps/com.transistorsoft.locationmanager.activity.TSLocationManagerActivity} drawState=3
09-02 13:43:08.467  1484  1579 I LaunchCheckinHandler: Displayed org.camemergency.gps/com.transistorsoft.locationmanager.activity.TSLocationManagerActivity,wp,ca,212
09-02 13:43:08.491  1484  2425 I WindowManager: Destroying surface Surface(name=org.camemergency.gps/com.transistorsoft.locationmanager.activity.TSLocationManagerActivity) called by com.android.server.wm.WindowStateAnimator.destroySurface:2069 com.android.server.wm.WindowStateAnimator.destroySurfaceLocked:897 com.android.server.wm.WindowState.removeLocked:1464 com.android.server.wm.WindowManagerService.removeWindowInnerLocked:2552 com.android.server.wm.WindowManagerService.removeWindowLocked:2510 com.android.server.wm.WindowManagerService.removeWindowLocked:2379 com.android.server.wm.WindowManagerService.removeWindow:2370 com.android.server.wm.Session.remove:202 
09-02 13:43:08.509   544   595 I SFPerfTracer:      triggers: (rate: 0:0) (1916 sw vsyncs) (0 skipped) (126:128789 vsyncs) (128:137737)
09-02 13:43:08.619  1484  1484 V NotificationService: pkg=org.camemergency.gps canInterrupt=false intercept=true
09-02 13:43:08.625  1484  1484 V NotificationService: pkg=org.camemergency.gps canInterrupt=false intercept=true
09-02 13:43:08.799  1484  1484 V NotificationService: pkg=org.camemergency.gps canInterrupt=false intercept=true
09-02 13:43:08.804  1484  1484 V NotificationService: pkg=org.camemergency.gps canInterrupt=false intercept=true
09-02 13:43:08.822  1484  2417 W AppOps  : Bad call: specified package com.google.android.gms under uid 10154 but it is really 10026
09-02 13:43:08.822  1484  2417 W AppOps  : java.lang.RuntimeException: here
09-02 13:43:08.822  1484  2417 W AppOps  : 	at com.android.server.AppOpsService.getOpsRawLocked(AppOpsService.java:1257)
09-02 13:43:08.822  1484  2417 W AppOps  : 	at com.android.server.AppOpsService.checkPackage(AppOpsService.java:976)
09-02 13:43:08.822  1484  2417 W AppOps  : 	at com.android.internal.app.IAppOpsService$Stub.onTransact(IAppOpsService.java:169)
09-02 13:43:08.822  1484  2417 W AppOps  : 	at android.os.Binder.execTransact(Binder.java:565)
09-02 13:43:08.824  1484  2496 W AppOps  : Bad call: specified package com.google.android.gms under uid 10154 but it is really 10026
09-02 13:43:08.824  1484  2496 W AppOps  : java.lang.RuntimeException: here
09-02 13:43:08.824  1484  2496 W AppOps  : 	at com.android.server.AppOpsService.getOpsRawLocked(AppOpsService.java:1257)
09-02 13:43:08.824  1484  2496 W AppOps  : 	at com.android.server.AppOpsService.checkPackage(AppOpsService.java:976)
09-02 13:43:08.824  1484  2496 W AppOps  : 	at com.android.internal.app.IAppOpsService$Stub.onTransact(IAppOpsService.java:169)
09-02 13:43:08.824  1484  2496 W AppOps  : 	at android.os.Binder.execTransact(Binder.java:565)
09-02 13:43:08.825  1484  2460 W AppOps  : Bad call: specified package com.google.android.gms under uid 10154 but it is really 10026
09-02 13:43:08.825  1484  2460 W AppOps  : java.lang.RuntimeException: here
09-02 13:43:08.825  1484  2460 W AppOps  : 	at com.android.server.AppOpsService.getOpsRawLocked(AppOpsService.java:1257)
09-02 13:43:08.825  1484  2460 W AppOps  : 	at com.android.server.AppOpsService.checkPackage(AppOpsService.java:976)
09-02 13:43:08.825  1484  2460 W AppOps  : 	at com.android.internal.app.IAppOpsService$Stub.onTransact(IAppOpsService.java:169)
09-02 13:43:08.825  1484  2460 W AppOps  : 	at android.os.Binder.execTransact(Binder.java:565)
09-02 13:43:08.827  1484  2445 W AppOps  : Bad call: specified package com.google.android.gms under uid 10154 but it is really 10026
09-02 13:43:08.827  1484  2445 W AppOps  : java.lang.RuntimeException: here
09-02 13:43:08.827  1484  2445 W AppOps  : 	at com.android.server.AppOpsService.getOpsRawLocked(AppOpsService.java:1257)
09-02 13:43:08.827  1484  2445 W AppOps  : 	at com.android.server.AppOpsService.checkPackage(AppOpsService.java:976)
09-02 13:43:08.827  1484  2445 W AppOps  : 	at com.android.internal.app.IAppOpsService$Stub.onTransact(IAppOpsService.java:169)
09-02 13:43:08.827  1484  2445 W AppOps  : 	at android.os.Binder.execTransact(Binder.java:565)
09-02 13:43:08.829  1484  1997 W AppOps  : Bad call: specified package com.google.android.gms under uid 10154 but it is really 10026
09-02 13:43:08.829  1484  1997 W AppOps  : java.lang.RuntimeException: here
09-02 13:43:08.829  1484  1997 W AppOps  : 	at com.android.server.AppOpsService.getOpsRawLocked(AppOpsService.java:1257)
09-02 13:43:08.829  1484  1997 W AppOps  : 	at com.android.server.AppOpsService.checkPackage(AppOpsService.java:976)
09-02 13:43:08.829  1484  1997 W AppOps  : 	at com.android.internal.app.IAppOpsService$Stub.onTransact(IAppOpsService.java:169)
09-02 13:43:08.829  1484  1997 W AppOps  : 	at android.os.Binder.execTransact(Binder.java:565)
09-02 13:43:08.831  1484  2521 W AppOps  : Bad call: specified package com.google.android.gms under uid 10154 but it is really 10026
09-02 13:43:08.831  1484  2521 W AppOps  : java.lang.RuntimeException: here
09-02 13:43:08.831  1484  2521 W AppOps  : 	at com.android.server.AppOpsService.getOpsRawLocked(AppOpsService.java:1257)
09-02 13:43:08.831  1484  2521 W AppOps  : 	at com.android.server.AppOpsService.checkPackage(AppOpsService.java:976)
09-02 13:43:08.831  1484  2521 W AppOps  : 	at com.android.internal.app.IAppOpsService$Stub.onTransact(IAppOpsService.java:169)
09-02 13:43:08.831  1484  2521 W AppOps  : 	at android.os.Binder.execTransact(Binder.java:565)
09-02 13:43:08.834  1484  2515 W AppOps  : Bad call: specified package com.google.android.gms under uid 10154 but it is really 10026
09-02 13:43:08.834  1484  2515 W AppOps  : java.lang.RuntimeException: here
09-02 13:43:08.834  1484  2515 W AppOps  : 	at com.android.server.AppOpsService.getOpsRawLocked(AppOpsService.java:1257)
09-02 13:43:08.834  1484  2515 W AppOps  : 	at com.android.server.AppOpsService.checkPackage(AppOpsService.java:976)
09-02 13:43:08.834  1484  2515 W AppOps  : 	at com.android.internal.app.IAppOpsService$Stub.onTransact(IAppOpsService.java:169)
09-02 13:43:08.834  1484  2515 W AppOps  : 	at android.os.Binder.execTransact(Binder.java:565)
09-02 13:43:08.835  1484  2496 W AppOps  : Bad call: specified package com.google.android.gms under uid 10154 but it is really 10026
09-02 13:43:08.835  1484  2496 W AppOps  : java.lang.RuntimeException: here
09-02 13:43:08.835  1484  2496 W AppOps  : 	at com.android.server.AppOpsService.getOpsRawLocked(AppOpsService.java:1257)
09-02 13:43:08.835  1484  2496 W AppOps  : 	at com.android.server.AppOpsService.checkPackage(AppOpsService.java:976)
09-02 13:43:08.835  1484  2496 W AppOps  : 	at com.android.internal.app.IAppOpsService$Stub.onTransact(IAppOpsService.java:169)
09-02 13:43:08.835  1484  2496 W AppOps  : 	at android.os.Binder.execTransact(Binder.java:565)
09-02 13:43:08.837  1484  2494 W AppOps  : Bad call: specified package com.google.android.gms under uid 10154 but it is really 10026
09-02 13:43:08.837  1484  2494 W AppOps  : java.lang.RuntimeException: here
09-02 13:43:08.837  1484  2494 W AppOps  : 	at com.android.server.AppOpsService.getOpsRawLocked(AppOpsService.java:1257)
09-02 13:43:08.837  1484  2494 W AppOps  : 	at com.android.server.AppOpsService.checkPackage(AppOpsService.java:976)
09-02 13:43:08.837  1484  2494 W AppOps  : 	at com.android.internal.app.IAppOpsService$Stub.onTransact(IAppOpsService.java:169)
09-02 13:43:08.837  1484  2494 W AppOps  : 	at android.os.Binder.execTransact(Binder.java:565)
09-02 13:43:08.839  1484  2516 W AppOps  : Bad call: specified package com.google.android.gms under uid 10154 but it is really 10026
09-02 13:43:08.839  1484  2516 W AppOps  : java.lang.RuntimeException: here
09-02 13:43:08.839  1484  2516 W AppOps  : 	at com.android.server.AppOpsService.getOpsRawLocked(AppOpsService.java:1257)
09-02 13:43:08.839  1484  2516 W AppOps  : 	at com.android.server.AppOpsService.checkPackage(AppOpsService.java:976)
09-02 13:43:08.839  1484  2516 W AppOps  : 	at com.android.internal.app.IAppOpsService$Stub.onTransact(IAppOpsService.java:169)
09-02 13:43:08.839  1484  2516 W AppOps  : 	at android.os.Binder.execTransact(Binder.java:565)
09-02 13:43:08.841  1484  2521 W AppOps  : Bad call: specified package com.google.android.gms under uid 10154 but it is really 10026
09-02 13:43:08.841  1484  2521 W AppOps  : java.lang.RuntimeException: here
09-02 13:43:08.841  1484  2521 W AppOps  : 	at com.android.server.AppOpsService.getOpsRawLocked(AppOpsService.java:1257)
09-02 13:43:08.841  1484  2521 W AppOps  : 	at com.android.server.AppOpsService.checkPackage(AppOpsService.java:976)
09-02 13:43:08.841  1484  2521 W AppOps  : 	at com.android.internal.app.IAppOpsService$Stub.onTransact(IAppOpsService.java:169)
09-02 13:43:08.841  1484  2521 W AppOps  : 	at android.os.Binder.execTransact(Binder.java:565)
09-02 13:43:08.842  1484  2446 W AppOps  : Bad call: specified package com.google.android.gms under uid 10154 but it is really 10026
09-02 13:43:08.842  1484  2446 W AppOps  : java.lang.RuntimeException: here
09-02 13:43:08.842  1484  2446 W AppOps  : 	at com.android.server.AppOpsService.getOpsRawLocked(AppOpsService.java:1257)
09-02 13:43:08.842  1484  2446 W AppOps  : 	at com.android.server.AppOpsService.checkPackage(AppOpsService.java:976)
09-02 13:43:08.842  1484  2446 W AppOps  : 	at com.android.internal.app.IAppOpsService$Stub.onTransact(IAppOpsService.java:169)
09-02 13:43:08.842  1484  2446 W AppOps  : 	at android.os.Binder.execTransact(Binder.java:565)
09-02 13:43:09.231  1484  1579 I WindowManager: Destroying surface Surface(name=Toast) called by com.android.server.wm.WindowStateAnimator.destroySurface:2069 com.android.server.wm.WindowStateAnimator.destroySurfaceLocked:897 com.android.server.wm.WindowState.destroyOrSaveSurface:2121 com.android.server.wm.WindowSurfacePlacer.performSurfacePlacementInner:433 com.android.server.wm.WindowSurfacePlacer.performSurfacePlacementLoop:234 com.android.server.wm.WindowSurfacePlacer.performSurfacePlacement:182 com.android.server.wm.WindowManagerService$H.handleMessage:8213 android.os.Handler.dispatchMessage:102 
09-02 13:43:09.438  1484  1927 I chatty  : uid=1000(system) FLP Service Cal expire 13 lines
09-02 13:43:09.441  1484  1996 D WifiService: releaseWifiLockLocked: WifiLock{NlpWifiLock type=2 uid=10026}
09-02 13:43:09.450  1484  1484 V NotificationService: pkg=org.camemergency.gps canInterrupt=false intercept=true
09-02 13:43:09.516   734   734 W QComExtractorFactory: Not matched with any sniff above, lets try other sniffs 
09-02 13:43:09.519   735 14220 D NuPlayerDriver: notifyListener_l(0xb2fa0ae0), (1, 0, 0), loop setting(0, 0)
09-02 13:43:09.523   735   735 D NuPlayerDriver: start(0xb2fa0ae0), state is 4, eos is 0
09-02 13:43:09.523   735 14220 I GenericSource: start
09-02 13:43:09.532   735 14224 I MediaCodec: (0xb17c4280) init name(audio/mpeg) isType(1) encoder(0)
09-02 13:43:09.533   735 14225 I MediaPlayerService: MediaPlayerService::getOMX
09-02 13:43:09.534   735 14225 I OMXClient: MuxOMX ctor
09-02 13:43:09.534   731  1112 I OMXMaster: makeComponentInstance(OMX.google.mp3.decoder) in mediacodec process
09-02 13:43:09.536   735 14225 I MediaCodec: (0xb17c4280) Component Allocated (OMX.google.mp3.decoder)
09-02 13:43:09.536   735 14224 I MediaCodec: (0xb17c4280) configure surface(0x0) crypto(0x0) flags(0)
09-02 13:43:09.536   735 14224 D MediaCodec: (0xb17c4280) configure format: AMessage(what = 0x00000000) = {
09-02 13:43:09.536   735 14224 D MediaCodec:       string mime = "audio/mpeg"
09-02 13:43:09.536   735 14224 D MediaCodec:       int64_t durationUs = 1253875
09-02 13:43:09.536   735 14224 D MediaCodec:       int32_t bitrate = 320000
09-02 13:43:09.536   735 14224 D MediaCodec:       int32_t channel-count = 2
09-02 13:43:09.536   735 14224 D MediaCodec:       int32_t sample-rate = 44100
09-02 13:43:09.536   735 14224 D MediaCodec:       int32_t encoder-delay = 528
09-02 13:43:09.536   735 14224 D MediaCodec:       int32_t encoder-padding = 2400
09-02 13:43:09.536   735 14224 D MediaCodec:       int32_t priority = 0
09-02 13:43:09.536   735 14224 D MediaCodec:     }
09-02 13:43:09.537   731  1113 E OMXNodeInstance: setConfig(2db0052:google.mp3.decoder, ConfigPriority(0x6f800002)) ERROR: Undefined(0x80001001)
09-02 13:43:09.537   735 14225 I ACodec  : codec does not support config priority (err -2147483648)
09-02 13:43:09.539   731  1113 E OMXNodeInstance: setConfig(2db0052:google.mp3.decoder, ConfigPriority(0x6f800002)) ERROR: Undefined(0x80001001)
09-02 13:43:09.539   735 14225 I ACodec  : codec does not support config priority (err -2147483648)
09-02 13:43:09.540   735 14225 I MediaCodec: MediaCodec will operate in async mode
09-02 13:43:09.540   735 14224 I MediaCodec: (0xb17c4280) start
09-02 13:43:09.544   735 14225 I MediaCodec: (0xb17c4280) input buffers allocated
09-02 13:43:09.544   735 14225 I MediaCodec: (0xb17c4280) numBuffers (4)
09-02 13:43:09.544   735 14225 I MediaCodec: (0xb17c4280) output buffers allocated
09-02 13:43:09.544   735 14225 I MediaCodec: (0xb17c4280) numBuffers (4)
09-02 13:43:09.549   735 14225 D MediaCodec: (0xb17c4280) [OMX.google.mp3.decoder] output format changed to: AMessage(what = 0x00000000) = {
09-02 13:43:09.549   735 14225 D MediaCodec:       string mime = "audio/raw"
09-02 13:43:09.549   735 14225 D MediaCodec:       int32_t channel-count = 2
09-02 13:43:09.549   735 14225 D MediaCodec:       int32_t sample-rate = 44100
09-02 13:43:09.549   735 14225 D MediaCodec:       int32_t pcm-encoding = 2
09-02 13:43:09.549   735 14225 D MediaCodec:       int32_t bit-width = 16
09-02 13:43:09.549   735 14225 D MediaCodec:     }
09-02 13:43:09.552   735 14223 D AudioTrack: Client defaulted notificationFrames to 7644 for frameCount 22932
09-02 13:43:09.553   726  1217 D APM_AudioPolicyManager: startOutput() output 21, stream 3, session 657
09-02 13:43:09.553   726  1023 D audio_hw_primary: out_set_parameters: enter: usecase(0: deep-buffer-playback) kvpairs: routing=2
09-02 13:43:09.555   735 14220 D NuPlayerDriver: notifyListener_l(0xb2fa0ae0), (6, 0, 0), loop setting(0, 0)
09-02 13:43:09.555  1944  4294 I GeofencerStateMachine: addGeofences called by org.camemergency.gps
09-02 13:43:09.562  1484  1484 V NotificationService: pkg=org.camemergency.gps canInterrupt=false intercept=true
09-02 13:43:09.564   726  1023 V msm8974_platform: platform_get_output_snd_device: enter: output devices(0x2)
09-02 13:43:09.564   726  1023 V msm8974_platform: platform_get_output_snd_device: exit: snd_device(speaker)
09-02 13:43:09.565   726  1023 V msm8974_platform: platform_send_audio_calibration: sending audio calibration for snd_device(2) acdb_id(14)
09-02 13:43:09.565   726  1023 D ACDB-LOADER: ACDB -> send_audio_cal, acdb_id = 14, path = 0, app id = 0x11130, sample rate = 48000
09-02 13:43:09.565   726  1023 D ACDB-LOADER: ACDB -> send_asm_topology
09-02 13:43:09.565   726  1023 D ACDB-LOADER: ACDB -> ACDB_CMD_GET_AUDPROC_STREAM_TOPOLOGY_ID
09-02 13:43:09.565   726  1023 D ACDB-LOADER: ACDB -> send_adm_topology
09-02 13:43:09.565   726  1023 D ACDB-LOADER: ACDB -> ACDB_CMD_GET_AUDPROC_COMMON_TOPOLOGY_ID
09-02 13:43:09.565   726  1023 D ACDB-LOADER: ACDB -> send_audtable
09-02 13:43:09.565   726  1023 D ACDB-LOADER: ACDB -> ACDB_CMD_GET_AUDPROC_COMMON_TABLE_SIZE
09-02 13:43:09.565   726  1023 D ACDB-LOADER: ACDB -> ACDB_CMD_GET_AUDPROC_COMMON_TABLE
09-02 13:43:09.565   726  1023 D ACDB-LOADER: ACDB -> AUDIO_SET_AUDPROC_CAL
09-02 13:43:09.565   726  1023 D ACDB-LOADER: ACDB -> send_audvoltable
09-02 13:43:09.565   726  1023 D ACDB-LOADER: ACDB -> ACDB_CMD_GET_AUDPROC_GAIN_DEP_STEP_TABLE, vol index 0
09-02 13:43:09.565   726  1023 D ACDB-LOADER: ACDB -> AUDIO_SET_VOL_CAL cal type = 12
09-02 13:43:09.565   726  1023 D ACDB-LOADER: ACDB -> send_audstrmtable
09-02 13:43:09.565   726  1023 D ACDB-LOADER: ACDB -> ACDB_CMD_GET_AUDPROC_STREAM_TABLE_V2
09-02 13:43:09.565   726  1023 D ACDB-LOADER: ACDB -> audstrm_cal->cal_type.cal_data.cal_size = 456
09-02 13:43:09.565   726  1023 D ACDB-LOADER: ACDB -> send_afe_topology
09-02 13:43:09.565   726  1023 D ACDB-LOADER: ACDB -> ACDB_CMD_GET_AFE_TOPOLOGY_ID
09-02 13:43:09.565   726  1023 D ACDB-LOADER: ACDB -> GET_AFE_TOPOLOGY_ID for adcd_id 14, Topology Id 1025e
09-02 13:43:09.565   726  1023 D ACDB-LOADER: ACDB -> send_afe_cal
09-02 13:43:09.565   726  1023 D ACDB-LOADER: ACDB -> ACDB_CMD_GET_AFE_COMMON_TABLE
09-02 13:43:09.565   726  1023 D ACDB-LOADER: ACDB -> AUDIO_SET_AFE_CAL
09-02 13:43:09.565   726  1023 D ACDB-LOADER: ACDB -> send_hw_delay : acdb_id = 14 path = 0
09-02 13:43:09.565   726  1023 D ACDB-LOADER: ACDB -> ACDB_AVSYNC_INFO: ACDB_CMD_GET_DEVICE_PROPERTY
09-02 13:43:09.565   726  1023 D audio_hw_primary: enable_snd_device: snd_device(2: speaker)
09-02 13:43:09.568   726  1023 D audio_hw_primary: enable_audio_route: apply and update mixer path: deep-buffer-playback
09-02 13:43:09.569   726  1023 I audio_hw_utils: audio_extn_utils_send_app_type_cfg PLAYBACK app_type 69936, acdb_dev_id 14, sample_rate 48000
09-02 13:43:09.584  1484  1484 V NotificationService: pkg=org.camemergency.gps canInterrupt=false intercept=true
09-02 13:43:09.594  1484  1484 V NotificationService: pkg=org.camemergency.gps canInterrupt=false intercept=true
09-02 13:43:09.616  1484  1927 W ContextImpl: Calling a method in the system process without a qualified user: android.app.ContextImpl.sendBroadcast:892 com.android.server.location.GnssLocationProvider.reportStatus:1977 <bottom of call stack> <bottom of call stack> <bottom of call stack> 
09-02 13:43:09.639  1944  1944 I GeofencerStateMachine: sendNewTransitions called.
09-02 13:43:09.641  1944  1944 I GeofencerStateMachine: sendNewLocationAvailability: availability=LocationAvailability[isLocationAvailable: true]
09-02 13:43:09.643  1944  1944 I GeofencerStateMachine: sendNewTransitions called.
09-02 13:43:09.649  1944  1944 I GeofencerStateMachine: sendNewLocationAvailability: availability=LocationAvailability[isLocationAvailable: true]
09-02 13:43:09.650   726  1023 D AudioFlinger: mixer(0xa7183c40) throttle end: throttle time(19)
09-02 13:43:09.676  1944  1944 I GeofencerStateMachine: sendNewLocationAvailability: availability=LocationAvailability[isLocationAvailable: true]
09-02 13:43:09.680  1944  1944 I GeofencerStateMachine: sendNewTransitions called.
09-02 13:43:09.686  1944  1944 I GeofencerStateMachine: sendNewLocationAvailability: availability=LocationAvailability[isLocationAvailable: true]
09-02 13:43:09.721  1944  1944 I GeofencerStateMachine: sendNewLocationAvailability: availability=LocationAvailability[isLocationAvailable: true]
09-02 13:43:09.723  1944  1944 I GeofencerStateMachine: sendNewLocationAvailability: availability=LocationAvailability[isLocationAvailable: true]
09-02 13:43:09.735  1944  1944 I GeofencerStateMachine: sendNewLocationAvailability: availability=LocationAvailability[isLocationAvailable: true]
09-02 13:43:09.813  1484  1494 I chatty  : uid=1000(system) HeapTaskDaemon expire 4 lines
09-02 13:43:10.125  1484  1484 V NotificationService: pkg=org.camemergency.gps canInterrupt=false intercept=true
09-02 13:43:10.135  1484  1484 V NotificationService: pkg=org.camemergency.gps canInterrupt=false intercept=true
09-02 13:43:10.153  1484  1997 W AppOps  : Bad call: specified package com.google.android.gms under uid 10154 but it is really 10026
09-02 13:43:10.153  1484  1997 W AppOps  : java.lang.RuntimeException: here
09-02 13:43:10.153  1484  1997 W AppOps  : 	at com.android.server.AppOpsService.getOpsRawLocked(AppOpsService.java:1257)
09-02 13:43:10.153  1484  1997 W AppOps  : 	at com.android.server.AppOpsService.checkPackage(AppOpsService.java:976)
09-02 13:43:10.153  1484  1997 W AppOps  : 	at com.android.internal.app.IAppOpsService$Stub.onTransact(IAppOpsService.java:169)
09-02 13:43:10.153  1484  1997 W AppOps  : 	at android.os.Binder.execTransact(Binder.java:565)
09-02 13:43:10.155  1484  1505 W AppOps  : Bad call: specified package com.google.android.gms under uid 10154 but it is really 10026
09-02 13:43:10.155  1484  1505 W AppOps  : java.lang.RuntimeException: here
09-02 13:43:10.155  1484  1505 W AppOps  : 	at com.android.server.AppOpsService.getOpsRawLocked(AppOpsService.java:1257)
09-02 13:43:10.155  1484  1505 W AppOps  : 	at com.android.server.AppOpsService.checkPackage(AppOpsService.java:976)
09-02 13:43:10.155  1484  1505 W AppOps  : 	at com.android.internal.app.IAppOpsService$Stub.onTransact(IAppOpsService.java:169)
09-02 13:43:10.155  1484  1505 W AppOps  : 	at android.os.Binder.execTransact(Binder.java:565)
09-02 13:43:10.157  1484  2515 W AppOps  : Bad call: specified package com.google.android.gms under uid 10154 but it is really 10026
09-02 13:43:10.157  1484  2515 W AppOps  : java.lang.RuntimeException: here
09-02 13:43:10.157  1484  2515 W AppOps  : 	at com.android.server.AppOpsService.getOpsRawLocked(AppOpsService.java:1257)
09-02 13:43:10.157  1484  2515 W AppOps  : 	at com.android.server.AppOpsService.checkPackage(AppOpsService.java:976)
09-02 13:43:10.157  1484  2515 W AppOps  : 	at com.android.internal.app.IAppOpsService$Stub.onTransact(IAppOpsService.java:169)
09-02 13:43:10.157  1484  2515 W AppOps  : 	at android.os.Binder.execTransact(Binder.java:565)
09-02 13:43:10.158  1484  2478 W AppOps  : Bad call: specified package com.google.android.gms under uid 10154 but it is really 10026
09-02 13:43:10.158  1484  2478 W AppOps  : java.lang.RuntimeException: here
09-02 13:43:10.158  1484  2478 W AppOps  : 	at com.android.server.AppOpsService.getOpsRawLocked(AppOpsService.java:1257)
09-02 13:43:10.158  1484  2478 W AppOps  : 	at com.android.server.AppOpsService.checkPackage(AppOpsService.java:976)
09-02 13:43:10.158  1484  2478 W AppOps  : 	at com.android.internal.app.IAppOpsService$Stub.onTransact(IAppOpsService.java:169)
09-02 13:43:10.158  1484  2478 W AppOps  : 	at android.os.Binder.execTransact(Binder.java:565)
09-02 13:43:10.160  1484  2460 W AppOps  : Bad call: specified package com.google.android.gms under uid 10154 but it is really 10026
09-02 13:43:10.160  1484  2460 W AppOps  : java.lang.RuntimeException: here
09-02 13:43:10.160  1484  2460 W AppOps  : 	at com.android.server.AppOpsService.getOpsRawLocked(AppOpsService.java:1257)
09-02 13:43:10.160  1484  2460 W AppOps  : 	at com.android.server.AppOpsService.checkPackage(AppOpsService.java:976)
09-02 13:43:10.160  1484  2460 W AppOps  : 	at com.android.internal.app.IAppOpsService$Stub.onTransact(IAppOpsService.java:169)
09-02 13:43:10.160  1484  2460 W AppOps  : 	at android.os.Binder.execTransact(Binder.java:565)
09-02 13:43:10.162  1484  2446 W AppOps  : Bad call: specified package com.google.android.gms under uid 10154 but it is really 10026
09-02 13:43:10.162  1484  2446 W AppOps  : java.lang.RuntimeException: here
09-02 13:43:10.162  1484  2446 W AppOps  : 	at com.android.server.AppOpsService.getOpsRawLocked(AppOpsService.java:1257)
09-02 13:43:10.162  1484  2446 W AppOps  : 	at com.android.server.AppOpsService.checkPackage(AppOpsService.java:976)
09-02 13:43:10.162  1484  2446 W AppOps  : 	at com.android.internal.app.IAppOpsService$Stub.onTransact(IAppOpsService.java:169)
09-02 13:43:10.162  1484  2446 W AppOps  : 	at android.os.Binder.execTransact(Binder.java:565)
09-02 13:43:10.163  1484  1505 W AppOps  : Bad call: specified package com.google.android.gms under uid 10154 but it is really 10026
09-02 13:43:10.163  1484  1505 W AppOps  : java.lang.RuntimeException: here
09-02 13:43:10.163  1484  1505 W AppOps  : 	at com.android.server.AppOpsService.getOpsRawLocked(AppOpsService.java:1257)
09-02 13:43:10.163  1484  1505 W AppOps  : 	at com.android.server.AppOpsService.checkPackage(AppOpsService.java:976)
09-02 13:43:10.163  1484  1505 W AppOps  : 	at com.android.internal.app.IAppOpsService$Stub.onTransact(IAppOpsService.java:169)
09-02 13:43:10.163  1484  1505 W AppOps  : 	at android.os.Binder.execTransact(Binder.java:565)
09-02 13:43:10.166  1484  2515 W AppOps  : Bad call: specified package com.google.android.gms under uid 10154 but it is really 10026
09-02 13:43:10.166  1484  2515 W AppOps  : java.lang.RuntimeException: here
09-02 13:43:10.166  1484  2515 W AppOps  : 	at com.android.server.AppOpsService.getOpsRawLocked(AppOpsService.java:1257)
09-02 13:43:10.166  1484  2515 W AppOps  : 	at com.android.server.AppOpsService.checkPackage(AppOpsService.java:976)
09-02 13:43:10.166  1484  2515 W AppOps  : 	at com.android.internal.app.IAppOpsService$Stub.onTransact(IAppOpsService.java:169)
09-02 13:43:10.166  1484  2515 W AppOps  : 	at android.os.Binder.execTransact(Binder.java:565)
09-02 13:43:10.168  1484  2478 W AppOps  : Bad call: specified package com.google.android.gms under uid 10154 but it is really 10026
09-02 13:43:10.168  1484  2478 W AppOps  : java.lang.RuntimeException: here
09-02 13:43:10.168  1484  2478 W AppOps  : 	at com.android.server.AppOpsService.getOpsRawLocked(AppOpsService.java:1257)
09-02 13:43:10.168  1484  2478 W AppOps  : 	at com.android.server.AppOpsService.checkPackage(AppOpsService.java:976)
09-02 13:43:10.168  1484  2478 W AppOps  : 	at com.android.internal.app.IAppOpsService$Stub.onTransact(IAppOpsService.java:169)
09-02 13:43:10.168  1484  2478 W AppOps  : 	at android.os.Binder.execTransact(Binder.java:565)
09-02 13:43:10.170  1484  2492 W AppOps  : Bad call: specified package com.google.android.gms under uid 10154 but it is really 10026
09-02 13:43:10.170  1484  2492 W AppOps  : java.lang.RuntimeException: here
09-02 13:43:10.170  1484  2492 W AppOps  : 	at com.android.server.AppOpsService.getOpsRawLocked(AppOpsService.java:1257)
09-02 13:43:10.170  1484  2492 W AppOps  : 	at com.android.server.AppOpsService.checkPackage(AppOpsService.java:976)
09-02 13:43:10.170  1484  2492 W AppOps  : 	at com.android.internal.app.IAppOpsService$Stub.onTransact(IAppOpsService.java:169)
09-02 13:43:10.170  1484  2492 W AppOps  : 	at android.os.Binder.execTransact(Binder.java:565)
09-02 13:43:10.171  1484  2460 W AppOps  : Bad call: specified package com.google.android.gms under uid 10154 but it is really 10026
09-02 13:43:10.171  1484  2460 W AppOps  : java.lang.RuntimeException: here
09-02 13:43:10.171  1484  2460 W AppOps  : 	at com.android.server.AppOpsService.getOpsRawLocked(AppOpsService.java:1257)
09-02 13:43:10.171  1484  2460 W AppOps  : 	at com.android.server.AppOpsService.checkPackage(AppOpsService.java:976)
09-02 13:43:10.171  1484  2460 W AppOps  : 	at com.android.internal.app.IAppOpsService$Stub.onTransact(IAppOpsService.java:169)
09-02 13:43:10.171  1484  2460 W AppOps  : 	at android.os.Binder.execTransact(Binder.java:565)
09-02 13:43:10.173  1484  2446 W AppOps  : Bad call: specified package com.google.android.gms under uid 10154 but it is really 10026
09-02 13:43:10.173  1484  2446 W AppOps  : java.lang.RuntimeException: here
09-02 13:43:10.173  1484  2446 W AppOps  : 	at com.android.server.AppOpsService.getOpsRawLocked(AppOpsService.java:1257)
09-02 13:43:10.173  1484  2446 W AppOps  : 	at com.android.server.AppOpsService.checkPackage(AppOpsService.java:976)
09-02 13:43:10.173  1484  2446 W AppOps  : 	at com.android.internal.app.IAppOpsService$Stub.onTransact(IAppOpsService.java:169)
09-02 13:43:10.173  1484  2446 W AppOps  : 	at android.os.Binder.execTransact(Binder.java:565)
09-02 13:43:10.213   735 14224 I NuPlayerDecoder: [audio] saw output EOS
09-02 13:43:10.865   735 14220 I ExtendedNuPlayer: notifyListener 2 0 0
09-02 13:43:10.865   735 14220 D NuPlayerDriver: notifyListener_l(0xb2fa0ae0), (2, 0, 0), loop setting(0, 0)
09-02 13:43:10.866   735   735 D NuPlayerDriver: reset(0xb2fa0ae0) at state 6
09-02 13:43:10.866   735   735 D NuPlayerDriver: notifyListener_l(0xb2fa0ae0), (8, 0, 0), loop setting(0, 0)
09-02 13:43:10.867   735 14224 I MediaCodec: (0xb17c4280) flush
09-02 13:43:10.867   735 14224 I MediaCodec: (0xb17c4280) release
09-02 13:43:10.872   735 14220 D NuPlayerDriver: notifyResetComplete(0xb2fa0ae0)
09-02 13:43:10.909   726   973 W AudioFlinger::EffectModule: EffectModule 0xa723d000 destructor called with unreleased interface
09-02 13:43:10.909   726   973 W AudioFlinger::EffectHandle: disconnect Effect handle 0xa722d1c0 disconnected after thread destruction
09-02 13:43:10.909   726   973 D APM_AudioPolicyManager: stopOutput() output 21, stream 3, session 657
09-02 13:43:11.222   455 14237 I Thermal-Lib: Thermal-Lib-Client: Client request sent
09-02 13:43:11.222   716   817 I ThermalEngine: Thermal-Server: Thermal received msg from  override
09-02 13:43:14.083   726  1023 D audio_hw_primary: disable_audio_route: reset and update mixer path: deep-buffer-playback
09-02 13:43:14.085   726  1023 D audio_hw_primary: disable_snd_device: snd_device(2: speaker)
09-02 13:43:18.835   544   595 I SFPerfTracer:      triggers: (rate: 0:0) (1916 sw vsyncs) (0 skipped) (535:129372 vsyncs) (537:138330)
09-02 13:43:27.334  1484  1996 D BatteryService: mLastPlugType/mPlugType:0/0
09-02 13:43:27.334  1484  1996 D BatteryService: set mLastPlugType to 0
09-02 13:43:27.337  2426  2571 W QCNEJ   : |CORE| CNE received unexpected action: android.intent.action.BATTERY_CHANGED
09-02 13:43:27.337  1808  1808 D KeyguardUpdateMonitor: received broadcast android.intent.action.BATTERY_CHANGED
09-02 13:43:27.343  1808  1808 D KeyguardUpdateMonitor: handleBatteryUpdate
09-02 13:43:27.442  1484  1719 D BatteryService: uevent={POWER_SUPPLY_TEMP=377, POWER_SUPPLY_PRESENT=1, POWER_SUPPLY_STATUS=Discharging, POWER_SUPPLY_CAPACITY=54, ACTION=change, DEVPATH=/devices/soc/qpnp-smbcharger-17/power_supply/battery, SUBSYSTEM=power_supply, POWER_SUPPLY_VOLTAGE_NOW=3751809, SEQNUM=12758, POWER_SUPPLY_NAME=battery, POWER_SUPPLY_CURRENT_NOW=695796, POWER_SUPPLY_CHARGE_COUNTER=1618933, POWER_SUPPLY_CHARGE_RATE=None, POWER_SUPPLY_HEALTH=Good}
09-02 13:43:27.444  1484  2446 D BatteryService: mLastPlugType/mPlugType:0/0
09-02 13:43:27.444  1484  2446 D BatteryService: set mLastPlugType to 0
09-02 13:43:27.445  1808  1808 D KeyguardUpdateMonitor: received broadcast android.intent.action.BATTERY_CHANGED
09-02 13:43:27.446  2426  2571 W QCNEJ   : |CORE| CNE received unexpected action: android.intent.action.BATTERY_CHANGED
09-02 13:43:27.454  1808  1808 D KeyguardUpdateMonitor: handleBatteryUpdate
09-02 13:43:28.413   743   743 I cnss-daemon: RTM_NEWNEIGH message received: 28
09-02 13:43:28.413   743   743 E cnss-daemon: Stale or unreachable neighbors, ndm state: 4
09-02 13:43:29.374  1484  1991 D WifiService: acquireWifiLockLocked: WifiLock{NlpWifiLock type=2 uid=10026}
09-02 13:43:29.374 28886 28886 I Finsky  : [1] com.google.android.finsky.scheduler.JobSchedulerEngine$PhoneskyJobSchedulerJobService.onStartJob(3): onJobSchedulerWakeup with jobId 9002
09-02 13:43:29.381 28886 28886 I Finsky  : [1] rqk.a(5): Scheduling fallback in 43199994 (absolute: 134957561)
09-02 13:43:29.390 28886 28886 I Finsky  : [1] rqk.a(5): Scheduling fallback in 64799992 (absolute: 156557568)
09-02 13:43:29.393 28886 28886 V ConnectivityManager: isActiveNetworkMetered() returns:false
09-02 13:43:29.477 28886 13438 V ConnectivityManager: isActiveNetworkMetered() returns:false
09-02 13:43:29.483 28886 28886 I Finsky  : [1] rqu.handleMessage(19): DeviceState: DeviceState{currentTime=1567428209474, isCharging=false, isIdle=false, netAny=true, netNotRoaming=true, netUnmetered=true, batteryPercent=54.0}
09-02 13:43:29.488 28886 14071 I Finsky  : [1880] rsk.b(5): Jobs in database: 1-1337 12-1 26-1414141414 
09-02 13:43:29.489 28886 28886 I Finsky  : [1] rqr.a(22): Running job: 12-1
09-02 13:43:29.490 28886 28886 I Finsky  : [1] com.google.android.finsky.contentsync.ContentSyncJob.a(19): ContentSyncJob started
09-02 13:43:29.490 28886 28886 I Finsky  : [1] rqu.handleMessage(92): RunningQueue size: 1, PendingQueue size: 0
09-02 13:43:29.491 28886 28886 I Finsky  : [1] rqu.handleMessage(101): Running queue: 12-1 
09-02 13:43:29.562 28886 14084 I Finsky  : [1883] ebq.a(19): Completed 0 account content syncs with 0 successful.
09-02 13:43:29.563 28886 28886 I Finsky  : [1] com.google.android.finsky.contentsync.ContentSyncJob.a(17): Installation state replication succeeded.
09-02 13:43:29.563 28886 28886 I Finsky  : [1] rsh.a(3): jobFinished: 12-1. TimeElapsed: 74ms.
09-02 13:43:29.564 28886 28886 I Finsky  : [1] rqr.c(6): Job 12-1 finished. Not rescheduling.
09-02 13:43:29.565 28886 28886 I Finsky  : [1] rqu.handleMessage(92): RunningQueue size: 0, PendingQueue size: 0
09-02 13:43:29.565 28886 28886 I Finsky  : [1] rqu.handleMessage(36): Executor finished
09-02 13:43:29.570 28886 28886 V ConnectivityManager: isActiveNetworkMetered() returns:false
09-02 13:43:29.577 28886 28886 I Finsky  : [1] rsk.b(5): Jobs in database: 1-1337 26-1414141414 
09-02 13:43:29.578 28886 28886 I Finsky  : [1] rpl.a(59): ConstraintMapping: 1-1337,  -> L: 3669986ms, D: 46869986ms, C: false, I: false, N: 1
09-02 13:43:29.578 28886 28886 I Finsky  : [1] rpl.a(59): ConstraintMapping: 26-1414141414,  -> L: 10372121ms, D: 11272121ms, C: false, I: false, N: 0
09-02 13:43:29.611 28886 28886 I Finsky  : [1] com.google.android.finsky.scheduler.JobSchedulerEngine.a(45): Cancelling existing jobscheduler jobs: 9003 
09-02 13:43:29.613 28886 28886 I Finsky  : [1] com.google.android.finsky.scheduler.JobSchedulerEngine.a(1): Scheduling job Id: 9000, L: 3669986, D: 46869986, C: false, I: false, N: 1
09-02 13:43:29.615 28886 28886 I Finsky  : [1] com.google.android.finsky.scheduler.JobSchedulerEngine.a(1): Scheduling job Id: 9001, L: 10372121, D: 11272121, C: false, I: false, N: 0
09-02 13:43:29.997   544   595 I SFPerfTracer:      triggers: (rate: 0:0) (1916 sw vsyncs) (0 skipped) (653:130033 vsyncs) (655:138995)
09-02 13:43:30.981   873   873 I chatty  : uid=9999(nobody) /system/bin/msm_irqbalance expire 15 lines
09-02 13:43:31.017  1484  2738 I chatty  : uid=1000(system) GNPProxy expire 4 lines
09-02 13:43:31.021  1484  2002 I chatty  : uid=1000(system) FLP Service Cal expire 3 lines
09-02 13:43:31.038  1944  1944 I GeofencerStateMachine: sendNewTransitions called.
09-02 13:43:31.039  1484  2496 D WifiService: releaseWifiLockLocked: WifiLock{NlpWifiLock type=2 uid=10026}
09-02 13:43:31.349  1808  1808 V DeadZone: consuming errant click: (766.0,23.0)
09-02 13:43:32.176   455 14374 I Thermal-Lib: Thermal-Lib-Client: Client request sent
09-02 13:43:32.177   716   817 I ThermalEngine: Thermal-Server: Thermal received msg from  override
09-02 13:43:32.178  1484  2417 I ActivityManager: START u0 {flg=0x10804000 cmp=com.android.systemui/.recents.RecentsActivity} from uid 10062 on display 0
09-02 13:43:32.190 14101 14101 I chatty  : uid=10154(org.camemergency.gps) expire 6 lines
09-02 13:43:32.225  1484  2417 I ActivityManager: moveHomeStack, setupComplete:true
09-02 13:43:32.255   544   544 I SFPerfTracer:      triggers: (rate: 8:1810) (compose: 0:1) (post: 0:4) (render: 0:3) (1336:131588 frames) (1337:137862)
09-02 13:43:32.255   544   544 D SFPerfTracer:        layers: (3:8) (StatusBar (0xb0fc4400): 10:12168) (com.android.systemui.ImageWallpaper (0xb0fea000): 5:8497)* (DimLayerController/Stack=0 (0xb0fc6c00): 0:239)* (NavigationBar (0xb0f93c00): 14:5305) (Sprite (0xb0feb400): 0:1)* (Toast (0xb0fc3000): 0:127)- (org.camemergency.gps/org.camemergency.gps.MainActivity (0xb0fedc00): 1335:1470) (org.camemergency.gps/com.transistorsoft.locationmanager.activity.TSLocationManagerActivity (0xb0fc5800): 0:4)- 
09-02 13:43:32.274  1484  1540 V ActivityManager: Attempted to start a foreground service (ComponentInfo{org.camemergency.gps/de.appplant.cordova.plugin.background.ForegroundService}) with a broken notification (no icon: Notification(pri=-2 contentView=null vibrate=null sound=null defaults=0x0 flags=0x42 color=0x00000000 vis=PRIVATE))
09-02 13:43:32.281  1484  1484 V NotificationService: pkg=org.camemergency.gps canInterrupt=false intercept=true
09-02 13:43:32.311  1484  1579 I LaunchCheckinHandler: Displayed com.android.systemui/.recents.RecentsActivity,wp,wa,132
09-02 13:43:32.517 28886 13438 V ConnectivityManager: isActiveNetworkMetered() returns:false
09-02 13:43:32.671  1484  1579 I WindowManager: Destroying surface Surface(name=org.camemergency.gps/org.camemergency.gps.MainActivity) called by com.android.server.wm.WindowStateAnimator.destroySurface:2069 com.android.server.wm.WindowStateAnimator.destroySurfaceLocked:897 com.android.server.wm.WindowState.destroyOrSaveSurface:2121 com.android.server.wm.AppWindowToken.destroySurfaces:368 com.android.server.wm.WindowStateAnimator.finishExit:575 com.android.server.wm.AppWindowAnimator.stepAnimationLocked:438 com.android.server.wm.WindowAnimator.updateAppWindowsLocked:176 com.android.server.wm.WindowAnimator.animateLocked:678 
09-02 13:43:33.333  1484  2417 I ActivityManager: START u0 {act=android.intent.action.MAIN cat=[android.intent.category.HOME] flg=0x10200000 cmp=com.android.launcher3/.GoogleNowPanel} from uid 10062 on display 0
09-02 13:43:33.367  1484  2445 W ActivityManager: Unable to start service Intent { act=com.android.launcher3.WINDOW_OVERLAY dat=app://com.android.launcher3:10036?v=0 pkg=com.google.android.googlequicksearchbox } U=0: not found
09-02 13:43:33.406  1484  1579 I LaunchCheckinHandler: Displayed com.android.launcher3/.GoogleNowPanel,wp,wa,73
09-02 13:43:33.439  1484  1579 I WindowManager: Destroying surface Surface(name=com.android.systemui/com.android.systemui.recents.RecentsActivity) called by com.android.server.wm.WindowStateAnimator.destroySurface:2069 com.android.server.wm.WindowStateAnimator.destroySurfaceLocked:897 com.android.server.wm.WindowState.destroyOrSaveSurface:2121 com.android.server.wm.AppWindowToken.destroySurfaces:368 com.android.server.wm.WindowStateAnimator.finishExit:575 com.android.server.wm.AppWindowAnimator.stepAnimationLocked:438 com.android.server.wm.WindowAnimator.updateAppWindowsLocked:176 com.android.server.wm.WindowAnimator.animateLocked:678 
09-02 13:43:33.502  1484  2475 I WindowManager: WIN DEATH: Window{f497549 u0 org.camemergency.gps/org.camemergency.gps.MainActivity}
09-02 13:43:33.502  1484  2521 D ConnectivityService: ConnectivityService NetworkRequestInfo binderDied(NetworkRequest [ id=170, legacyType=-1, [ Capabilities: NOT_RESTRICTED&TRUSTED&NOT_VPN] ], android.os.BinderProxy@56b17a0)
09-02 13:43:33.502  1484  1991 D ConnectivityService: ConnectivityService NetworkRequestInfo binderDied(NetworkRequest [ id=169, legacyType=-1, [ Capabilities: INTERNET&NOT_RESTRICTED&TRUSTED] ], android.os.BinderProxy@58bff59)
09-02 13:43:33.502  1484  2417 I chatty  : uid=1000(system) Binder:1484_8 expire 1 line
09-02 13:43:33.502  1484  2478 I ActivityManager: Process org.camemergency.gps (pid 14101) has died
09-02 13:43:33.502  1484  2478 D ActivityManager: cleanUpApplicationRecord -- 14101
09-02 13:43:33.503  1484  1997 D ConnectivityService: ConnectivityService NetworkRequestInfo binderDied(NetworkRequest [ id=168, legacyType=-1, [ Capabilities: INTERNET&NOT_RESTRICTED&TRUSTED] ], android.os.BinderProxy@c3f071e)
09-02 13:43:33.504  1484  1744 E ConnectivityService: RemoteException caught trying to send a callback msg for NetworkRequest [ id=170, legacyType=-1, [ Capabilities: NOT_RESTRICTED&TRUSTED&NOT_VPN] ]
09-02 13:43:33.505  1484  1744 E ConnectivityService: RemoteException caught trying to send a callback msg for NetworkRequest [ id=169, legacyType=-1, [ Capabilities: INTERNET&NOT_RESTRICTED&TRUSTED] ]
09-02 13:43:33.506  1484  1744 E ConnectivityService: RemoteException caught trying to send a callback msg for NetworkRequest [ id=168, legacyType=-1, [ Capabilities: INTERNET&NOT_RESTRICTED&TRUSTED] ]
09-02 13:43:33.890   544   595 I SFPerfTracer:      triggers: (rate: 0:0) (1916 sw vsyncs) (0 skipped) (162:130252 vsyncs) (164:139218)
09-02 13:43:33.911  2517  2728 W OpenGLRenderer: Incorrectly called buildLayer on View: ShortcutAndWidgetContainer, destroying layer...
09-02 13:43:33.911  2517  2728 W OpenGLRenderer: Incorrectly called buildLayer on View: ShortcutAndWidgetContainer, destroying layer...
09-02 13:43:34.412   743   743 I cnss-daemon: RTM_NEWNEIGH message received: 28
09-02 13:43:34.413   743   743 I cnss-daemon: NDA_DST received: 192.168.0.1 ul: 16820416
09-02 13:43:34.413   743   743 I cnss-daemon: NDA_LLADDR received
09-02 13:43:36.334   455 14402 I Thermal-Lib: Thermal-Lib-Client: Client request sent
09-02 13:43:36.334   716   817 I ThermalEngine: Thermal-Server: Thermal received msg from  override
09-02 13:43:43.091   729   729 I         : free_cache(6286232) avail 1745137664
09-02 13:43:44.362 28886 28886 I Finsky  : [1] wxy.a(5): Verification requested, id = 47
09-02 13:43:44.370 28886 28886 E Finsky  : [1] xko.a(2): Package name null is not an installed package
09-02 13:43:44.380 28886 28915 I Finsky  : [1669] wzm.a(15): Single user settings service is not running, bind it now
09-02 13:43:44.387 28886 28886 I Finsky  : [1] wzn.onServiceConnected(1): Single user settings service is connected
09-02 13:43:44.396 28886 28915 W Settings: Setting install_non_market_apps has moved from android.provider.Settings.Global to android.provider.Settings.Secure, returning read-only value.
09-02 13:43:44.728 28886 28915 I Finsky  : [1669] kfx.a(3): Task 7 requested foreground
09-02 13:43:44.729 28886 28915 I Finsky  : [1669] kfx.a(5): Not entering foreground
09-02 13:43:44.807 28886 28925 I Finsky  : [1679] xfq.b(3): Verification id=47 response=0
09-02 13:43:44.815 28886 28915 I Finsky  : [1669] xko.a(12): PSIC verification started with installer uid: 2000 package name: null, originating uid: -1
09-02 13:43:44.823 28886 28886 I Finsky  : [1] xgl.c(3): Verifying id=47, result=1
09-02 13:43:44.826 28886 28886 I Finsky  : [1] xgl.g(6): Verification complete: id=47, package_name=org.camemergency.gps
09-02 13:43:44.903 14469 14469 I dex2oat : Adjusted thread count (for runtime dex2oat): 4, 4
09-02 13:43:44.903 14469 14469 I dex2oat : /system/bin/dex2oat --compiler-filter=interpret-only --debuggable
09-02 13:43:45.457 14469 14472 W dex2oat : Before Android 4.1, method int android.support.v7.widget.DropDownListView.lookForSelectablePosition(int, boolean) would have incorrectly overridden the package-private method in android.widget.ListView
09-02 13:43:45.498 14469 14472 W dex2oat : Before Android 4.1, method int android.support.v7.widget.MenuPopupWindow$MenuDropDownListView.lookForSelectablePosition(int, boolean) would have incorrectly overridden the package-private method in android.widget.ListView
09-02 13:43:45.513 14469 14472 W dex2oat : Before Android 4.1, method android.graphics.PorterDuffColorFilter android.support.graphics.drawable.VectorDrawableCompat.updateTintFilter(android.graphics.PorterDuffColorFilter, android.content.res.ColorStateList, android.graphics.PorterDuff$Mode) would have incorrectly overridden the package-private method in android.graphics.drawable.Drawable
09-02 13:43:45.980   873   873 I chatty  : uid=9999(nobody) /system/bin/msm_irqbalance expire 18 lines
09-02 13:43:46.264 14469 14469 I dex2oat : dex2oat took 1.361s (threads: 4) arena alloc=5KB (5800B) java alloc=3MB (4151216B) native alloc=6MB (6718224B) free=2MB (2194672B)
09-02 13:43:46.302  1484  1540 I ActivityManager: Force stopping org.camemergency.gps appid=10154 user=-1: installPackageLI
09-02 13:43:46.619  1603  1603 W PackageManager: type=1400 audit(0.0:446): avc: denied { read } for uid=1000 name="foreign-dex" dev="dm-0" ino=9546 scontext=u:r:system_server:s0 tcontext=u:object_r:user_profile_data_file:s0 tclass=dir permissive=0
09-02 13:43:46.622  1484  1603 I PackageManager: Package org.camemergency.gps codePath changed from /data/app/org.camemergency.gps-2 to /data/app/org.camemergency.gps-1; Retaining data and using new
09-02 13:43:46.623  1484  1603 W PackageManager: Code path for org.camemergency.gps changing from /data/app/org.camemergency.gps-2 to /data/app/org.camemergency.gps-1
09-02 13:43:46.623  1484  1603 W PackageManager: Resource path for org.camemergency.gps changing from /data/app/org.camemergency.gps-2 to /data/app/org.camemergency.gps-1
09-02 13:43:46.910  1484  1603 W PackageManager: Unknown permission android.permission.ACCESS_BACKGROUND_LOCATION in package org.camemergency.gps
09-02 13:43:46.911  1484  1603 W PackageManager: Unknown permission android.permission.ACTIVITY_RECOGNITION in package org.camemergency.gps
09-02 13:43:46.911  1484  1603 W PackageManager: Unknown permission android.permission.FOREGROUND_SERVICE in package org.camemergency.gps
09-02 13:43:47.517   729   729 E         : Couldn't opendir /data/app/vmdl958107731.tmp: No such file or directory
09-02 13:43:47.519  1484  1603 I ActivityManager: Force stopping org.camemergency.gps appid=10154 user=0: pkg removed
09-02 13:43:47.560 31217 31217 W ContextImpl: Calling a method in the system process without a qualified user: android.app.ContextImpl.startService:1357 android.content.ContextWrapper.startService:613 android.content.ContextWrapper.startService:613 com.android.keychain.KeyChainBroadcastReceiver.onReceive:12 android.app.ActivityThread.handleReceiver:3032 
09-02 13:43:47.594 28886 28886 I Finsky  : [1] com.google.android.finsky.packagemanager.impl.PackageMonitorReceiverImpl.a(4): PackageMonitor received: android.intent.action.PACKAGE_REMOVED
09-02 13:43:47.602 28886 28886 I Finsky  : [1] oyi.c(2): Frosting ID looked up on UI thread. Caller should move to a background thread.
09-02 13:43:47.613 28886 28886 I Finsky  : [1] lpc.b(8): Installer: package org.camemergency.gps was removed. replacing: true
09-02 13:43:47.617 28886 28886 I Finsky  : [1] lpc.a(263): Installer: found apps to install. apps=[]
09-02 13:43:47.621 28886 14492 I Finsky  : [1889] oyh.run(-1): Wrote row to frosting DB: 1828
09-02 13:43:47.627 28886 28975 I Finsky  : [1713] mbt.b(37): No matching installs to run for jobs: []
09-02 13:43:47.642  2670 14501 I AppsUpload: Received intent with action android.intent.action.PACKAGE_REMOVED
09-02 13:43:47.650  2670  2684 I art     : Background partial concurrent mark sweep GC freed 99254(6MB) AllocSpace objects, 20(436KB) LOS objects, 39% free, 20MB/34MB, paused 1.701ms total 128.356ms
09-02 13:43:47.664  1971  1971 I chatty  : uid=1001(radio) com.android.phone expire 6 lines
09-02 13:43:47.673 28886 13438 V ConnectivityManager: isActiveNetworkMetered() returns:false
09-02 13:43:47.684 28886 28886 I Finsky  : [1] rsk.b(5): Jobs in database: 1-1337 12-1 26-1414141414 
