09-02 11:12:45.763  1484  1536 I chatty  : uid=1000(system) android.bg expire 4 lines
09-02 11:12:45.884 17551 17551 D ActivityThread: Loading provider com.google.android.gm.sapi: com.google.android.gm.sapi.SapiUiProvider
09-02 11:13:47.654  1484  2445 I chatty  : uid=1000(system) Binder:1484_C expire 3 lines
09-02 11:14:49.247  1484  2420 I chatty  : uid=1000(system) Binder:1484_9 expire 12 lines
09-02 11:16:49.203  1484  2425 I chatty  : uid=1000(system) Binder:1484_B expire 4 lines
09-02 11:16:49.564  1484  1719 I chatty  : uid=1000(system) UEventObserver expire 15 lines
09-02 11:17:04.101  1484  1991 I chatty  : uid=1000(system) Binder:1484_5 expire 5 lines
09-02 11:17:04.104  1484  1546 I chatty  : uid=1000(system) batterystats-sy expire 9 lines
09-02 11:17:19.418  1484  2446 I chatty  : uid=1000(system) Binder:1484_D expire 4 lines
09-02 11:17:52.039  1484  1603 I chatty  : uid=1000(system) PackageManager expire 8 lines
09-02 11:17:56.162 17913 17913 W ContextImpl: Calling a method in the system process without a qualified user: android.app.ContextImpl.startService:1357 android.content.ContextWrapper.startService:613 android.content.ContextWrapper.startService:613 com.android.keychain.KeyChainBroadcastReceiver.onReceive:12 android.app.ActivityThread.handleReceiver:3032 
09-02 11:17:56.214  1484  1744 I chatty  : uid=1000(system) ConnectivitySer expire 4 lines
09-02 11:17:56.259  1484  2515 I chatty  : uid=1000(system) Binder:1484_14 expire 5 lines
09-02 11:17:58.072  1484  1484 I chatty  : uid=1000 system_server expire 7 lines
09-02 11:18:03.058   544   595 I chatty  : uid=1000(system) EventThread expire 2 lines
09-02 11:18:05.236  1484  1996 I chatty  : uid=1000(system) Binder:1484_6 expire 1 line
09-02 11:22:04.724  1484  2516 I chatty  : uid=1000(system) Binder:1484_15 expire 9 lines
09-02 11:25:00.181   544   544 I chatty  : uid=1000(system) /system/bin/surfaceflinger expire 7 lines
09-02 11:25:05.360  1484  1719 I chatty  : uid=1000(system) UEventObserver expire 8 lines
09-02 11:26:05.425  1484  2492 I chatty  : uid=1000(system) Binder:1484_11 expire 5 lines
09-02 11:26:05.519  1484  1991 I chatty  : uid=1000(system) Binder:1484_5 expire 8 lines
09-02 11:27:04.105  1484  1828 I chatty  : uid=1000(system) Binder:1484_4 expire 7 lines
09-02 11:27:23.608  1484  1536 I chatty  : uid=1000(system) android.bg expire 1 line
09-02 11:27:23.731 18203 18203 D ActivityThread: Loading provider com.google.android.gm.sapi: com.google.android.gm.sapi.SapiUiProvider
09-02 11:27:26.719  1484  1484 I chatty  : uid=1000 system_server expire 14 lines
09-02 11:28:00.024  1484  2475 I chatty  : uid=1000(system) Binder:1484_F expire 3 lines
09-02 11:28:05.741  1484  2521 I chatty  : uid=1000(system) Binder:1484_16 expire 4 lines
09-02 11:28:42.155  1484  1997 I chatty  : uid=1000(system) Binder:1484_7 expire 3 lines
09-02 11:28:42.159  1484  1546 I chatty  : uid=1000(system) batterystats-sy expire 3 lines
09-02 11:29:26.275  1484  2494 I chatty  : uid=1000(system) Binder:1484_12 expire 5 lines
09-02 11:29:26.507  1484  2446 I chatty  : uid=1000(system) Binder:1484_D expire 4 lines
09-02 11:29:26.939  1484  1579 I chatty  : uid=1000(system) android.display expire 10 lines
09-02 11:29:26.982  1484  2478 I chatty  : uid=1000(system) Binder:1484_10 expire 1 line
09-02 11:29:29.249  1484  1723 I chatty  : uid=1000(system) Binder:1484_3 expire 7 lines
09-02 11:29:29.359  1484  1540 I chatty  : uid=1000(system) ActivityManager expire 4 lines
09-02 11:29:29.362  1484  1927 I chatty  : uid=1000(system) FLP Service Cal expire 2 lines
09-02 11:29:29.650  1484  2445 I chatty  : uid=1000(system) Binder:1484_C expire 3 lines
09-02 11:29:29.998  1484  2421 I chatty  : uid=1000(system) Binder:1484_A expire 3 lines
09-02 11:29:30.002  1484  2420 I chatty  : uid=1000(system) Binder:1484_9 expire 1 line
09-02 11:29:30.008  1484  2496 I chatty  : uid=1000(system) Binder:1484_13 expire 5 lines
09-02 11:29:30.010  1484  2425 I chatty  : uid=1000(system) Binder:1484_B expire 2 lines
09-02 11:29:30.044  1484  2515 I chatty  : uid=1000(system) Binder:1484_14 expire 1 line
09-02 11:29:30.636  1484  2460 I chatty  : uid=1000(system) Binder:1484_E expire 4 lines
09-02 11:29:30.644  1484  1996 I chatty  : uid=1000(system) Binder:1484_6 expire 3 lines
09-02 11:29:31.656   544   595 I chatty  : uid=1000(system) EventThread expire 2 lines
09-02 11:29:34.067   544   544 I chatty  : uid=1000(system) /system/bin/surfaceflinger expire 6 lines
09-02 11:29:35.936  1484  1484 I chatty  : uid=1000 system_server expire 8 lines
09-02 11:29:36.957  1484  1506 I chatty  : uid=1000(system) Binder:1484_2 expire 4 lines
09-02 11:29:37.554   544   595 I chatty  : uid=1000(system) EventThread expire 2 lines
09-02 11:29:37.582  1484  1505 I chatty  : uid=1000(system) Binder:1484_1 expire 1 line
09-02 11:29:37.585  1484  1744 I chatty  : uid=1000(system) ConnectivitySer expire 3 lines
09-02 11:30:17.196  1484  1779 I chatty  : uid=1000(system) UsbService host expire 2 lines
09-02 11:30:17.345  1484  1730 I chatty  : uid=1000(system) VoldConnector expire 1 line
09-02 11:30:22.289   544   544 I chatty  : uid=1000(system) /system/bin/surfaceflinger expire 5 lines
09-02 11:30:24.429  1484  1579 I chatty  : uid=1000(system) android.display expire 7 lines
09-02 11:30:24.531  1484  1484 I chatty  : uid=1000 system_server expire 10 lines
09-02 11:30:24.751  1484  2425 I chatty  : uid=1000(system) Binder:1484_B expire 6 lines
09-02 11:30:24.897  1484  2521 I chatty  : uid=1000(system) Binder:1484_16 expire 3 lines
09-02 11:30:24.900  1484  1506 I chatty  : uid=1000(system) Binder:1484_2 expire 4 lines
09-02 11:30:24.904  1484  2446 I chatty  : uid=1000(system) Binder:1484_D expire 8 lines
09-02 11:30:24.906  1484  2496 I chatty  : uid=1000(system) Binder:1484_13 expire 2 lines
09-02 11:30:24.909  1484  2494 I chatty  : uid=1000(system) Binder:1484_12 expire 5 lines
09-02 11:30:24.911  1484  2420 I chatty  : uid=1000(system) Binder:1484_9 expire 2 lines
09-02 11:30:24.913  1484  1991 I chatty  : uid=1000(system) Binder:1484_5 expire 13 lines
09-02 11:30:24.915  1484  2475 I chatty  : uid=1000(system) Binder:1484_F expire 5 lines
09-02 11:30:24.917  1484  2445 I chatty  : uid=1000(system) Binder:1484_C expire 2 lines
09-02 11:30:24.920  1484  1505 I chatty  : uid=1000(system) Binder:1484_1 expire 2 lines
09-02 11:30:24.927  1484  1997 I chatty  : uid=1000(system) Binder:1484_7 expire 5 lines
09-02 11:30:24.971  1484  1927 I chatty  : uid=1000(system) FLP Service Cal expire 1 line
09-02 11:30:25.581  1484  2516 I chatty  : uid=1000(system) Binder:1484_15 expire 5 lines
09-02 11:30:25.586  1484  2515 I chatty  : uid=1000(system) Binder:1484_14 expire 9 lines
09-02 11:30:25.588  1484  2478 I chatty  : uid=1000(system) Binder:1484_10 expire 1 line
09-02 11:30:25.590  1484  2492 I chatty  : uid=1000(system) Binder:1484_11 expire 7 lines
09-02 11:30:25.593  1484  2421 I chatty  : uid=1000(system) Binder:1484_A expire 2 lines
09-02 11:30:25.595  1484  2417 I chatty  : uid=1000(system) Binder:1484_8 expire 1 line
09-02 11:30:27.380   544   595 I chatty  : uid=1000(system) EventThread expire 2 lines
09-02 11:30:29.089   544   544 I chatty  : uid=1000(system) /system/bin/surfaceflinger expire 8 lines
09-02 11:30:39.310   544   595 I chatty  : uid=1000(system) EventThread expire 3 lines
09-02 11:30:49.074   544   544 I chatty  : uid=1000(system) /system/bin/surfaceflinger expire 5 lines
09-02 11:30:53.445   544   595 I chatty  : uid=1000(system) EventThread expire 1 line
09-02 11:30:59.064   544   544 I chatty  : uid=1000(system) /system/bin/surfaceflinger expire 3 lines
09-02 11:30:59.076   544   595 I chatty  : uid=1000(system) EventThread expire 4 lines
09-02 11:31:06.319  1484  1719 I chatty  : uid=1000(system) UEventObserver expire 10 lines
09-02 11:31:09.072   544   544 I chatty  : uid=1000(system) /system/bin/surfaceflinger expire 5 lines
09-02 11:31:14.081   544   595 I chatty  : uid=1000(system) EventThread expire 3 lines
09-02 11:31:16.806   544   544 I chatty  : uid=1000(system) /system/bin/surfaceflinger expire 3 lines
09-02 11:31:16.815  1484  1540 I chatty  : uid=1000(system) ActivityManager expire 2 lines
09-02 11:31:16.823  1484  1484 I chatty  : uid=1000 system_server expire 1 line
09-02 11:31:18.412  1484  1744 I chatty  : uid=1000(system) ConnectivitySer expire 3 lines
09-02 11:33:36.843  1484  1996 I chatty  : uid=1000(system) Binder:1484_6 expire 1 line
09-02 11:35:06.826  1484  1546 I chatty  : uid=1000(system) batterystats-sy expire 3 lines
09-02 11:36:07.021  1484  2460 I chatty  : uid=1000(system) Binder:1484_E expire 4 lines
09-02 11:37:07.283  1484  1723 I chatty  : uid=1000(system) Binder:1484_3 expire 2 lines
09-02 11:38:43.586  1484  1828 I chatty  : uid=1000(system) Binder:1484_4 expire 1 line
09-02 11:39:09.477   544   595 I chatty  : uid=1000(system) EventThread expire 2 lines
09-02 11:39:09.513   544   544 I chatty  : uid=1000(system) /system/bin/surfaceflinger expire 6 lines
09-02 11:39:14.968  1484  1603 I chatty  : uid=1000(system) PackageManager expire 8 lines
09-02 11:39:18.766  1484  1540 I chatty  : uid=1000(system) ActivityManager expire 4 lines
09-02 11:39:18.810 21744 21744 W ContextImpl: Calling a method in the system process without a qualified user: android.app.ContextImpl.startService:1357 android.content.ContextWrapper.startService:613 android.content.ContextWrapper.startService:613 com.android.keychain.KeyChainBroadcastReceiver.onReceive:12 android.app.ActivityThread.handleReceiver:3032 
09-02 11:39:18.834  1484  1506 I chatty  : uid=1000(system) Binder:1484_2 expire 10 lines
09-02 11:39:18.862  1484  2496 I chatty  : uid=1000(system) Binder:1484_13 expire 3 lines
09-02 11:39:18.900  1484  2445 I chatty  : uid=1000(system) Binder:1484_C expire 1 line
09-02 11:39:18.901  1484  1543 I chatty  : uid=1000(system) ActivityManager expire 1 line
09-02 11:39:18.911  1484  2515 I chatty  : uid=1000(system) Binder:1484_14 expire 5 lines
09-02 11:39:18.934  1484  2417 I chatty  : uid=1000(system) Binder:1484_8 expire 7 lines
09-02 11:39:19.196  1484  1828 I chatty  : uid=1000(system) Binder:1484_4 expire 2 lines
09-02 11:39:19.270  1484  2475 I chatty  : uid=1000(system) Binder:1484_F expire 3 lines
09-02 11:39:19.303  1484  1991 I chatty  : uid=1000(system) Binder:1484_5 expire 3 lines
09-02 11:39:20.190  1484  1505 I chatty  : uid=1000(system) Binder:1484_1 expire 2 lines
09-02 11:39:20.661  1484  1997 I chatty  : uid=1000(system) Binder:1484_7 expire 2 lines
09-02 11:39:20.676  1484  1996 I chatty  : uid=1000(system) Binder:1484_6 expire 3 lines
09-02 11:39:20.732  1484  1484 I chatty  : uid=1000 system_server expire 17 lines
09-02 11:39:20.756  1484  2446 I chatty  : uid=1000(system) Binder:1484_D expire 2 lines
09-02 11:39:23.377   544   595 I chatty  : uid=1000(system) EventThread expire 2 lines
09-02 11:39:23.488  1484  2460 I chatty  : uid=1000(system) Binder:1484_E expire 5 lines
09-02 11:39:24.050  1484  1579 I chatty  : uid=1000(system) android.display expire 8 lines
09-02 11:39:25.349  1484  2478 I chatty  : uid=1000(system) Binder:1484_10 expire 3 lines
09-02 11:39:25.353   544   544 I chatty  : uid=1000(system) /system/bin/surfaceflinger expire 4 lines
09-02 11:39:25.942  1484  2492 I chatty  : uid=1000(system) Binder:1484_11 expire 1 line
09-02 11:39:25.944  1484  2516 I chatty  : uid=1000(system) Binder:1484_15 expire 3 lines
09-02 11:39:25.946  1484  2421 I chatty  : uid=1000(system) Binder:1484_A expire 3 lines
09-02 11:39:25.948  1484  2521 I chatty  : uid=1000(system) Binder:1484_16 expire 4 lines
09-02 11:39:25.950  1484  2494 I chatty  : uid=1000(system) Binder:1484_12 expire 1 line
09-02 11:39:25.955  1484  2425 I chatty  : uid=1000(system) Binder:1484_B expire 2 lines
09-02 11:39:25.957  1484  1723 I chatty  : uid=1000(system) Binder:1484_3 expire 2 lines
09-02 11:39:26.752  1484  1927 I chatty  : uid=1000(system) FLP Service Cal expire 1 line
09-02 11:39:30.082  1484  1729 I chatty  : uid=1000(system) MountService expire 1 line
09-02 11:39:30.085   438   446 E vold    : Failed to open /proc/18435: No such file or directory
09-02 11:39:30.086  1484  1730 I chatty  : uid=1000(system) VoldConnector expire 1 line
09-02 11:39:30.345   544   595 I chatty  : uid=1000(system) EventThread expire 2 lines
09-02 11:39:33.383  1484  2420 I chatty  : uid=1000(system) Binder:1484_9 expire 1 line
09-02 11:39:35.264   544   544 I chatty  : uid=1000(system) /system/bin/surfaceflinger expire 5 lines
09-02 11:39:40.354   544   595 I chatty  : uid=1000(system) EventThread expire 3 lines
09-02 11:39:45.287   544   544 I chatty  : uid=1000(system) /system/bin/surfaceflinger expire 3 lines
09-02 11:39:50.313   544   595 I chatty  : uid=1000(system) EventThread expire 2 lines
09-02 11:39:55.265   544   544 I chatty  : uid=1000(system) /system/bin/surfaceflinger expire 6 lines
09-02 11:40:00.287   544   595 I chatty  : uid=1000(system) EventThread expire 6 lines
09-02 11:40:07.758  1484  1719 I chatty  : uid=1000(system) UEventObserver expire 1 line
09-02 11:40:07.767  1484  1546 I chatty  : uid=1000(system) batterystats-sy expire 3 lines
09-02 11:40:10.251   544   544 I chatty  : uid=1000(system) /system/bin/surfaceflinger expire 6 lines
09-02 11:40:17.090  1484  1536 I chatty  : uid=1000(system) android.bg expire 1 line
09-02 11:40:20.323   544   595 I chatty  : uid=1000(system) EventThread expire 4 lines
09-02 11:40:25.273   544   544 I chatty  : uid=1000(system) /system/bin/surfaceflinger expire 6 lines
09-02 11:40:32.352   544   595 I chatty  : uid=1000(system) EventThread expire 3 lines
09-02 11:40:35.478  1484  1484 I chatty  : uid=1000 system_server expire 16 lines
09-02 11:40:36.837  1484  1744 I chatty  : uid=1000(system) ConnectivitySer expire 3 lines
09-02 11:40:37.199   544   544 I chatty  : uid=1000(system) /system/bin/surfaceflinger expire 4 lines
09-02 11:40:49.269  1484  1540 I chatty  : uid=1000(system) ActivityManager expire 2 lines
09-02 11:40:49.454  1484  1603 I chatty  : uid=1000(system) PackageManager expire 7 lines
09-02 11:40:50.369 21744 21744 W ContextImpl: Calling a method in the system process without a qualified user: android.app.ContextImpl.startService:1357 android.content.ContextWrapper.startService:613 android.content.ContextWrapper.startService:613 com.android.keychain.KeyChainBroadcastReceiver.onReceive:12 android.app.ActivityThread.handleReceiver:3032 
09-02 11:40:50.892  1484  2515 I chatty  : uid=1000(system) Binder:1484_14 expire 2 lines
09-02 11:40:51.509  1484  2475 I chatty  : uid=1000(system) Binder:1484_F expire 3 lines
09-02 11:40:55.401  1484  1506 I chatty  : uid=1000(system) Binder:1484_2 expire 1 line
09-02 11:40:55.462  1484  1579 I chatty  : uid=1000(system) android.display expire 4 lines
09-02 11:40:57.013  1484  2425 I chatty  : uid=1000(system) Binder:1484_B expire 2 lines
09-02 11:40:57.239  1484  2478 I chatty  : uid=1000(system) Binder:1484_10 expire 1 line
09-02 11:40:57.480  1484  2516 I chatty  : uid=1000(system) Binder:1484_15 expire 2 lines
09-02 11:40:57.665   544   595 I chatty  : uid=1000(system) EventThread expire 1 line
09-02 11:40:57.841  1484  2420 I chatty  : uid=1000(system) Binder:1484_9 expire 2 lines
09-02 11:40:57.843  1484  2445 I chatty  : uid=1000(system) Binder:1484_C expire 1 line
09-02 11:40:57.845  1484  1505 I chatty  : uid=1000(system) Binder:1484_1 expire 2 lines
09-02 11:40:57.847  1484  2417 I chatty  : uid=1000(system) Binder:1484_8 expire 3 lines
09-02 11:40:57.850  1484  1997 I chatty  : uid=1000(system) Binder:1484_7 expire 2 lines
09-02 11:40:57.852  1484  2494 I chatty  : uid=1000(system) Binder:1484_12 expire 2 lines
09-02 11:40:57.858  1484  2496 I chatty  : uid=1000(system) Binder:1484_13 expire 1 line
09-02 11:40:57.862  1484  1723 I chatty  : uid=1000(system) Binder:1484_3 expire 1 line
09-02 11:40:58.605  1484  1927 I chatty  : uid=1000(system) FLP Service Cal expire 1 line
09-02 11:40:58.758   544   544 I chatty  : uid=1000(system) /system/bin/surfaceflinger expire 4 lines
09-02 11:40:59.114  1484  1484 I chatty  : uid=1000 system_server expire 2 lines
09-02 11:40:59.141  1484  2515 I chatty  : uid=1000(system) Binder:1484_14 expire 1 line
09-02 11:40:59.144  1484  2460 I chatty  : uid=1000(system) Binder:1484_E expire 1 line
09-02 11:40:59.146  1484  1996 I chatty  : uid=1000(system) Binder:1484_6 expire 2 lines
09-02 11:40:59.148  1484  1991 I chatty  : uid=1000(system) Binder:1484_5 expire 2 lines
09-02 11:40:59.151  1484  2475 I chatty  : uid=1000(system) Binder:1484_F expire 1 line
09-02 11:40:59.155  1484  1506 I chatty  : uid=1000(system) Binder:1484_2 expire 1 line
09-02 11:41:02.226   544   595 I chatty  : uid=1000(system) EventThread expire 2 lines
09-02 11:41:05.467  1484  2421 I chatty  : uid=1000(system) Binder:1484_A expire 1 line
09-02 11:41:06.968  1484  2460 I chatty  : uid=1000(system) Binder:1484_E expire 1 line
09-02 11:41:07.228   544   544 I chatty  : uid=1000(system) /system/bin/surfaceflinger expire 7 lines
09-02 11:41:07.811  1484  1505 I chatty  : uid=1000(system) Binder:1484_1 expire 2 lines
09-02 11:41:07.913  1484  1719 I chatty  : uid=1000(system) UEventObserver expire 1 line
09-02 11:41:07.919  1484  2478 I chatty  : uid=1000(system) Binder:1484_10 expire 4 lines
09-02 11:41:09.946   544   595 I chatty  : uid=1000(system) EventThread expire 4 lines
09-02 11:41:15.578   544   544 I chatty  : uid=1000(system) /system/bin/surfaceflinger expire 3 lines
09-02 11:41:21.023   544   595 I chatty  : uid=1000(system) EventThread expire 2 lines
09-02 11:41:21.510   544   544 I chatty  : uid=1000(system) /system/bin/surfaceflinger expire 4 lines
09-02 11:41:22.026 22680 22762 F libc    : Fatal signal 5 (SIGTRAP), code 4 in tid 22762 (Chrome_InProcRe)
09-02 11:41:29.637 24603 24603 F DEBUG   : *** *** *** *** *** *** *** *** *** *** *** *** *** *** *** ***
09-02 11:41:29.637 24603 24603 F DEBUG   : Build fingerprint: 'motorola/cedric_o2/cedric:7.0/NPP25.137-93/12:user/release-keys'
09-02 11:41:29.638 24603 24603 F DEBUG   : Revision: 'p500'
09-02 11:41:29.638 24603 24603 F DEBUG   : ABI: 'arm'
09-02 11:41:29.638 24603 24603 F DEBUG   : pid: 22680, tid: 22762, name: Chrome_InProcRe  >>> org.camemergency.gps <<<
09-02 11:41:29.638 24603 24603 F DEBUG   : signal 5 (SIGTRAP), code 4 (TRAP_HWBKPT), fault addr 0x9bb66b70
09-02 11:41:29.638 24603 24603 F DEBUG   :     r0 0000001b  r1 000058ea  r2 00000001  r3 ffff0fa0
09-02 11:41:29.638 24603 24603 F DEBUG   :     r4 9dfee448  r5 00000000  r6 90370a37  r7 00000000
09-02 11:41:29.638 24603 24603 F DEBUG   :     r8 00000000  r9 416e8168  sl 9e0b569c  fp 003c5000
09-02 11:41:29.638 24603 24603 F DEBUG   :     ip 9dbb0048  sp 903709e8  lr 9d174525  pc 9bb66b70  cpsr 080f0030
09-02 11:41:29.640 24603 24603 F DEBUG   : 
09-02 11:41:29.640 24603 24603 F DEBUG   : backtrace:
09-02 11:41:29.641 24603 24603 F DEBUG   :     #00 pc 00f5db70  /data/app/com.android.chrome-2/base.apk (offset 0xbca000)
09-02 11:41:30.931  1484  1579 I chatty  : uid=1000(system) android.display expire 7 lines
09-02 11:41:32.095  1484  1782 I chatty  : uid=1000(system) Thread-5 expire 1 line
09-02 11:41:32.123  1484  1546 I chatty  : uid=1000(system) batterystats-sy expire 6 lines
09-02 11:41:32.132  1484  1576 I chatty  : uid=1000(system) FileObserver expire 1 line
09-02 11:41:32.285  1484  2496 I chatty  : uid=1000(system) Binder:1484_13 expire 4 lines
09-02 11:41:32.285  1484  1828 I chatty  : uid=1000(system) Binder:1484_4 expire 5 lines
09-02 11:41:32.286  1484  2425 I chatty  : uid=1000(system) Binder:1484_B expire 7 lines
09-02 11:41:32.286  1484  2421 I chatty  : uid=1000(system) Binder:1484_A expire 4 lines
09-02 11:41:32.288  1484  1744 I chatty  : uid=1000(system) ConnectivitySer expire 3 lines
09-02 11:41:32.880  1484  1723 I chatty  : uid=1000(system) Binder:1484_3 expire 4 lines
09-02 11:41:37.523  1484  2445 I chatty  : uid=1000(system) Binder:1484_C expire 3 lines
09-02 11:41:37.528  1484  1719 I chatty  : uid=1000(system) UEventObserver expire 4 lines
09-02 11:42:03.868  1484  1484 I chatty  : uid=1000 system_server expire 10 lines
09-02 11:42:06.497  1484  2478 I chatty  : uid=1000(system) Binder:1484_10 expire 5 lines
09-02 11:43:08.241  1484  2446 I chatty  : uid=1000(system) Binder:1484_D expire 2 lines
09-02 11:44:08.304  1484  2417 I chatty  : uid=1000(system) Binder:1484_8 expire 5 lines
09-02 11:44:08.399  1484  2494 I chatty  : uid=1000(system) Binder:1484_12 expire 6 lines
09-02 11:44:08.542  1484  2515 I chatty  : uid=1000(system) Binder:1484_14 expire 2 lines
09-02 11:44:10.147  1484  2460 I chatty  : uid=1000(system) Binder:1484_E expire 1 line
09-02 11:44:25.630  1484  1540 I chatty  : uid=1000(system) ActivityManager expire 2 lines
09-02 11:44:25.792  1484  1603 I chatty  : uid=1000(system) PackageManager expire 7 lines
09-02 11:44:26.421 21744 21744 W ContextImpl: Calling a method in the system process without a qualified user: android.app.ContextImpl.startService:1357 android.content.ContextWrapper.startService:613 android.content.ContextWrapper.startService:613 com.android.keychain.KeyChainBroadcastReceiver.onReceive:12 android.app.ActivityThread.handleReceiver:3032 
09-02 11:44:29.811   544   595 I chatty  : uid=1000(system) EventThread expire 2 lines
09-02 11:44:30.304   544   544 I chatty  : uid=1000(system) /system/bin/surfaceflinger expire 20 lines
09-02 11:44:30.485  1484  1991 I chatty  : uid=1000(system) Binder:1484_5 expire 8 lines
09-02 11:44:31.655  1484  2496 I chatty  : uid=1000(system) Binder:1484_13 expire 11 lines
09-02 11:44:32.334  1484  1484 I chatty  : uid=1000 system_server expire 26 lines
09-02 11:44:32.358  1484  1997 I chatty  : uid=1000(system) Binder:1484_7 expire 11 lines
09-02 11:44:32.360  1484  2516 I chatty  : uid=1000(system) Binder:1484_15 expire 10 lines
09-02 11:44:32.371  1484  2475 I chatty  : uid=1000(system) Binder:1484_F expire 4 lines
09-02 11:44:32.375  1484  2492 I chatty  : uid=1000(system) Binder:1484_11 expire 4 lines
09-02 11:44:32.969  1484  2420 I chatty  : uid=1000(system) Binder:1484_9 expire 7 lines
09-02 11:44:33.135  1484  1927 I chatty  : uid=1000(system) FLP Service Cal expire 2 lines
09-02 11:44:33.699  1484  2417 I chatty  : uid=1000(system) Binder:1484_8 expire 9 lines
09-02 11:44:36.716   544   595 I chatty  : uid=1000(system) EventThread expire 15 lines
09-02 11:45:05.523  1484  1540 I chatty  : uid=1000(system) ActivityManager expire 5 lines
09-02 11:45:05.544  1484  1579 I chatty  : uid=1000(system) android.display expire 8 lines
09-02 11:45:06.785  1484  2521 I chatty  : uid=1000(system) Binder:1484_16 expire 4 lines
09-02 11:45:06.955  1484  2425 I chatty  : uid=1000(system) Binder:1484_B expire 6 lines
09-02 11:45:06.955  1484  1828 I chatty  : uid=1000(system) Binder:1484_4 expire 8 lines
09-02 11:45:06.955  1484  2445 I chatty  : uid=1000(system) Binder:1484_C expire 6 lines
09-02 11:45:06.957  1484  1744 I chatty  : uid=1000(system) ConnectivitySer expire 3 lines
09-02 11:45:08.553  1484  1719 I chatty  : uid=1000(system) UEventObserver expire 8 lines
09-02 11:46:28.494  1484  1603 I chatty  : uid=1000(system) PackageManager expire 7 lines
09-02 11:46:29.029 21744 21744 W ContextImpl: Calling a method in the system process without a qualified user: android.app.ContextImpl.startService:1357 android.content.ContextWrapper.startService:613 android.content.ContextWrapper.startService:613 com.android.keychain.KeyChainBroadcastReceiver.onReceive:12 android.app.ActivityThread.handleReceiver:3032 
09-02 11:46:48.275  1484  1996 I chatty  : uid=1000(system) Binder:1484_6 expire 8 lines
09-02 11:47:08.881  1484  1723 I chatty  : uid=1000(system) Binder:1484_3 expire 2 lines
09-02 11:48:08.951  1484  1546 I chatty  : uid=1000(system) batterystats-sy expire 3 lines
09-02 11:48:09.173   544   544 I chatty  : uid=1000(system) /system/bin/surfaceflinger expire 18 lines
09-02 11:51:09.520  1484  2446 I chatty  : uid=1000(system) Binder:1484_D expire 3 lines
09-02 11:51:42.222  1484  1505 I chatty  : uid=1000(system) Binder:1484_1 expire 3 lines
09-02 11:51:43.227  1484  2478 I chatty  : uid=1000(system) Binder:1484_10 expire 3 lines
09-02 11:51:43.670  1484  2494 I chatty  : uid=1000(system) Binder:1484_12 expire 11 lines
09-02 11:51:43.696  1484  2421 I chatty  : uid=1000(system) Binder:1484_A expire 1 line
09-02 11:51:43.921  1484  1506 I chatty  : uid=1000(system) Binder:1484_2 expire 1 line
09-02 11:52:09.583  1484  1546 I chatty  : uid=1000(system) batterystats-sy expire 6 lines
09-02 11:52:09.678  1484  1719 I chatty  : uid=1000(system) UEventObserver expire 6 lines
09-02 11:52:13.432   544   595 I chatty  : uid=1000(system) EventThread expire 3 lines
09-02 11:52:23.361   544   544 I chatty  : uid=1000(system) /system/bin/surfaceflinger expire 5 lines
09-02 11:52:28.419   544   595 I chatty  : uid=1000(system) EventThread expire 2 lines
09-02 11:52:33.369   544   544 I chatty  : uid=1000(system) /system/bin/surfaceflinger expire 3 lines
09-02 11:52:38.411   544   595 I chatty  : uid=1000(system) EventThread expire 2 lines
09-02 11:52:43.364   544   544 I chatty  : uid=1000(system) /system/bin/surfaceflinger expire 3 lines
09-02 11:52:43.373   544   595 I chatty  : uid=1000(system) EventThread expire 3 lines
09-02 11:52:48.376   544   544 I chatty  : uid=1000(system) /system/bin/surfaceflinger expire 3 lines
09-02 11:52:52.663   544   595 I chatty  : uid=1000(system) EventThread expire 2 lines
09-02 11:52:58.401   544   544 I chatty  : uid=1000(system) /system/bin/surfaceflinger expire 4 lines
09-02 11:52:59.330   544   595 I chatty  : uid=1000(system) EventThread expire 3 lines
09-02 11:53:08.358   544   544 I chatty  : uid=1000(system) /system/bin/surfaceflinger expire 3 lines
09-02 11:53:09.738  1484  2478 I chatty  : uid=1000(system) Binder:1484_10 expire 6 lines
09-02 11:53:12.095   544   595 I chatty  : uid=1000(system) EventThread expire 2 lines
09-02 11:53:13.356   544   544 I chatty  : uid=1000(system) /system/bin/surfaceflinger expire 4 lines
09-02 11:53:16.924   544   595 I chatty  : uid=1000(system) EventThread expire 3 lines
09-02 11:53:23.059   544   544 I chatty  : uid=1000(system) /system/bin/surfaceflinger expire 7 lines
09-02 11:53:23.083  1484  1540 I chatty  : uid=1000(system) ActivityManager expire 3 lines
09-02 11:53:23.088  1484  1579 I chatty  : uid=1000(system) android.display expire 8 lines
09-02 11:53:23.095  1484  1484 I chatty  : uid=1000 system_server expire 12 lines
09-02 11:53:24.329  1484  1723 I chatty  : uid=1000(system) Binder:1484_3 expire 1 line
09-02 11:53:24.329  1484  2515 I chatty  : uid=1000(system) Binder:1484_14 expire 1 line
09-02 11:53:24.329  1484  2445 I chatty  : uid=1000(system) Binder:1484_C expire 2 lines
09-02 11:53:24.330  1484  1744 I chatty  : uid=1000(system) ConnectivitySer expire 3 lines
09-02 11:53:49.980  1484  2475 I chatty  : uid=1000(system) Binder:1484_F expire 2 lines
09-02 11:54:09.845  1484  1506 I chatty  : uid=1000(system) Binder:1484_2 expire 2 lines
09-02 11:54:12.076  1484  1603 I chatty  : uid=1000(system) PackageManager expire 7 lines
09-02 11:54:12.644 21744 21744 W ContextImpl: Calling a method in the system process without a qualified user: android.app.ContextImpl.startService:1357 android.content.ContextWrapper.startService:613 android.content.ContextWrapper.startService:613 com.android.keychain.KeyChainBroadcastReceiver.onReceive:12 android.app.ActivityThread.handleReceiver:3032 
09-02 11:57:00.754   544   595 I chatty  : uid=1000(system) EventThread expire 4 lines
09-02 11:57:02.733  1484  1996 I chatty  : uid=1000(system) Binder:1484_6 expire 2 lines
09-02 11:57:03.198  1484  1505 I chatty  : uid=1000(system) Binder:1484_1 expire 2 lines
09-02 11:57:03.204  1484  2460 I chatty  : uid=1000(system) Binder:1484_E expire 1 line
09-02 11:57:03.206  1484  2516 I chatty  : uid=1000(system) Binder:1484_15 expire 10 lines
09-02 11:57:03.209  1484  1723 I chatty  : uid=1000(system) Binder:1484_3 expire 8 lines
09-02 11:57:03.213  1484  2417 I chatty  : uid=1000(system) Binder:1484_8 expire 11 lines
09-02 11:57:03.216  1484  2420 I chatty  : uid=1000(system) Binder:1484_9 expire 8 lines
09-02 11:57:03.218  1484  1991 I chatty  : uid=1000(system) Binder:1484_5 expire 1 line
09-02 11:57:03.220  1484  2515 I chatty  : uid=1000(system) Binder:1484_14 expire 4 lines
09-02 11:57:03.224  1484  2492 I chatty  : uid=1000(system) Binder:1484_11 expire 2 lines
09-02 11:57:03.921  1484  1484 I chatty  : uid=1000 system_server expire 6 lines
09-02 11:57:04.057  1484  1927 I chatty  : uid=1000(system) FLP Service Cal expire 1 line
09-02 11:57:04.628  1484  2521 I chatty  : uid=1000(system) Binder:1484_16 expire 6 lines
09-02 11:57:04.636  1484  1828 I chatty  : uid=1000(system) Binder:1484_4 expire 4 lines
09-02 11:57:04.643  1484  1997 I chatty  : uid=1000(system) Binder:1484_7 expire 4 lines
09-02 11:57:07.660   544   544 I chatty  : uid=1000(system) /system/bin/surfaceflinger expire 7 lines
09-02 11:57:09.257  1484  2446 I chatty  : uid=1000(system) Binder:1484_D expire 2 lines
09-02 11:57:10.474  1484  1719 I chatty  : uid=1000(system) UEventObserver expire 11 lines
09-02 11:57:12.701   544   595 I chatty  : uid=1000(system) EventThread expire 3 lines
09-02 11:57:17.652   544   544 I chatty  : uid=1000(system) /system/bin/surfaceflinger expire 3 lines
09-02 11:57:22.659   544   595 I chatty  : uid=1000(system) EventThread expire 2 lines
09-02 11:57:27.678   544   544 I chatty  : uid=1000(system) /system/bin/surfaceflinger expire 4 lines
09-02 11:57:27.705   544   595 I chatty  : uid=1000(system) EventThread expire 5 lines
09-02 11:57:37.658   544   544 I chatty  : uid=1000(system) /system/bin/surfaceflinger expire 4 lines
09-02 11:57:39.635   544   595 I chatty  : uid=1000(system) EventThread expire 3 lines
09-02 11:57:47.662   544   544 I chatty  : uid=1000(system) /system/bin/surfaceflinger expire 2 lines
09-02 11:57:50.863   544   595 I chatty  : uid=1000(system) EventThread expire 2 lines
09-02 11:57:52.642   544   544 I chatty  : uid=1000(system) /system/bin/surfaceflinger expire 4 lines
09-02 11:57:55.742   544   595 I chatty  : uid=1000(system) EventThread expire 4 lines
09-02 11:58:02.648   544   544 I chatty  : uid=1000(system) /system/bin/surfaceflinger expire 3 lines
09-02 11:58:04.531   544   595 I chatty  : uid=1000(system) EventThread expire 3 lines
09-02 11:58:07.661   544   544 I chatty  : uid=1000(system) /system/bin/surfaceflinger expire 5 lines
09-02 11:58:10.512  1484  2475 I chatty  : uid=1000(system) Binder:1484_F expire 10 lines
09-02 11:58:12.802   544   595 I chatty  : uid=1000(system) EventThread expire 5 lines
09-02 11:58:22.665   544   544 I chatty  : uid=1000(system) /system/bin/surfaceflinger expire 4 lines
09-02 11:58:25.802   544   595 I chatty  : uid=1000(system) EventThread expire 3 lines
09-02 11:58:32.657   544   544 I chatty  : uid=1000(system) /system/bin/surfaceflinger expire 2 lines
09-02 11:58:32.685   544   595 I chatty  : uid=1000(system) EventThread expire 2 lines
09-02 11:58:37.654   544   544 I chatty  : uid=1000(system) /system/bin/surfaceflinger expire 5 lines
09-02 11:58:42.677   544   595 I chatty  : uid=1000(system) EventThread expire 3 lines
09-02 11:58:47.679   544   544 I chatty  : uid=1000(system) /system/bin/surfaceflinger expire 3 lines
09-02 11:58:50.881   544   595 I chatty  : uid=1000(system) EventThread expire 3 lines
09-02 11:58:57.652   544   544 I chatty  : uid=1000(system) /system/bin/surfaceflinger expire 3 lines
09-02 11:58:57.798   544   595 I chatty  : uid=1000(system) EventThread expire 4 lines
09-02 11:59:02.648   544   544 I chatty  : uid=1000(system) /system/bin/surfaceflinger expire 3 lines
09-02 11:59:07.706   544   595 I chatty  : uid=1000(system) EventThread expire 2 lines
09-02 11:59:09.268  1484  2492 I chatty  : uid=1000(system) Binder:1484_11 expire 3 lines
09-02 11:59:10.702  1484  2494 I chatty  : uid=1000(system) Binder:1484_12 expire 3 lines
09-02 11:59:10.706  1484  1546 I chatty  : uid=1000(system) batterystats-sy expire 9 lines
09-02 11:59:12.659   544   544 I chatty  : uid=1000(system) /system/bin/surfaceflinger expire 3 lines
09-02 11:59:12.685   544   595 I chatty  : uid=1000(system) EventThread expire 3 lines
09-02 11:59:17.639   544   544 I chatty  : uid=1000(system) /system/bin/surfaceflinger expire 3 lines
09-02 11:59:22.711   544   595 I chatty  : uid=1000(system) EventThread expire 3 lines
09-02 11:59:27.664   544   544 I chatty  : uid=1000(system) /system/bin/surfaceflinger expire 4 lines
09-02 11:59:32.017   544   595 I chatty  : uid=1000(system) EventThread expire 2 lines
09-02 11:59:37.655   544   544 I chatty  : uid=1000(system) /system/bin/surfaceflinger expire 6 lines
09-02 11:59:37.699   544   595 I chatty  : uid=1000(system) EventThread expire 7 lines
09-02 11:59:52.659   544   544 I chatty  : uid=1000(system) /system/bin/surfaceflinger expire 4 lines
09-02 11:59:57.683   544   595 I chatty  : uid=1000(system) EventThread expire 3 lines
09-02 12:00:00.027  1484  1484 I chatty  : uid=1000 system_server expire 10 lines
09-02 12:00:00.534  1484  2421 I chatty  : uid=1000(system) Binder:1484_A expire 4 lines
09-02 12:00:02.650   544   544 I chatty  : uid=1000(system) /system/bin/surfaceflinger expire 6 lines
09-02 12:00:07.691   544   595 I chatty  : uid=1000(system) EventThread expire 6 lines
09-02 12:00:17.639   544   544 I chatty  : uid=1000(system) /system/bin/surfaceflinger expire 4 lines
09-02 12:00:22.795   544   595 I chatty  : uid=1000(system) EventThread expire 5 lines
09-02 12:00:27.633   544   544 I chatty  : uid=1000(system) /system/bin/surfaceflinger expire 6 lines
09-02 12:00:34.926   544   595 I chatty  : uid=1000(system) EventThread expire 4 lines
09-02 12:00:35.209  1484  1536 I chatty  : uid=1000(system) android.bg expire 1 line
09-02 12:00:42.667   544   544 I chatty  : uid=1000(system) /system/bin/surfaceflinger expire 5 lines
09-02 12:00:50.882   544   595 I chatty  : uid=1000(system) EventThread expire 4 lines
09-02 12:00:52.644   544   544 I chatty  : uid=1000(system) /system/bin/surfaceflinger expire 5 lines
09-02 12:01:00.323   544   595 I chatty  : uid=1000(system) EventThread expire 5 lines
09-02 12:01:07.651   544   544 I chatty  : uid=1000(system) /system/bin/surfaceflinger expire 4 lines
09-02 12:01:10.991  1484  2478 I chatty  : uid=1000(system) Binder:1484_10 expire 5 lines
09-02 12:01:11.051  1484  1540 I chatty  : uid=1000(system) ActivityManager expire 4 lines
09-02 12:01:11.113  1484  2496 I chatty  : uid=1000(system) Binder:1484_13 expire 4 lines
09-02 12:01:12.688   544   595 I chatty  : uid=1000(system) EventThread expire 3 lines
09-02 12:01:16.780  1484  1505 I chatty  : uid=1000(system) Binder:1484_1 expire 2 lines
09-02 12:01:17.657   544   544 I chatty  : uid=1000(system) /system/bin/surfaceflinger expire 4 lines
09-02 12:01:17.799 32500 32554 E ActivityThread: Failed to find provider info for com.google.android.googlequicksearchbox.GsaPublicContentProvider
09-02 12:01:17.979 32500 32559 E ActivityThread: Failed to find provider info for com.google.android.googlequicksearchbox.GsaPublicContentProvider
09-02 12:01:20.892   544   595 I chatty  : uid=1000(system) EventThread expire 3 lines
09-02 12:01:27.663   544   544 I chatty  : uid=1000(system) /system/bin/surfaceflinger expire 3 lines
09-02 12:01:27.692   544   595 I chatty  : uid=1000(system) EventThread expire 6 lines
09-02 12:01:32.660   544   544 I chatty  : uid=1000(system) /system/bin/surfaceflinger expire 5 lines
09-02 12:01:42.697   544   595 I chatty  : uid=1000(system) EventThread expire 2 lines
09-02 12:01:47.647   544   544 I chatty  : uid=1000(system) /system/bin/surfaceflinger expire 6 lines
09-02 12:01:49.350  1484  1579 I chatty  : uid=1000(system) android.display expire 6 lines
09-02 12:01:50.299   544   595 I chatty  : uid=1000(system) EventThread expire 3 lines
09-02 12:01:50.779  1484  2445 I chatty  : uid=1000(system) Binder:1484_C expire 1 line
09-02 12:01:50.824  1484  2425 I chatty  : uid=1000(system) Binder:1484_B expire 7 lines
09-02 12:01:50.826  1484  1744 I chatty  : uid=1000(system) ConnectivitySer expire 3 lines
09-02 12:05:11.763  1484  2460 I chatty  : uid=1000(system) Binder:1484_E expire 2 lines
09-02 12:05:24.631  1484  1603 I chatty  : uid=1000(system) PackageManager expire 8 lines
09-02 12:05:27.698  2442  2442 W ContextImpl: Calling a method in the system process without a qualified user: android.app.ContextImpl.startService:1357 android.content.ContextWrapper.startService:613 android.content.ContextWrapper.startService:613 com.android.keychain.KeyChainBroadcastReceiver.onReceive:12 android.app.ActivityThread.handleReceiver:3032 
09-02 12:05:27.774  1484  1991 I chatty  : uid=1000(system) Binder:1484_5 expire 5 lines
09-02 12:05:28.017  1484  2417 I chatty  : uid=1000(system) Binder:1484_8 expire 8 lines
09-02 12:05:28.098  1484  1543 I chatty  : uid=1000(system) ActivityManager expire 1 line
09-02 12:05:31.743  1484  2475 I chatty  : uid=1000(system) Binder:1484_F expire 4 lines
09-02 12:05:31.909   544   544 I chatty  : uid=1000(system) /system/bin/surfaceflinger expire 6 lines
09-02 12:05:32.750  1484  1997 I chatty  : uid=1000(system) Binder:1484_7 expire 3 lines
09-02 12:05:32.981  1484  2446 I chatty  : uid=1000(system) Binder:1484_D expire 3 lines
09-02 12:05:33.019  1484  1540 I chatty  : uid=1000(system) ActivityManager expire 2 lines
09-02 12:05:33.024  1484  1484 I chatty  : uid=1000 system_server expire 11 lines
09-02 12:05:33.239  1484  1579 I chatty  : uid=1000(system) android.display expire 6 lines
09-02 12:05:33.590  1484  2492 I chatty  : uid=1000(system) Binder:1484_11 expire 2 lines
09-02 12:05:33.594  1484  1828 I chatty  : uid=1000(system) Binder:1484_4 expire 7 lines
09-02 12:05:33.596  1484  2494 I chatty  : uid=1000(system) Binder:1484_12 expire 2 lines
09-02 12:05:33.598  1484  2521 I chatty  : uid=1000(system) Binder:1484_16 expire 1 line
09-02 12:05:34.339  1484  1927 I chatty  : uid=1000(system) FLP Service Cal expire 1 line
09-02 12:05:34.879  1484  2445 I chatty  : uid=1000(system) Binder:1484_C expire 2 lines
09-02 12:05:34.884  1484  1996 I chatty  : uid=1000(system) Binder:1484_6 expire 2 lines
09-02 12:05:34.892  1484  2460 I chatty  : uid=1000(system) Binder:1484_E expire 1 line
09-02 12:05:34.895  1484  1505 I chatty  : uid=1000(system) Binder:1484_1 expire 5 lines
09-02 12:05:34.903  1484  2496 I chatty  : uid=1000(system) Binder:1484_13 expire 3 lines
09-02 12:05:37.955   544   595 I chatty  : uid=1000(system) EventThread expire 2 lines
09-02 12:05:38.822  1484  1723 I chatty  : uid=1000(system) Binder:1484_3 expire 2 lines
09-02 12:05:42.850  1484  2515 I chatty  : uid=1000(system) Binder:1484_14 expire 1 line
09-02 12:05:42.940   544   544 I chatty  : uid=1000(system) /system/bin/surfaceflinger expire 4 lines
09-02 12:05:47.947   544   595 I chatty  : uid=1000(system) EventThread expire 2 lines
09-02 12:05:52.863   544   544 I chatty  : uid=1000(system) /system/bin/surfaceflinger expire 4 lines
09-02 12:05:54.346   544   595 I chatty  : uid=1000(system) EventThread expire 3 lines
09-02 12:06:00.004  1484  1484 I chatty  : uid=1000 system_server expire 2 lines
09-02 12:06:00.698   544   544 I chatty  : uid=1000(system) /system/bin/surfaceflinger expire 6 lines
09-02 12:06:02.092  1484  1506 I chatty  : uid=1000(system) Binder:1484_2 expire 1 line
09-02 12:06:02.254  1484  2421 I chatty  : uid=1000(system) Binder:1484_A expire 3 lines
09-02 12:06:02.256  1484  1744 I chatty  : uid=1000(system) ConnectivitySer expire 3 lines
09-02 12:06:11.935  1484  1719 I chatty  : uid=1000(system) UEventObserver expire 4 lines
09-02 12:06:11.938  1484  2417 I chatty  : uid=1000(system) Binder:1484_8 expire 1 line
09-02 12:07:04.102  1484  2515 I chatty  : uid=1000(system) Binder:1484_14 expire 2 lines
09-02 12:07:12.079  1484  1723 I chatty  : uid=1000(system) Binder:1484_3 expire 4 lines
09-02 12:08:12.102  1484  1996 I chatty  : uid=1000(system) Binder:1484_6 expire 4 lines
09-02 12:09:12.279  1484  2475 I chatty  : uid=1000(system) Binder:1484_F expire 2 lines
09-02 12:09:12.283  1484  1546 I chatty  : uid=1000(system) batterystats-sy expire 3 lines
09-02 12:09:12.347  1484  1540 I chatty  : uid=1000(system) ActivityManager expire 1 line
09-02 12:09:40.093  1484  2460 I chatty  : uid=1000(system) Binder:1484_E expire 1 line
09-02 12:09:40.181   544   595 I chatty  : uid=1000(system) EventThread expire 2 lines
09-02 12:09:43.909  1484  2420 I chatty  : uid=1000(system) Binder:1484_9 expire 4 lines
09-02 12:09:45.692  1484  2496 I chatty  : uid=1000(system) Binder:1484_13 expire 1 line
09-02 12:09:49.458  1484  1536 I chatty  : uid=1000(system) android.bg expire 6 lines
09-02 12:09:49.563  4582  4582 D ActivityThread: Loading provider com.google.android.gm.sapi: com.google.android.gm.sapi.SapiUiProvider
09-02 12:10:12.463  1484  2515 I chatty  : uid=1000(system) Binder:1484_14 expire 7 lines
09-02 12:10:12.560  1484  1719 I chatty  : uid=1000(system) UEventObserver expire 6 lines
09-02 12:10:21.820  1484  1540 I chatty  : uid=1000(system) ActivityManager expire 5 lines
09-02 12:10:21.846  1484  1506 I chatty  : uid=1000(system) Binder:1484_2 expire 1 line
09-02 12:10:21.865  1484  1828 I chatty  : uid=1000(system) Binder:1484_4 expire 1 line
09-02 12:10:22.030  1484  2445 I chatty  : uid=1000(system) Binder:1484_C expire 6 lines
09-02 12:10:22.044  1484  2421 I chatty  : uid=1000(system) Binder:1484_A expire 5 lines
09-02 12:11:12.715  1484  2475 I chatty  : uid=1000(system) Binder:1484_F expire 5 lines
09-02 12:11:32.168  1484  1546 I chatty  : uid=1000(system) batterystats-sy expire 6 lines
09-02 12:11:47.836  1484  1582 I chatty  : uid=1000(system) CpuTracker expire 4 lines
09-02 12:11:49.398  1484  2446 I chatty  : uid=1000(system) Binder:1484_D expire 5 lines
09-02 12:12:02.011  1484  1996 I chatty  : uid=1000(system) Binder:1484_6 expire 3 lines
09-02 12:13:12.944  1484  2521 I chatty  : uid=1000(system) Binder:1484_16 expire 6 lines
09-02 12:13:13.039  1484  2460 I chatty  : uid=1000(system) Binder:1484_E expire 3 lines
09-02 12:13:49.593  1484  1505 I chatty  : uid=1000(system) Binder:1484_1 expire 1 line
09-02 12:14:43.611  1484  1603 I chatty  : uid=1000(system) PackageManager expire 8 lines
09-02 12:14:46.613  6683  6683 W ContextImpl: Calling a method in the system process without a qualified user: android.app.ContextImpl.startService:1357 android.content.ContextWrapper.startService:613 android.content.ContextWrapper.startService:613 com.android.keychain.KeyChainBroadcastReceiver.onReceive:12 android.app.ActivityThread.handleReceiver:3032 
09-02 12:14:46.657  1484  2417 I chatty  : uid=1000(system) Binder:1484_8 expire 3 lines
09-02 12:14:47.002  1484  2492 I chatty  : uid=1000(system) Binder:1484_11 expire 1 line
09-02 12:14:47.040   544   544 I chatty  : uid=1000(system) /system/bin/surfaceflinger expire 5 lines
09-02 12:14:47.758  1484  1484 I chatty  : uid=1000 system_server expire 9 lines
09-02 12:14:47.789  1484  2478 I chatty  : uid=1000(system) Binder:1484_10 expire 1 line
09-02 12:14:51.752  1484  1579 I chatty  : uid=1000(system) android.display expire 4 lines
09-02 12:14:51.756  1484  2516 I chatty  : uid=1000(system) Binder:1484_15 expire 1 line
09-02 12:14:51.789  1484  2494 I chatty  : uid=1000(system) Binder:1484_12 expire 3 lines
09-02 12:14:57.915  1484  2425 I chatty  : uid=1000(system) Binder:1484_B expire 2 lines
09-02 12:14:59.029  2493  4679 W ContextImpl: Calling a method in the system process without a qualified user: android.app.ContextImpl.sendBroadcast:877 android.content.ContextWrapper.sendBroadcast:421 com.motorola.bach.modemstats.MPhoneStateListener.onDataServiceChanged:467 com.motorola.bach.modemstats.MPhoneStateListener.startDataOutOfService:454 com.motorola.bach.modemstats.MPhoneStateListener.onServiceStateChanged:231 
09-02 12:14:59.350   544   595 I chatty  : uid=1000(system) EventThread expire 1 line
09-02 12:14:59.393  1484  2496 I chatty  : uid=1000(system) Binder:1484_13 expire 2 lines
09-02 12:14:59.518  2493  4679 W ContextImpl: Calling a method in the system process without a qualified user: android.app.ContextImpl.sendBroadcast:877 android.content.ContextWrapper.sendBroadcast:421 com.motorola.bach.modemstats.MPhoneStateListener.onDataServiceChanged:467 com.motorola.bach.modemstats.MPhoneStateListener.stopDataOutOfService:458 com.motorola.bach.modemstats.MPhoneStateListener.onServiceStateChanged:235 
09-02 12:14:59.621   544   544 I chatty  : uid=1000(system) /system/bin/surfaceflinger expire 3 lines
09-02 12:14:59.899  1484  1723 I chatty  : uid=1000(system) Binder:1484_3 expire 3 lines
09-02 12:14:59.900  1484  1991 I chatty  : uid=1000(system) Binder:1484_5 expire 2 lines
09-02 12:14:59.914  1484  1996 I chatty  : uid=1000(system) Binder:1484_6 expire 2 lines
09-02 12:15:00.085  1484  1484 I chatty  : uid=1000 system_server expire 8 lines
09-02 12:15:00.853  1484  1927 I chatty  : uid=1000(system) FLP Service Cal expire 1 line
09-02 12:15:01.376  1484  2460 I chatty  : uid=1000(system) Binder:1484_E expire 1 line
09-02 12:15:01.378  1484  2475 I chatty  : uid=1000(system) Binder:1484_F expire 2 lines
09-02 12:15:01.379  1484  2478 I chatty  : uid=1000(system) Binder:1484_10 expire 1 line
09-02 12:15:01.384  1484  1506 I chatty  : uid=1000(system) Binder:1484_2 expire 1 line
09-02 12:15:01.387  1484  2492 I chatty  : uid=1000(system) Binder:1484_11 expire 1 line
09-02 12:15:01.391  1484  2420 I chatty  : uid=1000(system) Binder:1484_9 expire 1 line
09-02 12:15:01.393  1484  2417 I chatty  : uid=1000(system) Binder:1484_8 expire 1 line
09-02 12:15:01.396  1484  2446 I chatty  : uid=1000(system) Binder:1484_D expire 1 line
09-02 12:15:04.296   544   595 I chatty  : uid=1000(system) EventThread expire 2 lines
09-02 12:15:06.455  1484  2420 I chatty  : uid=1000(system) Binder:1484_9 expire 1 line
09-02 12:15:08.255  1484  1996 I chatty  : uid=1000(system) Binder:1484_6 expire 1 line
09-02 12:15:09.281   544   544 I chatty  : uid=1000(system) /system/bin/surfaceflinger expire 4 lines
09-02 12:15:13.360  1484  1719 I chatty  : uid=1000(system) UEventObserver expire 3 lines
09-02 12:15:13.361  1484  2445 I chatty  : uid=1000(system) Binder:1484_C expire 4 lines
09-02 12:15:14.304   544   595 I chatty  : uid=1000(system) EventThread expire 3 lines
09-02 12:15:19.275   544   544 I chatty  : uid=1000(system) /system/bin/surfaceflinger expire 4 lines
09-02 12:15:24.313   544   595 I chatty  : uid=1000(system) EventThread expire 2 lines
09-02 12:15:29.247   544   544 I chatty  : uid=1000(system) /system/bin/surfaceflinger expire 3 lines
09-02 12:15:29.426   544   595 I chatty  : uid=1000(system) EventThread expire 4 lines
09-02 12:15:34.278   544   544 I chatty  : uid=1000(system) /system/bin/surfaceflinger expire 6 lines
09-02 12:15:44.346   544   595 I chatty  : uid=1000(system) EventThread expire 3 lines
09-02 12:15:49.267   544   544 I chatty  : uid=1000(system) /system/bin/surfaceflinger expire 5 lines
09-02 12:15:59.285   544   595 I chatty  : uid=1000(system) EventThread expire 2 lines
09-02 12:16:00.285  1484  1828 I chatty  : uid=1000(system) Binder:1484_4 expire 5 lines
09-02 12:16:00.355  1484  1540 I chatty  : uid=1000(system) ActivityManager expire 4 lines
09-02 12:16:00.362  1484  1484 I chatty  : uid=1000 system_server expire 9 lines
09-02 12:16:00.397  1484  1579 I chatty  : uid=1000(system) android.display expire 6 lines
09-02 12:16:01.578  1484  2475 I chatty  : uid=1000(system) Binder:1484_F expire 3 lines
09-02 12:16:01.598  1484  1506 I chatty  : uid=1000(system) Binder:1484_2 expire 3 lines
09-02 12:16:01.755  1484  2421 I chatty  : uid=1000(system) Binder:1484_A expire 4 lines
09-02 12:16:01.768  1484  2496 I chatty  : uid=1000(system) Binder:1484_13 expire 2 lines
09-02 12:16:01.820  1484  2460 I chatty  : uid=1000(system) Binder:1484_E expire 5 lines
09-02 12:16:01.859   544   544 I chatty  : uid=1000(system) /system/bin/surfaceflinger expire 4 lines
09-02 12:16:02.051  1484  1997 I chatty  : uid=1000(system) Binder:1484_7 expire 1 line
09-02 12:16:02.057  1484  2425 I chatty  : uid=1000(system) Binder:1484_B expire 2 lines
09-02 12:16:02.057  1484  2515 I chatty  : uid=1000(system) Binder:1484_14 expire 5 lines
09-02 12:16:02.057  1484  2494 I chatty  : uid=1000(system) Binder:1484_12 expire 7 lines
09-02 12:16:02.058  1484  2478 I chatty  : uid=1000(system) Binder:1484_10 expire 4 lines
09-02 12:16:02.060  1484  1744 I chatty  : uid=1000(system) ConnectivitySer expire 4 lines
09-02 12:16:08.609  1484  2417 I chatty  : uid=1000(system) Binder:1484_8 expire 4 lines
09-02 12:16:08.627  1484  2492 I chatty  : uid=1000(system) Binder:1484_11 expire 5 lines
09-02 12:16:13.431  1484  1546 I chatty  : uid=1000(system) batterystats-sy expire 3 lines
09-02 12:17:00.022  1484  1991 I chatty  : uid=1000(system) Binder:1484_5 expire 3 lines
09-02 12:17:04.103  1484  2516 I chatty  : uid=1000(system) Binder:1484_15 expire 2 lines
09-02 12:17:06.484  1484  1996 I chatty  : uid=1000(system) Binder:1484_6 expire 1 line
09-02 12:17:14.036  1484  1603 I chatty  : uid=1000(system) PackageManager expire 8 lines
09-02 12:17:16.695  1484  2521 I chatty  : uid=1000(system) Binder:1484_16 expire 2 lines
09-02 12:17:16.933  7959  7959 W ContextImpl: Calling a method in the system process without a qualified user: android.app.ContextImpl.startService:1357 android.content.ContextWrapper.startService:613 android.content.ContextWrapper.startService:613 com.android.keychain.KeyChainBroadcastReceiver.onReceive:12 android.app.ActivityThread.handleReceiver:3032 
09-02 12:17:16.965  1484  2446 I chatty  : uid=1000(system) Binder:1484_D expire 1 line
09-02 12:17:17.384  1484  1543 I chatty  : uid=1000(system) ActivityManager expire 1 line
09-02 12:17:21.629  8148  8237 E AndroidRuntime: FATAL EXCEPTION: pool-4-thread-2
