09-01 13:46:21.533 11550 11550 W ContextImpl: Calling a method in the system process without a qualified user: android.app.ContextImpl.startService:1357 android.content.ContextWrapper.startService:613 android.content.ContextWrapper.startService:613 com.android.keychain.KeyChainBroadcastReceiver.onReceive:12 android.app.ActivityThread.handleReceiver:3032 
09-01 13:46:21.863  1484  1484 I chatty  : uid=1000 system_server expire 56 lines
09-01 13:46:21.899  1484 11610 I chatty  : uid=1000 system_server expire 6 lines
09-01 13:46:21.997  1484 11615 I chatty  : uid=1000 system_server expire 3 lines
09-01 13:46:24.728  1484 11909 I chatty  : uid=1000 system_server expire 4 lines
09-01 13:46:27.256  1484 11923 I chatty  : uid=1000 system_server expire 4 lines
09-01 13:46:29.785  1484 11929 I chatty  : uid=1000 system_server expire 4 lines
09-01 13:46:32.311  1484 11934 I chatty  : uid=1000 system_server expire 4 lines
09-01 13:46:34.863  1484 11935 I chatty  : uid=1000 system_server expire 4 lines
09-01 13:46:37.420  1484 11953 I chatty  : uid=1000 system_server expire 4 lines
09-01 13:46:39.947  1484 11957 I chatty  : uid=1000 system_server expire 4 lines
09-01 13:46:42.484  1484 11958 I chatty  : uid=1000 system_server expire 4 lines
09-01 13:46:45.018  1484 11962 I chatty  : uid=1000 system_server expire 4 lines
09-01 13:46:47.546  1484 11963 I chatty  : uid=1000 system_server expire 6 lines
09-01 13:46:47.647  1484 11965 I chatty  : uid=1000 system_server expire 3 lines
09-01 13:46:50.277  1484 11984 I chatty  : uid=1000 system_server expire 5 lines
09-01 13:46:50.345  1484 11986 I chatty  : uid=1000 system_server expire 4 lines
09-01 13:46:50.368  1484  2516 I chatty  : uid=1000(system) Binder:1484_15 expire 13 lines
09-01 13:46:50.435  1484 12002 I chatty  : uid=1000 system_server expire 1 line
09-01 13:46:50.469  1484  2521 I chatty  : uid=1000(system) Binder:1484_16 expire 9 lines
09-01 13:46:54.853  1484 12004 I chatty  : uid=1000 system_server expire 4 lines
09-01 13:46:57.391  1484 12005 I chatty  : uid=1000 system_server expire 4 lines
09-01 13:46:59.921  1484 12006 I chatty  : uid=1000 system_server expire 4 lines
09-01 13:47:02.459  1484 12016 I chatty  : uid=1000 system_server expire 4 lines
09-01 13:47:04.988  1484 12027 I chatty  : uid=1000 system_server expire 4 lines
09-01 13:47:05.311  1484 12032 I chatty  : uid=1000 system_server expire 4 lines
09-01 13:47:05.876  1484 12048 I chatty  : uid=1000 system_server expire 1 line
09-01 13:47:13.419  1484 12073 I chatty  : uid=1000 system_server expire 4 lines
09-01 13:47:13.509  1484 12077 I chatty  : uid=1000 system_server expire 4 lines
09-01 13:47:13.616  1484 12093 I chatty  : uid=1000 system_server expire 1 line
09-01 13:47:17.590  1484 12097 I chatty  : uid=1000 system_server expire 4 lines
09-01 13:47:17.746  1484 12099 I chatty  : uid=1000 system_server expire 4 lines
09-01 13:47:17.927  1484 12115 I chatty  : uid=1000 system_server expire 1 line
09-01 13:47:18.761  1484  1603 I chatty  : uid=1000(system) PackageManager expire 10 lines
09-01 13:47:22.204  1484 12132 I chatty  : uid=1000 system_server expire 4 lines
09-01 13:47:24.746  1484 12133 I chatty  : uid=1000 system_server expire 4 lines
09-01 13:47:24.848  1484 12135 I chatty  : uid=1000 system_server expire 4 lines
09-01 13:47:24.943  1484 12151 I chatty  : uid=1000 system_server expire 1 line
09-01 13:47:29.257  1484 12161 I chatty  : uid=1000 system_server expire 4 lines
09-01 13:47:29.332  1484 12163 I chatty  : uid=1000 system_server expire 4 lines
09-01 13:47:29.426  1484 12179 I chatty  : uid=1000 system_server expire 1 line
09-01 13:47:34.142  1484 12188 I chatty  : uid=1000(system) kworker/2:0 expire 4 lines
09-01 13:47:36.676  1484 12189 I chatty  : uid=1000 system_server expire 5 lines
09-01 13:47:36.791  1484 12191 I chatty  : uid=1000 system_server expire 4 lines
09-01 13:47:36.864  1484 12207 I chatty  : uid=1000 system_server expire 1 line
09-01 13:47:40.967  1484 12211 I chatty  : uid=1000 system_server expire 4 lines
09-01 13:47:41.041  1484 12213 I chatty  : uid=1000 system_server expire 4 lines
09-01 13:47:41.125  1484 12229 I chatty  : uid=1000 system_server expire 1 line
09-01 13:47:45.268  1484 12230 I chatty  : uid=1000 system_server expire 4 lines
09-01 13:47:45.373  1484 12232 I chatty  : uid=1000 system_server expire 4 lines
09-01 13:47:45.487  1484 12248 I chatty  : uid=1000 system_server expire 1 line
09-01 13:47:49.539  1484 12249 I chatty  : uid=1000 system_server expire 4 lines
09-01 13:47:49.644  1484 12251 I chatty  : uid=1000 system_server expire 4 lines
09-01 13:47:49.738  1484 12267 I chatty  : uid=1000 system_server expire 1 line
09-01 13:47:53.837  1484 12268 I chatty  : uid=1000 system_server expire 4 lines
09-01 13:47:53.931  1484 12270 I chatty  : uid=1000 system_server expire 4 lines
09-01 13:47:54.006  1484  2445 I chatty  : uid=1000(system) Binder:1484_C expire 9 lines
09-01 13:47:54.047  1484 12287 I chatty  : uid=1000 system_server expire 1 line
09-01 13:47:58.266  1484 12288 I chatty  : uid=1000 system_server expire 4 lines
09-01 13:47:58.368  1484 12290 I chatty  : uid=1000 system_server expire 4 lines
09-01 13:47:58.563  1484 12306 I chatty  : uid=1000 system_server expire 1 line
09-01 13:48:02.742  1484 12307 I chatty  : uid=1000 system_server expire 4 lines
09-01 13:48:05.289  1484 12308 I chatty  : uid=1000 system_server expire 4 lines
09-01 13:48:07.826  1484 12309 I chatty  : uid=1000 system_server expire 6 lines
09-01 13:48:07.931  1484 12311 I chatty  : uid=1000 system_server expire 3 lines
09-01 13:48:10.630  1484 12327 I chatty  : uid=1000 system_server expire 6 lines
09-01 13:48:10.738  1484 12329 I chatty  : uid=1000 system_server expire 3 lines
09-01 13:48:13.407  1484 12346 I chatty  : uid=1000(system) Binder:8791_3 expire 4 lines
09-01 13:48:13.511  1484 12348 I chatty  : uid=1000 system_server expire 4 lines
09-01 13:48:13.598  1484 12365 I chatty  : uid=1000 system_server expire 1 line
09-01 13:48:13.627  1484  1505 I chatty  : uid=1000(system) Binder:1484_1 expire 11 lines
09-01 13:48:17.797  1484 12366 I chatty  : uid=1000 system_server expire 4 lines
09-01 13:48:17.909  1484 12368 I chatty  : uid=1000 system_server expire 4 lines
09-01 13:48:18.053  1484 12384 I chatty  : uid=1000 system_server expire 1 line
09-01 13:48:22.724  1484 12385 I chatty  : uid=1000 system_server expire 4 lines
09-01 13:48:22.843  1484 12387 I chatty  : uid=1000 system_server expire 4 lines
09-01 13:48:22.970  1484 12403 I chatty  : uid=1000 system_server expire 1 line
09-01 13:48:27.026  1484 12406 I chatty  : uid=1000 system_server expire 4 lines
09-01 13:48:27.140  1484 12408 I chatty  : uid=1000 system_server expire 4 lines
09-01 13:48:27.278  1484 12424 I chatty  : uid=1000 system_server expire 1 line
09-01 13:48:31.617  1484 12425 I chatty  : uid=1000 system_server expire 4 lines
09-01 13:48:32.187  1484 12427 I chatty  : uid=1000 system_server expire 4 lines
09-01 13:48:32.404  1484 12443 I chatty  : uid=1000 system_server expire 1 line
09-01 13:48:56.290 12446 12446 W ContextImpl: Calling a method in the system process without a qualified user: android.app.ContextImpl.startService:1357 android.content.ContextWrapper.startService:613 android.content.ContextWrapper.startService:613 com.android.keychain.KeyChainBroadcastReceiver.onReceive:12 android.app.ActivityThread.handleReceiver:3032 
09-01 13:48:56.732  1484  1543 I chatty  : uid=1000(system) ActivityManager expire 2 lines
09-01 13:48:56.964  1484  2475 I chatty  : uid=1000(system) Binder:1484_F expire 7 lines
09-01 13:48:58.426  1484  2478 I chatty  : uid=1000(system) Binder:1484_10 expire 22 lines
09-01 13:48:59.528  1484 12622 I chatty  : uid=1000 system_server expire 7 lines
09-01 13:48:59.631  1484 12624 I chatty  : uid=1000 system_server expire 5 lines
09-01 13:48:59.789  1484 12641 I chatty  : uid=1000 system_server expire 1 line
09-01 13:49:01.581  1484  2420 I chatty  : uid=1000(system) Binder:1484_9 expire 15 lines
09-01 13:50:07.387 12446 12446 W ContextImpl: Calling a method in the system process without a qualified user: android.app.ContextImpl.startService:1357 android.content.ContextWrapper.startService:613 android.content.ContextWrapper.startService:613 com.android.keychain.KeyChainBroadcastReceiver.onReceive:12 android.app.ActivityThread.handleReceiver:3032 
09-01 13:50:07.578  1484  1484 I chatty  : uid=1000 system_server expire 1 line
09-01 13:50:11.065  2493  2493 W ContextImpl: Calling a method in the system process without a qualified user: android.app.ContextImpl.sendBroadcast:877 android.content.ContextWrapper.sendBroadcast:421 com.motorola.bach.modemstats.ModemStatsUtils$MyLocationListener.onLocationChanged:353 android.location.LocationManager$ListenerTransport._handleMessage:297 android.location.LocationManager$ListenerTransport.-wrap0:-1 
09-01 13:52:02.077 12991 12991 D ActivityThread: Loading provider com.google.android.gm.sapi: com.google.android.gm.sapi.SapiUiProvider
09-01 13:53:59.890  1484  2339 I chatty  : uid=1000(system) backup expire 4 lines
09-01 14:03:34.859  1484  1719 I chatty  : uid=1000(system) UEventObserver expire 12 lines
09-01 14:04:35.021  1484  1506 I chatty  : uid=1000(system) Binder:1484_2 expire 10 lines
09-01 14:05:19.095  1484  2494 I chatty  : uid=1000(system) Binder:1484_12 expire 11 lines
09-01 14:05:35.181  1484  2515 I chatty  : uid=1000(system) Binder:1484_14 expire 4 lines
09-01 14:06:35.042  1484  1540 I chatty  : uid=1000(system) ActivityManager expire 5 lines
09-01 14:08:35.661  1484  2417 I chatty  : uid=1000(system) Binder:1484_8 expire 10 lines
09-01 14:09:19.095  1484  2425 I chatty  : uid=1000(system) Binder:1484_B expire 8 lines
09-01 14:11:36.139  1484  1997 I chatty  : uid=1000(system) Binder:1484_7 expire 3 lines
09-01 14:13:36.459  1484  1991 I chatty  : uid=1000(system) Binder:1484_5 expire 11 lines
09-01 14:14:50.169  2493  4679 W ContextImpl: Calling a method in the system process without a qualified user: android.app.ContextImpl.sendBroadcast:877 android.content.ContextWrapper.sendBroadcast:421 com.motorola.bach.modemstats.MPhoneStateListener.onDataServiceChanged:467 com.motorola.bach.modemstats.MPhoneStateListener.startDataOutOfService:454 com.motorola.bach.modemstats.MPhoneStateListener.onServiceStateChanged:231 
09-01 14:14:50.409  2493  4679 W ContextImpl: Calling a method in the system process without a qualified user: android.app.ContextImpl.sendBroadcast:877 android.content.ContextWrapper.sendBroadcast:421 com.motorola.bach.modemstats.MPhoneStateListener.onDataServiceChanged:467 com.motorola.bach.modemstats.MPhoneStateListener.stopDataOutOfService:458 com.motorola.bach.modemstats.MPhoneStateListener.onServiceStateChanged:235 
09-01 14:15:36.777  1484  1719 I chatty  : uid=1000(system) UEventObserver expire 23 lines
09-01 14:20:09.666  1484  2496 I chatty  : uid=1000(system) Binder:1484_13 expire 8 lines
09-01 14:20:09.701  1484  2421 I chatty  : uid=1000(system) Binder:1484_A expire 9 lines
09-01 14:20:28.297  1484  1724 I chatty  : uid=1000(system) AlarmManager expire 1 line
09-01 14:20:28.322  1484  2446 I chatty  : uid=1000(system) Binder:1484_D expire 6 lines
09-01 14:22:37.901  1484  1828 I chatty  : uid=1000(system) Binder:1484_4 expire 4 lines
09-01 14:25:38.379  1484  2460 I chatty  : uid=1000(system) Binder:1484_E expire 5 lines
09-01 14:31:55.708   544   595 I chatty  : uid=1000(system) EventThread expire 3 lines
09-01 14:31:55.903  1484  1583 I chatty  : uid=1000(system) PowerManagerSer expire 5 lines
09-01 14:31:56.020  1484  1577 I chatty  : uid=1000(system) android.fg expire 2 lines
09-01 14:31:56.053  1484  2417 I chatty  : uid=1000(system) Binder:1484_8 expire 1 line
09-01 14:31:56.198  1484  1484 I chatty  : uid=1000 system_server expire 6 lines
09-01 14:31:56.435  1484  2492 I chatty  : uid=1000(system) Binder:1484_11 expire 3 lines
09-01 14:31:57.022  1484  2478 I chatty  : uid=1000(system) Binder:1484_10 expire 3 lines
09-01 14:32:28.145  1484  1546 I chatty  : uid=1000(system) batterystats-sy expire 13 lines
09-01 14:35:31.268  1930  1930 W ContextImpl: Calling a method in the system process without a qualified user: android.app.ContextImpl.sendBroadcast:892 android.content.ContextWrapper.sendBroadcast:426 com.motorola.blur.service.blur.BSUtils.sendBroadcast:158 com.motorola.blur.service.blur.BSUtils.sendBroadcast:154 com.motorola.ccc.plm.pollingmanager.PollingManagerService$MyConnectivityReceiver.sendConnectivityIntent:599 
09-01 14:41:35.511  1930  1930 W ContextImpl: Calling a method in the system process without a qualified user: android.app.ContextImpl.sendBroadcast:892 android.content.ContextWrapper.sendBroadcast:426 com.motorola.blur.service.blur.BSUtils.sendBroadcast:158 com.motorola.blur.service.blur.BSUtils.sendBroadcast:154 com.motorola.ccc.plm.pollingmanager.PollingManagerService$MyConnectivityReceiver.sendConnectivityIntent:599 
09-01 14:43:57.460  1484  1546 I chatty  : uid=1000(system) batterystats-sy expire 12 lines
09-01 14:44:48.656  1930  1930 W ContextImpl: Calling a method in the system process without a qualified user: android.app.ContextImpl.sendBroadcast:892 android.content.ContextWrapper.sendBroadcast:426 com.motorola.blur.service.blur.BSUtils.sendBroadcast:158 com.motorola.blur.service.blur.BSUtils.sendBroadcast:154 com.motorola.ccc.plm.pollingmanager.PollingManagerService$MyConnectivityReceiver.sendConnectivityIntent:599 
09-01 14:44:48.687  1484  2420 I chatty  : uid=1000(system) Binder:1484_9 expire 3 lines
09-01 14:44:48.688  1484  1744 I chatty  : uid=1000(system) ConnectivitySer expire 1 line
09-01 14:51:43.525  1484  1536 I chatty  : uid=1000(system) android.bg expire 10 lines
09-01 14:51:43.613  1930  1930 W ContextImpl: Calling a method in the system process without a qualified user: android.app.ContextImpl.sendBroadcast:892 android.content.ContextWrapper.sendBroadcast:426 com.motorola.blur.service.blur.BSUtils.sendBroadcast:158 com.motorola.blur.service.blur.BSUtils.sendBroadcast:154 com.motorola.ccc.plm.pollingmanager.PollingManagerService$MyConnectivityReceiver.sendConnectivityIntent:599 
09-01 14:51:43.745  1484  1505 I chatty  : uid=1000(system) Binder:1484_1 expire 1 line
09-01 14:51:43.803  1484  1546 I chatty  : uid=1000(system) batterystats-sy expire 22 lines
09-01 14:51:56.515   741  1088 E NetlinkListener: recvmsg failed (No such file or directory)
09-01 14:51:56.516  1484  1723 I chatty  : uid=1000(system) Binder:1484_3 expire 2 lines
09-01 14:52:43.890  1930  1930 W ContextImpl: Calling a method in the system process without a qualified user: android.app.ContextImpl.sendBroadcast:892 android.content.ContextWrapper.sendBroadcast:426 com.motorola.blur.service.blur.BSUtils.sendBroadcast:158 com.motorola.blur.service.blur.BSUtils.sendBroadcast:154 com.motorola.ccc.plm.pollingmanager.PollingManagerService$MyConnectivityReceiver.sendConnectivityIntent:599 
09-01 14:52:43.900  1484  1579 I chatty  : uid=1000(system) android.display expire 2 lines
09-01 14:52:44.132   544   544 I chatty  : uid=1000(system) /system/bin/surfaceflinger expire 5 lines
09-01 14:52:47.914   544   595 I chatty  : uid=1000(system) EventThread expire 4 lines
09-01 14:52:51.347  1484  1484 I chatty  : uid=1000 system_server expire 13 lines
09-01 15:00:49.067  1484  1719 I chatty  : uid=1000(system) UEventObserver expire 12 lines
09-01 15:00:49.069  1484  2478 I chatty  : uid=1000(system) Binder:1484_10 expire 10 lines
09-01 15:07:55.186  1930  1930 W ContextImpl: Calling a method in the system process without a qualified user: android.app.ContextImpl.sendBroadcast:892 android.content.ContextWrapper.sendBroadcast:426 com.motorola.blur.service.blur.BSUtils.sendBroadcast:158 com.motorola.blur.service.blur.BSUtils.sendBroadcast:154 com.motorola.ccc.plm.pollingmanager.PollingManagerService$MyConnectivityReceiver.sendConnectivityIntent:599 
09-01 15:07:55.685  1484  1546 I chatty  : uid=1000(system) batterystats-sy expire 14 lines
09-01 15:09:57.673  1930  1930 W ContextImpl: Calling a method in the system process without a qualified user: android.app.ContextImpl.sendBroadcast:892 android.content.ContextWrapper.sendBroadcast:426 com.motorola.blur.service.blur.BSUtils.sendBroadcast:158 com.motorola.blur.service.blur.BSUtils.sendBroadcast:154 com.motorola.ccc.plm.pollingmanager.PollingManagerService$MyConnectivityReceiver.sendConnectivityIntent:599 
09-01 15:11:58.243  1484  2496 I chatty  : uid=1000(system) Binder:1484_13 expire 10 lines
09-01 15:21:56.675  1484  2515 I chatty  : uid=1000(system) Binder:1484_14 expire 10 lines
09-01 15:23:08.441  1930  1930 W ContextImpl: Calling a method in the system process without a qualified user: android.app.ContextImpl.sendBroadcast:892 android.content.ContextWrapper.sendBroadcast:426 com.motorola.blur.service.blur.BSUtils.sendBroadcast:158 com.motorola.blur.service.blur.BSUtils.sendBroadcast:154 com.motorola.ccc.plm.pollingmanager.PollingManagerService$MyConnectivityReceiver.sendConnectivityIntent:599 
09-01 15:23:09.399  1484  1546 I chatty  : uid=1000(system) batterystats-sy expire 16 lines
09-01 15:26:12.181  1930  1930 W ContextImpl: Calling a method in the system process without a qualified user: android.app.ContextImpl.sendBroadcast:892 android.content.ContextWrapper.sendBroadcast:426 com.motorola.blur.service.blur.BSUtils.sendBroadcast:158 com.motorola.blur.service.blur.BSUtils.sendBroadcast:154 com.motorola.ccc.plm.pollingmanager.PollingManagerService$MyConnectivityReceiver.sendConnectivityIntent:599 
09-01 15:39:14.773  1484  1996 I chatty  : uid=1000(system) Binder:1484_6 expire 10 lines
09-01 15:39:14.834  1930  1930 W ContextImpl: Calling a method in the system process without a qualified user: android.app.ContextImpl.sendBroadcast:892 android.content.ContextWrapper.sendBroadcast:426 com.motorola.blur.service.blur.BSUtils.sendBroadcast:158 com.motorola.blur.service.blur.BSUtils.sendBroadcast:154 com.motorola.ccc.plm.pollingmanager.PollingManagerService$MyConnectivityReceiver.sendConnectivityIntent:599 
09-01 15:39:20.162  1930  1930 W ContextImpl: Calling a method in the system process without a qualified user: android.app.ContextImpl.sendBroadcast:892 android.content.ContextWrapper.sendBroadcast:426 com.motorola.blur.service.blur.BSUtils.sendBroadcast:158 com.motorola.blur.service.blur.BSUtils.sendBroadcast:154 com.motorola.ccc.plm.pollingmanager.PollingManagerService$MyConnectivityReceiver.sendConnectivityIntent:599 
09-01 15:39:24.347  1484  2425 I chatty  : uid=1000(system) Binder:1484_B expire 13 lines
09-01 15:39:25.184  1484  1546 I chatty  : uid=1000(system) batterystats-sy expire 30 lines
09-01 15:39:25.299  1484  1927 I chatty  : uid=1000(system) FLP Service Cal expire 1 line
09-01 15:39:25.318  1484  2494 I chatty  : uid=1000(system) Binder:1484_12 expire 13 lines
09-01 16:14:51.642  2493  4679 W ContextImpl: Calling a method in the system process without a qualified user: android.app.ContextImpl.sendBroadcast:877 android.content.ContextWrapper.sendBroadcast:421 com.motorola.bach.modemstats.MPhoneStateListener.onDataServiceChanged:467 com.motorola.bach.modemstats.MPhoneStateListener.startDataOutOfService:454 com.motorola.bach.modemstats.MPhoneStateListener.onServiceStateChanged:231 
09-01 16:14:52.134  2493  4679 W ContextImpl: Calling a method in the system process without a qualified user: android.app.ContextImpl.sendBroadcast:877 android.content.ContextWrapper.sendBroadcast:421 com.motorola.bach.modemstats.MPhoneStateListener.onDataServiceChanged:467 com.motorola.bach.modemstats.MPhoneStateListener.stopDataOutOfService:458 com.motorola.bach.modemstats.MPhoneStateListener.onServiceStateChanged:235 
09-01 16:16:38.144  1484  1546 I chatty  : uid=1000(system) batterystats-sy expire 19 lines
09-01 16:39:03.062  1484  2516 I chatty  : uid=1000(system) Binder:1484_15 expire 3 lines
09-01 16:39:03.065  1484  2475 I chatty  : uid=1000(system) Binder:1484_F expire 9 lines
09-01 16:39:03.192  1484  1536 I chatty  : uid=1000(system) android.bg expire 10 lines
09-01 16:39:03.503  1930  1930 W ContextImpl: Calling a method in the system process without a qualified user: android.app.ContextImpl.sendBroadcast:892 android.content.ContextWrapper.sendBroadcast:426 com.motorola.blur.service.blur.BSUtils.sendBroadcast:158 com.motorola.blur.service.blur.BSUtils.sendBroadcast:154 com.motorola.ccc.plm.pollingmanager.PollingManagerService$MyConnectivityReceiver.sendConnectivityIntent:599 
09-01 16:39:06.921  1484  1506 I chatty  : uid=1000(system) Binder:1484_2 expire 7 lines
09-01 16:39:14.449  1484  2446 I chatty  : uid=1000(system) Binder:1484_D expire 5 lines
09-01 16:39:22.439  1484  1546 I chatty  : uid=1000(system) batterystats-sy expire 63 lines
09-01 16:43:04.575  1930  1930 W ContextImpl: Calling a method in the system process without a qualified user: android.app.ContextImpl.sendBroadcast:892 android.content.ContextWrapper.sendBroadcast:426 com.motorola.blur.service.blur.BSUtils.sendBroadcast:158 com.motorola.blur.service.blur.BSUtils.sendBroadcast:154 com.motorola.ccc.plm.pollingmanager.PollingManagerService$MyConnectivityReceiver.sendConnectivityIntent:599 
09-01 17:01:58.061  1484  2521 I chatty  : uid=1000(system) Binder:1484_16 expire 3 lines
09-01 18:12:04.317  1484  2492 I chatty  : uid=1000(system) Binder:1484_11 expire 4 lines
09-01 18:14:53.547  2493  4679 W ContextImpl: Calling a method in the system process without a qualified user: android.app.ContextImpl.sendBroadcast:877 android.content.ContextWrapper.sendBroadcast:421 com.motorola.bach.modemstats.MPhoneStateListener.onDataServiceChanged:467 com.motorola.bach.modemstats.MPhoneStateListener.startDataOutOfService:454 com.motorola.bach.modemstats.MPhoneStateListener.onServiceStateChanged:231 
09-01 18:14:53.939  2493  4679 W ContextImpl: Calling a method in the system process without a qualified user: android.app.ContextImpl.sendBroadcast:877 android.content.ContextWrapper.sendBroadcast:421 com.motorola.bach.modemstats.MPhoneStateListener.onDataServiceChanged:467 com.motorola.bach.modemstats.MPhoneStateListener.stopDataOutOfService:458 com.motorola.bach.modemstats.MPhoneStateListener.onServiceStateChanged:235 
09-01 18:17:21.773  1484  1546 I chatty  : uid=1000(system) batterystats-sy expire 17 lines
09-01 18:39:33.675  1930  1930 W ContextImpl: Calling a method in the system process without a qualified user: android.app.ContextImpl.sendBroadcast:892 android.content.ContextWrapper.sendBroadcast:426 com.motorola.blur.service.blur.BSUtils.sendBroadcast:158 com.motorola.blur.service.blur.BSUtils.sendBroadcast:154 com.motorola.ccc.plm.pollingmanager.PollingManagerService$MyConnectivityReceiver.sendConnectivityIntent:599 
09-01 18:39:33.941  1484  2417 I chatty  : uid=1000(system) Binder:1484_8 expire 5 lines
09-01 18:39:35.009  1484  1578 I chatty  : uid=1000(system) android.io expire 4 lines
09-01 18:39:36.099  1484  1546 I chatty  : uid=1000(system) batterystats-sy expire 29 lines
09-01 18:42:12.562  1930  1930 W ContextImpl: Calling a method in the system process without a qualified user: android.app.ContextImpl.sendBroadcast:892 android.content.ContextWrapper.sendBroadcast:426 com.motorola.blur.service.blur.BSUtils.sendBroadcast:158 com.motorola.blur.service.blur.BSUtils.sendBroadcast:154 com.motorola.ccc.plm.pollingmanager.PollingManagerService$MyConnectivityReceiver.sendConnectivityIntent:599 
09-01 18:42:12.571  1484  1540 I chatty  : uid=1000(system) ActivityManager expire 2 lines
09-01 19:11:58.232   741  1088 E NetlinkListener: recvmsg failed (No buffer space available)
09-01 19:11:58.244  1484  1546 I chatty  : uid=1000(system) batterystats-sy expire 49 lines
09-01 19:11:58.283  1484  1991 I chatty  : uid=1000(system) Binder:1484_5 expire 11 lines
09-01 19:51:59.264  1484  1723 I chatty  : uid=1000(system) Binder:1484_3 expire 12 lines
09-01 20:14:54.192  2493  4679 W ContextImpl: Calling a method in the system process without a qualified user: android.app.ContextImpl.sendBroadcast:877 android.content.ContextWrapper.sendBroadcast:421 com.motorola.bach.modemstats.MPhoneStateListener.onDataServiceChanged:467 com.motorola.bach.modemstats.MPhoneStateListener.startDataOutOfService:454 com.motorola.bach.modemstats.MPhoneStateListener.onServiceStateChanged:231 
09-01 20:14:54.656  2493  4679 W ContextImpl: Calling a method in the system process without a qualified user: android.app.ContextImpl.sendBroadcast:877 android.content.ContextWrapper.sendBroadcast:421 com.motorola.bach.modemstats.MPhoneStateListener.onDataServiceChanged:467 com.motorola.bach.modemstats.MPhoneStateListener.stopDataOutOfService:458 com.motorola.bach.modemstats.MPhoneStateListener.onServiceStateChanged:235 
09-01 20:16:13.050  1484  1546 I chatty  : uid=1000(system) batterystats-sy expire 87 lines
09-01 21:22:13.135  1484  1828 I chatty  : uid=1000(system) Binder:1484_4 expire 1 line
09-01 21:22:13.233  1484  2460 I chatty  : uid=1000(system) Binder:1484_E expire 9 lines
09-01 21:22:13.332  1484  1744 I chatty  : uid=1000(system) ConnectivitySer expire 5 lines
09-01 21:41:56.677  1484  2445 I chatty  : uid=1000(system) Binder:1484_C expire 10 lines
09-01 22:14:54.801  2493  4679 W ContextImpl: Calling a method in the system process without a qualified user: android.app.ContextImpl.sendBroadcast:877 android.content.ContextWrapper.sendBroadcast:421 com.motorola.bach.modemstats.MPhoneStateListener.onDataServiceChanged:467 com.motorola.bach.modemstats.MPhoneStateListener.startDataOutOfService:454 com.motorola.bach.modemstats.MPhoneStateListener.onServiceStateChanged:231 
09-01 22:14:55.274  2493  4679 W ContextImpl: Calling a method in the system process without a qualified user: android.app.ContextImpl.sendBroadcast:877 android.content.ContextWrapper.sendBroadcast:421 com.motorola.bach.modemstats.MPhoneStateListener.onDataServiceChanged:467 com.motorola.bach.modemstats.MPhoneStateListener.stopDataOutOfService:458 com.motorola.bach.modemstats.MPhoneStateListener.onServiceStateChanged:235 
09-01 22:16:52.582  1484  1546 I chatty  : uid=1000(system) batterystats-sy expire 13 lines
09-01 22:36:51.764  1930  1930 W ContextImpl: Calling a method in the system process without a qualified user: android.app.ContextImpl.sendBroadcast:892 android.content.ContextWrapper.sendBroadcast:426 com.motorola.blur.service.blur.BSUtils.sendBroadcast:158 com.motorola.blur.service.blur.BSUtils.sendBroadcast:154 com.motorola.ccc.plm.pollingmanager.PollingManagerService$MyConnectivityReceiver.sendConnectivityIntent:599 
09-01 22:36:52.061  1484  1505 I chatty  : uid=1000(system) Binder:1484_1 expire 7 lines
09-01 22:37:09.004  1484  1546 I chatty  : uid=1000(system) batterystats-sy expire 76 lines
09-01 22:40:01.462  1930  1930 W ContextImpl: Calling a method in the system process without a qualified user: android.app.ContextImpl.sendBroadcast:892 android.content.ContextWrapper.sendBroadcast:426 com.motorola.blur.service.blur.BSUtils.sendBroadcast:158 com.motorola.blur.service.blur.BSUtils.sendBroadcast:154 com.motorola.ccc.plm.pollingmanager.PollingManagerService$MyConnectivityReceiver.sendConnectivityIntent:599 
09-01 22:41:57.406  1484  1997 I chatty  : uid=1000(system) Binder:1484_7 expire 2 lines
09-02 00:02:54.545  1484  1603 I chatty  : uid=1000(system) PackageManager expire 1 line
09-02 00:14:55.432  2493  4679 W ContextImpl: Calling a method in the system process without a qualified user: android.app.ContextImpl.sendBroadcast:877 android.content.ContextWrapper.sendBroadcast:421 com.motorola.bach.modemstats.MPhoneStateListener.onDataServiceChanged:467 com.motorola.bach.modemstats.MPhoneStateListener.startDataOutOfService:454 com.motorola.bach.modemstats.MPhoneStateListener.onServiceStateChanged:231 
09-02 00:14:55.887  2493  4679 W ContextImpl: Calling a method in the system process without a qualified user: android.app.ContextImpl.sendBroadcast:877 android.content.ContextWrapper.sendBroadcast:421 com.motorola.bach.modemstats.MPhoneStateListener.onDataServiceChanged:467 com.motorola.bach.modemstats.MPhoneStateListener.stopDataOutOfService:458 com.motorola.bach.modemstats.MPhoneStateListener.onServiceStateChanged:235 
09-02 00:15:47.983  1484  1546 I chatty  : uid=1000(system) batterystats-sy expire 231 lines
09-02 02:14:56.052  2493  4679 W ContextImpl: Calling a method in the system process without a qualified user: android.app.ContextImpl.sendBroadcast:877 android.content.ContextWrapper.sendBroadcast:421 com.motorola.bach.modemstats.MPhoneStateListener.onDataServiceChanged:467 com.motorola.bach.modemstats.MPhoneStateListener.startDataOutOfService:454 com.motorola.bach.modemstats.MPhoneStateListener.onServiceStateChanged:231 
09-02 02:14:56.538  2493  4679 W ContextImpl: Calling a method in the system process without a qualified user: android.app.ContextImpl.sendBroadcast:877 android.content.ContextWrapper.sendBroadcast:421 com.motorola.bach.modemstats.MPhoneStateListener.onDataServiceChanged:467 com.motorola.bach.modemstats.MPhoneStateListener.stopDataOutOfService:458 com.motorola.bach.modemstats.MPhoneStateListener.onServiceStateChanged:235 
09-02 03:11:57.347  1484  1996 I chatty  : uid=1000(system) Binder:1484_6 expire 11 lines
09-02 03:11:57.365  1484  1731 I chatty  : uid=1000(system) CryptdConnector expire 2 lines
09-02 04:14:56.702  2493  4679 W ContextImpl: Calling a method in the system process without a qualified user: android.app.ContextImpl.sendBroadcast:877 android.content.ContextWrapper.sendBroadcast:421 com.motorola.bach.modemstats.MPhoneStateListener.onDataServiceChanged:467 com.motorola.bach.modemstats.MPhoneStateListener.startDataOutOfService:454 com.motorola.bach.modemstats.MPhoneStateListener.onServiceStateChanged:231 
09-02 04:14:57.110  2493  4679 W ContextImpl: Calling a method in the system process without a qualified user: android.app.ContextImpl.sendBroadcast:877 android.content.ContextWrapper.sendBroadcast:421 com.motorola.bach.modemstats.MPhoneStateListener.onDataServiceChanged:467 com.motorola.bach.modemstats.MPhoneStateListener.stopDataOutOfService:458 com.motorola.bach.modemstats.MPhoneStateListener.onServiceStateChanged:235 
09-02 04:15:22.923  1484  1546 I chatty  : uid=1000(system) batterystats-sy expire 14 lines
09-02 04:36:19.543  1484  1536 I chatty  : uid=1000(system) android.bg expire 11 lines
09-02 04:36:19.740  1930  1930 W ContextImpl: Calling a method in the system process without a qualified user: android.app.ContextImpl.sendBroadcast:892 android.content.ContextWrapper.sendBroadcast:426 com.motorola.blur.service.blur.BSUtils.sendBroadcast:158 com.motorola.blur.service.blur.BSUtils.sendBroadcast:154 com.motorola.ccc.plm.pollingmanager.PollingManagerService$MyConnectivityReceiver.sendConnectivityIntent:599 
09-02 04:36:26.859  1484  2420 I chatty  : uid=1000(system) Binder:1484_9 expire 5 lines
09-02 04:36:33.353  1484  2421 I chatty  : uid=1000(system) Binder:1484_A expire 2 lines
09-02 04:36:33.356   438   447 D VoldCryptCmdListener: cryptfs getpwtype
09-02 04:36:48.984  1484  1546 I chatty  : uid=1000(system) batterystats-sy expire 28 lines
09-02 04:36:56.217  1484  2496 I chatty  : uid=1000(system) Binder:1484_13 expire 11 lines
09-02 04:38:18.700  1930  1930 W ContextImpl: Calling a method in the system process without a qualified user: android.app.ContextImpl.sendBroadcast:892 android.content.ContextWrapper.sendBroadcast:426 com.motorola.blur.service.blur.BSUtils.sendBroadcast:158 com.motorola.blur.service.blur.BSUtils.sendBroadcast:154 com.motorola.ccc.plm.pollingmanager.PollingManagerService$MyConnectivityReceiver.sendConnectivityIntent:599 
09-02 05:04:28.452   741  1088 E NetlinkListener: recvmsg failed (No buffer space available)
09-02 05:09:40.225  1484  1546 I chatty  : uid=1000(system) batterystats-sy expire 46 lines
09-02 06:14:57.335  2493  4679 W ContextImpl: Calling a method in the system process without a qualified user: android.app.ContextImpl.sendBroadcast:877 android.content.ContextWrapper.sendBroadcast:421 com.motorola.bach.modemstats.MPhoneStateListener.onDataServiceChanged:467 com.motorola.bach.modemstats.MPhoneStateListener.startDataOutOfService:454 com.motorola.bach.modemstats.MPhoneStateListener.onServiceStateChanged:231 
09-02 06:14:57.732  2493  4679 W ContextImpl: Calling a method in the system process without a qualified user: android.app.ContextImpl.sendBroadcast:877 android.content.ContextWrapper.sendBroadcast:421 com.motorola.bach.modemstats.MPhoneStateListener.onDataServiceChanged:467 com.motorola.bach.modemstats.MPhoneStateListener.stopDataOutOfService:458 com.motorola.bach.modemstats.MPhoneStateListener.onServiceStateChanged:235 
09-02 06:16:12.973  1484  1546 I chatty  : uid=1000(system) batterystats-sy expire 119 lines
09-02 06:43:03.041  1484  1734 I chatty  : uid=1000(system) NetworkPolicy expire 1 line
09-02 07:00:02.791  1484  1484 I chatty  : uid=1000 system_server expire 14 lines
09-02 07:51:57.878  1484  2494 I chatty  : uid=1000(system) Binder:1484_12 expire 2 lines
09-02 08:14:57.940  2493  4679 W ContextImpl: Calling a method in the system process without a qualified user: android.app.ContextImpl.sendBroadcast:877 android.content.ContextWrapper.sendBroadcast:421 com.motorola.bach.modemstats.MPhoneStateListener.onDataServiceChanged:467 com.motorola.bach.modemstats.MPhoneStateListener.startDataOutOfService:454 com.motorola.bach.modemstats.MPhoneStateListener.onServiceStateChanged:231 
09-02 08:14:58.401  2493  4679 W ContextImpl: Calling a method in the system process without a qualified user: android.app.ContextImpl.sendBroadcast:877 android.content.ContextWrapper.sendBroadcast:421 com.motorola.bach.modemstats.MPhoneStateListener.onDataServiceChanged:467 com.motorola.bach.modemstats.MPhoneStateListener.stopDataOutOfService:458 com.motorola.bach.modemstats.MPhoneStateListener.onServiceStateChanged:235 
09-02 08:24:34.413  1484  1546 I chatty  : uid=1000(system) batterystats-sy expire 46 lines
09-02 09:24:39.702  1484  1579 I chatty  : uid=1000(system) android.display expire 7 lines
09-02 09:24:41.714  1484  1727 I chatty  : uid=1000(system) InputReader expire 2 lines
09-02 09:24:41.728  1484  1577 I chatty  : uid=1000(system) android.fg expire 2 lines
09-02 09:24:41.928  1484  1733 I chatty  : uid=1000(system) NetworkStats expire 1 line
09-02 09:24:41.996  1930  1930 W ContextImpl: Calling a method in the system process without a qualified user: android.app.ContextImpl.sendBroadcast:892 android.content.ContextWrapper.sendBroadcast:426 com.motorola.blur.service.blur.BSUtils.sendBroadcast:158 com.motorola.blur.service.blur.BSUtils.sendBroadcast:154 com.motorola.ccc.plm.pollingmanager.PollingManagerService$MyConnectivityReceiver.sendConnectivityIntent:599 
09-02 09:24:42.048  1930  1930 W ContextImpl: Calling a method in the system process without a qualified user: android.app.ContextImpl.sendOrderedBroadcast:1004 android.app.ContextImpl.sendOrderedBroadcast:978 android.content.ContextWrapper.sendOrderedBroadcast:459 com.motorola.blur.service.blur.BSUtils.sendOrderedBroadcast:183 com.motorola.ccc.plm.pollingmanager.PollingManagerService.decideWhoNeedsPolling:686 
09-02 09:24:42.176  1484  2478 I chatty  : uid=1000(system) Binder:1484_10 expire 2 lines
09-02 09:24:42.663   544   544 I chatty  : uid=1000(system) /system/bin/surfaceflinger expire 3 lines
09-02 09:24:42.689  1484  1546 I chatty  : uid=1000(system) batterystats-sy expire 14 lines
09-02 09:24:44.221  4685  6476 E ActivityThread: Failed to find provider info for com.motorola.ccc.cce.datausage
09-02 09:24:45.424  4685 15361 E ActivityThread: Failed to find provider info for com.motorola.ccc.cce.datausage
09-02 09:24:45.773  1484  1583 I chatty  : uid=1000(system) PowerManagerSer expire 2 lines
09-02 09:24:52.870   544   595 I chatty  : uid=1000(system) EventThread expire 3 lines
09-02 09:28:46.366  1484  1484 I chatty  : uid=1000 system_server expire 16 lines
09-02 09:28:47.850   544   544 I chatty  : uid=1000(system) /system/bin/surfaceflinger expire 6 lines
09-02 09:28:51.031  1930  1930 W ContextImpl: Calling a method in the system process without a qualified user: android.app.ContextImpl.sendBroadcast:892 android.content.ContextWrapper.sendBroadcast:426 com.motorola.blur.service.blur.BSUtils.sendBroadcast:158 com.motorola.blur.service.blur.BSUtils.sendBroadcast:154 com.motorola.ccc.plm.pollingmanager.PollingManagerService$MyConnectivityReceiver.sendConnectivityIntent:599 
09-02 09:33:53.506  1930  1930 W ContextImpl: Calling a method in the system process without a qualified user: android.app.ContextImpl.sendBroadcast:892 android.content.ContextWrapper.sendBroadcast:426 com.motorola.blur.service.blur.BSUtils.sendBroadcast:158 com.motorola.blur.service.blur.BSUtils.sendBroadcast:154 com.motorola.ccc.plm.pollingmanager.PollingManagerService$MyConnectivityReceiver.sendConnectivityIntent:599 
09-02 09:33:55.647  1484  1997 I chatty  : uid=1000(system) Binder:1484_7 expire 9 lines
09-02 09:33:56.140  1484  2516 I chatty  : uid=1000(system) Binder:1484_15 expire 12 lines
09-02 09:33:56.171  1484  1991 I chatty  : uid=1000(system) Binder:1484_5 expire 4 lines
09-02 09:33:56.178  1484  1546 I chatty  : uid=1000(system) batterystats-sy expire 26 lines
09-02 09:33:58.831  1930  1930 W ContextImpl: Calling a method in the system process without a qualified user: android.app.ContextImpl.sendBroadcast:892 android.content.ContextWrapper.sendBroadcast:426 com.motorola.blur.service.blur.BSUtils.sendBroadcast:158 com.motorola.blur.service.blur.BSUtils.sendBroadcast:154 com.motorola.ccc.plm.pollingmanager.PollingManagerService$MyConnectivityReceiver.sendConnectivityIntent:599 
09-02 09:43:11.572  1484  2417 I chatty  : uid=1000(system) Binder:1484_8 expire 9 lines
09-02 09:43:12.385  1484  1506 I chatty  : uid=1000(system) Binder:1484_2 expire 7 lines
09-02 09:43:21.544  1484  1927 I chatty  : uid=1000(system) FLP Service Cal expire 3 lines
09-02 09:44:47.457  1484  2494 I chatty  : uid=1000(system) Binder:1484_12 expire 6 lines
09-02 09:44:47.561  1930  1930 W ContextImpl: Calling a method in the system process without a qualified user: android.app.ContextImpl.sendBroadcast:892 android.content.ContextWrapper.sendBroadcast:426 com.motorola.blur.service.blur.BSUtils.sendBroadcast:158 com.motorola.blur.service.blur.BSUtils.sendBroadcast:154 com.motorola.ccc.plm.pollingmanager.PollingManagerService$MyConnectivityReceiver.sendConnectivityIntent:599 
09-02 09:46:00.179  1930  1930 W ContextImpl: Calling a method in the system process without a qualified user: android.app.ContextImpl.sendBroadcast:892 android.content.ContextWrapper.sendBroadcast:426 com.motorola.blur.service.blur.BSUtils.sendBroadcast:158 com.motorola.blur.service.blur.BSUtils.sendBroadcast:154 com.motorola.ccc.plm.pollingmanager.PollingManagerService$MyConnectivityReceiver.sendConnectivityIntent:599 
09-02 10:02:47.168  1930  1930 W ContextImpl: Calling a method in the system process without a qualified user: android.app.ContextImpl.sendBroadcast:892 android.content.ContextWrapper.sendBroadcast:426 com.motorola.blur.service.blur.BSUtils.sendBroadcast:158 com.motorola.blur.service.blur.BSUtils.sendBroadcast:154 com.motorola.ccc.plm.pollingmanager.PollingManagerService$MyConnectivityReceiver.sendConnectivityIntent:599 
09-02 10:02:47.342  1484  1546 I chatty  : uid=1000(system) batterystats-sy expire 27 lines
09-02 10:02:47.722  1484  1828 I chatty  : uid=1000(system) Binder:1484_4 expire 11 lines
09-02 10:02:52.507  1930  1930 W ContextImpl: Calling a method in the system process without a qualified user: android.app.ContextImpl.sendBroadcast:892 android.content.ContextWrapper.sendBroadcast:426 com.motorola.blur.service.blur.BSUtils.sendBroadcast:158 com.motorola.blur.service.blur.BSUtils.sendBroadcast:154 com.motorola.ccc.plm.pollingmanager.PollingManagerService$MyConnectivityReceiver.sendConnectivityIntent:599 
09-02 10:11:44.094  1484  2521 I chatty  : uid=1000(system) Binder:1484_16 expire 12 lines
09-02 10:11:44.191  1484  2475 I chatty  : uid=1000(system) Binder:1484_F expire 5 lines
09-02 10:11:44.224  1484  1996 I chatty  : uid=1000(system) Binder:1484_6 expire 7 lines
09-02 10:11:44.225  1484  1723 I chatty  : uid=1000(system) Binder:1484_3 expire 5 lines
09-02 10:11:51.311  1484  2515 I chatty  : uid=1000(system) Binder:1484_14 expire 13 lines
09-02 10:12:44.839  1484  2478 I chatty  : uid=1000(system) Binder:1484_10 expire 12 lines
09-02 10:14:58.588  2493  4679 W ContextImpl: Calling a method in the system process without a qualified user: android.app.ContextImpl.sendBroadcast:877 android.content.ContextWrapper.sendBroadcast:421 com.motorola.bach.modemstats.MPhoneStateListener.onDataServiceChanged:467 com.motorola.bach.modemstats.MPhoneStateListener.startDataOutOfService:454 com.motorola.bach.modemstats.MPhoneStateListener.onServiceStateChanged:231 
09-02 10:14:59.033  2493  4679 W ContextImpl: Calling a method in the system process without a qualified user: android.app.ContextImpl.sendBroadcast:877 android.content.ContextWrapper.sendBroadcast:421 com.motorola.bach.modemstats.MPhoneStateListener.onDataServiceChanged:467 com.motorola.bach.modemstats.MPhoneStateListener.stopDataOutOfService:458 com.motorola.bach.modemstats.MPhoneStateListener.onServiceStateChanged:235 
09-02 10:15:04.074  1484  1546 I chatty  : uid=1000(system) batterystats-sy expire 12 lines
09-02 10:15:04.167  1484  1536 I chatty  : uid=1000(system) android.bg expire 7 lines
09-02 10:19:54.257  1484  1719 I chatty  : uid=1000(system) UEventObserver expire 11 lines
09-02 10:25:02.508  1930  1930 W ContextImpl: Calling a method in the system process without a qualified user: android.app.ContextImpl.sendBroadcast:892 android.content.ContextWrapper.sendBroadcast:426 com.motorola.blur.service.blur.BSUtils.sendBroadcast:158 com.motorola.blur.service.blur.BSUtils.sendBroadcast:154 com.motorola.ccc.plm.pollingmanager.PollingManagerService$MyConnectivityReceiver.sendConnectivityIntent:599 
09-02 10:25:02.581  1484  1546 I chatty  : uid=1000(system) batterystats-sy expire 34 lines
09-02 10:25:02.599  1484  1540 I chatty  : uid=1000(system) ActivityManager expire 4 lines
09-02 10:25:03.273  1484  2460 I chatty  : uid=1000(system) Binder:1484_E expire 8 lines
09-02 10:25:06.286  1484  1505 I chatty  : uid=1000(system) Binder:1484_1 expire 2 lines
09-02 10:25:07.882  1930  1930 W ContextImpl: Calling a method in the system process without a qualified user: android.app.ContextImpl.sendBroadcast:892 android.content.ContextWrapper.sendBroadcast:426 com.motorola.blur.service.blur.BSUtils.sendBroadcast:158 com.motorola.blur.service.blur.BSUtils.sendBroadcast:154 com.motorola.ccc.plm.pollingmanager.PollingManagerService$MyConnectivityReceiver.sendConnectivityIntent:599 
09-02 10:25:13.422  1484  2496 I chatty  : uid=1000(system) Binder:1484_13 expire 9 lines
09-02 10:25:13.501  1484  2420 I chatty  : uid=1000(system) Binder:1484_9 expire 5 lines
09-02 10:29:03.063   741  1088 E NetlinkListener: recvmsg failed (No buffer space available)
09-02 11:09:40.145  1484  1579 I chatty  : uid=1000(system) android.display expire 3 lines
09-02 11:09:44.162   544   595 I chatty  : uid=1000(system) EventThread expire 4 lines
09-02 11:09:44.277  1484  2492 I chatty  : uid=1000(system) Binder:1484_11 expire 14 lines
09-02 11:09:46.267  1484  1546 I chatty  : uid=1000(system) batterystats-sy expire 16 lines
09-02 11:09:46.353  1484  1583 I chatty  : uid=1000(system) PowerManagerSer expire 2 lines
09-02 11:09:46.411  1484  1744 I chatty  : uid=1000(system) ConnectivitySer expire 6 lines
09-02 11:09:46.452  1484  2446 I chatty  : uid=1000(system) Binder:1484_D expire 4 lines
09-02 11:09:46.481  1930  1930 W ContextImpl: Calling a method in the system process without a qualified user: android.app.ContextImpl.sendBroadcast:892 android.content.ContextWrapper.sendBroadcast:426 com.motorola.blur.service.blur.BSUtils.sendBroadcast:158 com.motorola.blur.service.blur.BSUtils.sendBroadcast:154 com.motorola.ccc.plm.pollingmanager.PollingManagerService$MyConnectivityReceiver.sendConnectivityIntent:599 
09-02 11:09:46.618  1484  1719 I chatty  : uid=1000(system) UEventObserver expire 17 lines
09-02 11:09:46.677  1484  1577 I chatty  : uid=1000(system) android.fg expire 1 line
09-02 11:09:46.685  1484  2425 I chatty  : uid=1000(system) Binder:1484_B expire 15 lines
09-02 11:09:46.828  1484  2421 I chatty  : uid=1000(system) Binder:1484_A expire 15 lines
09-02 11:09:48.236  1484  1484 I chatty  : uid=1000 system_server expire 11 lines
09-02 11:09:48.242  1484  2339 I chatty  : uid=1000(system) backup expire 128 lines
09-02 11:09:48.354  1484  2445 I chatty  : uid=1000(system) Binder:1484_C expire 10 lines
09-02 11:09:48.501 15944 16193 E ActivityThread: Failed to find provider info for com.google.android.googlequicksearchbox.GsaPublicContentProvider
09-02 11:09:48.724 15944 16202 E ActivityThread: Failed to find provider info for com.google.android.googlequicksearchbox.GsaPublicContentProvider
09-02 11:09:52.977  1808  1808 V KeyguardDisplayManager: hide
09-02 11:09:55.992  1484  1578 I chatty  : uid=1000(system) android.io expire 4 lines
09-02 11:09:57.872 16774 16786 E ActivityThread: Failed to find provider info for com.motorola.android.providers.userpreferredsim
09-02 11:09:57.873 16774 16786 E ActivityThread: Failed to find provider info for com.motorola.android.providers.userpreferredsim
--------- beginning of crash
09-02 11:09:58.254 16787 16787 E AndroidRuntime: FATAL EXCEPTION: main
09-02 11:09:58.254 16787 16787 E AndroidRuntime: Process: com.google.android.googlequicksearchbox, PID: 16787
09-02 11:09:58.254 16787 16787 E AndroidRuntime: java.lang.RuntimeException: Unable to create application com.google.android.apps.gsa.velvet.VelvetApplication: java.lang.NullPointerException: ApplicationProcess.sProcessName has not been initialized
09-02 11:09:58.254 16787 16787 E AndroidRuntime: 	at android.app.ActivityThread.handleBindApplication(ActivityThread.java:5405)
09-02 11:09:58.254 16787 16787 E AndroidRuntime: 	at android.app.ActivityThread.-wrap2(ActivityThread.java)
09-02 11:09:58.254 16787 16787 E AndroidRuntime: 	at android.app.ActivityThread$H.handleMessage(ActivityThread.java:1541)
09-02 11:09:58.254 16787 16787 E AndroidRuntime: 	at android.os.Handler.dispatchMessage(Handler.java:102)
09-02 11:09:58.254 16787 16787 E AndroidRuntime: 	at android.os.Looper.loop(Looper.java:154)
09-02 11:09:58.254 16787 16787 E AndroidRuntime: 	at android.app.ActivityThread.main(ActivityThread.java:6123)
09-02 11:09:58.254 16787 16787 E AndroidRuntime: 	at java.lang.reflect.Method.invoke(Native Method)
09-02 11:09:58.254 16787 16787 E AndroidRuntime: 	at com.android.internal.os.ZygoteInit$MethodAndArgsCaller.run(ZygoteInit.java:867)
09-02 11:09:58.254 16787 16787 E AndroidRuntime: 	at com.android.internal.os.ZygoteInit.main(ZygoteInit.java:757)
09-02 11:09:58.254 16787 16787 E AndroidRuntime: Caused by: java.lang.NullPointerException: ApplicationProcess.sProcessName has not been initialized
09-02 11:09:58.254 16787 16787 E AndroidRuntime: 	at com.google.common.base.az.z(SourceFile:787)
09-02 11:09:58.254 16787 16787 E AndroidRuntime: 	at com.google.android.apps.gsa.shared.util.i.a.ans(SourceFile:27)
09-02 11:09:58.254 16787 16787 E AndroidRuntime: 	at com.google.android.apps.gsa.velvet.jh.get(SourceFile:148)
09-02 11:09:58.254 16787 16787 E AndroidRuntime: 	at com.google.common.base.cg.get(SourceFile:160)
09-02 11:09:58.254 16787 16787 E AndroidRuntime: 	at com.google.android.apps.gsa.velvet.ji.get(SourceFile:1161)
09-02 11:09:58.254 16787 16787 E AndroidRuntime: 	at com.google.common.base.cg.get(SourceFile:160)
09-02 11:09:58.254 16787 16787 E AndroidRuntime: 	at com.google.android.apps.gsa.velvet.VelvetApplication.onCreate(SourceFile:231)
09-02 11:09:58.254 16787 16787 E AndroidRuntime: 	at android.app.Instrumentation.callApplicationOnCreate(Instrumentation.java:1046)
09-02 11:09:58.254 16787 16787 E AndroidRuntime: 	at android.app.ActivityThread.handleBindApplication(ActivityThread.java:5402)
09-02 11:09:58.254 16787 16787 E AndroidRuntime: 	... 8 more
09-02 11:09:58.926   544   544 I chatty  : uid=1000(system) /system/bin/surfaceflinger expire 7 lines
09-02 11:10:03.073  1484  2460 I chatty  : uid=1000(system) Binder:1484_E expire 13 lines
09-02 11:10:05.465  1484  1828 I chatty  : uid=1000(system) Binder:1484_4 expire 11 lines
09-02 11:10:06.400  1484  1723 I chatty  : uid=1000(system) Binder:1484_3 expire 9 lines
09-02 11:10:07.924  1484  2494 I chatty  : uid=1000(system) Binder:1484_12 expire 8 lines
09-02 11:10:09.985  1484  2492 I chatty  : uid=1000(system) Binder:1484_11 expire 8 lines
09-02 11:10:10.121 17161 17161 D ActivityThread: Loading provider com.google.android.gm.sapi: com.google.android.gm.sapi.SapiUiProvider
09-02 11:10:10.297  1484  2339 I chatty  : uid=1000(system) backup expire 63 lines
09-02 11:10:11.731  1484  2475 I chatty  : uid=1000(system) Binder:1484_F expire 7 lines
09-02 11:10:11.782  1484  1506 I chatty  : uid=1000(system) Binder:1484_2 expire 12 lines
09-02 11:10:11.991  1484  1579 I chatty  : uid=1000(system) android.display expire 3 lines
09-02 11:10:12.902  1484  2417 I chatty  : uid=1000(system) Binder:1484_8 expire 8 lines
09-02 11:10:12.930  1484  1505 I chatty  : uid=1000(system) Binder:1484_1 expire 12 lines
09-02 11:10:13.801  1484  2421 I chatty  : uid=1000(system) Binder:1484_A expire 7 lines
09-02 11:10:15.247  1484  2496 I chatty  : uid=1000(system) Binder:1484_13 expire 5 lines
09-02 11:10:15.248  1484  2516 I chatty  : uid=1000(system) Binder:1484_15 expire 10 lines
09-02 11:10:19.817  1484  2478 I chatty  : uid=1000(system) Binder:1484_10 expire 8 lines
09-02 11:10:21.221  1484  1997 I chatty  : uid=1000(system) Binder:1484_7 expire 5 lines
09-02 11:10:23.573  1484  2521 I chatty  : uid=1000(system) Binder:1484_16 expire 3 lines
09-02 11:10:46.392  1484  1540 I chatty  : uid=1000(system) ActivityManager expire 10 lines
